Archive member included to satisfy reference by file (symbol)

d:/vs_code_stm32/9 2019-q4-major/bin/../lib/gcc/arm-none-eabi/9.2.1/../../../../arm-none-eabi/lib/thumb/v7e-m+fp/hard\libc_nano.a(lib_a-exit.o)
                              d:/vs_code_stm32/9 2019-q4-major/bin/../lib/gcc/arm-none-eabi/9.2.1/../../../../arm-none-eabi/lib/thumb/v7e-m+fp/hard/crt0.o (exit)
d:/vs_code_stm32/9 2019-q4-major/bin/../lib/gcc/arm-none-eabi/9.2.1/../../../../arm-none-eabi/lib/thumb/v7e-m+fp/hard\libc_nano.a(lib_a-impure.o)
                              d:/vs_code_stm32/9 2019-q4-major/bin/../lib/gcc/arm-none-eabi/9.2.1/../../../../arm-none-eabi/lib/thumb/v7e-m+fp/hard\libc_nano.a(lib_a-exit.o) (_global_impure_ptr)
d:/vs_code_stm32/9 2019-q4-major/bin/../lib/gcc/arm-none-eabi/9.2.1/../../../../arm-none-eabi/lib/thumb/v7e-m+fp/hard\libc_nano.a(lib_a-init.o)
                              d:/vs_code_stm32/9 2019-q4-major/bin/../lib/gcc/arm-none-eabi/9.2.1/../../../../arm-none-eabi/lib/thumb/v7e-m+fp/hard/crt0.o (__libc_init_array)
d:/vs_code_stm32/9 2019-q4-major/bin/../lib/gcc/arm-none-eabi/9.2.1/../../../../arm-none-eabi/lib/thumb/v7e-m+fp/hard\libc_nano.a(lib_a-memset.o)
                              d:/vs_code_stm32/9 2019-q4-major/bin/../lib/gcc/arm-none-eabi/9.2.1/../../../../arm-none-eabi/lib/thumb/v7e-m+fp/hard/crt0.o (memset)
d:/vs_code_stm32/9 2019-q4-major/bin/../lib/gcc/arm-none-eabi/9.2.1/../../../../arm-none-eabi/lib/thumb/v7e-m+fp/hard\libc_nano.a(lib_a-nano-vfprintf_float.o)
                              (_printf_float)
d:/vs_code_stm32/9 2019-q4-major/bin/../lib/gcc/arm-none-eabi/9.2.1/../../../../arm-none-eabi/lib/thumb/v7e-m+fp/hard\libc_nano.a(lib_a-nano-vfprintf_i.o)
                              d:/vs_code_stm32/9 2019-q4-major/bin/../lib/gcc/arm-none-eabi/9.2.1/../../../../arm-none-eabi/lib/thumb/v7e-m+fp/hard\libc_nano.a(lib_a-nano-vfprintf_float.o) (_printf_common)
d:/vs_code_stm32/9 2019-q4-major/bin/../lib/gcc/arm-none-eabi/9.2.1/../../../../arm-none-eabi/lib/thumb/v7e-m+fp/hard\libc_nano.a(lib_a-puts.o)
                              build/main.o (puts)
d:/vs_code_stm32/9 2019-q4-major/bin/../lib/gcc/arm-none-eabi/9.2.1/../../../../arm-none-eabi/lib/thumb/v7e-m+fp/hard\libc_nano.a(lib_a-strlen.o)
                              d:/vs_code_stm32/9 2019-q4-major/bin/../lib/gcc/arm-none-eabi/9.2.1/../../../../arm-none-eabi/lib/thumb/v7e-m+fp/hard\libc_nano.a(lib_a-nano-vfprintf_float.o) (strlen)
d:/vs_code_stm32/9 2019-q4-major/bin/../lib/gcc/arm-none-eabi/9.2.1/../../../../arm-none-eabi/lib/thumb/v7e-m+fp/hard\libc_nano.a(lib_a-wbuf.o)
                              d:/vs_code_stm32/9 2019-q4-major/bin/../lib/gcc/arm-none-eabi/9.2.1/../../../../arm-none-eabi/lib/thumb/v7e-m+fp/hard\libc_nano.a(lib_a-puts.o) (__swbuf_r)
d:/vs_code_stm32/9 2019-q4-major/bin/../lib/gcc/arm-none-eabi/9.2.1/../../../../arm-none-eabi/lib/thumb/v7e-m+fp/hard\libc_nano.a(lib_a-wsetup.o)
                              d:/vs_code_stm32/9 2019-q4-major/bin/../lib/gcc/arm-none-eabi/9.2.1/../../../../arm-none-eabi/lib/thumb/v7e-m+fp/hard\libc_nano.a(lib_a-puts.o) (__swsetup_r)
d:/vs_code_stm32/9 2019-q4-major/bin/../lib/gcc/arm-none-eabi/9.2.1/../../../../arm-none-eabi/lib/thumb/v7e-m+fp/hard\libc_nano.a(lib_a-dtoa.o)
                              d:/vs_code_stm32/9 2019-q4-major/bin/../lib/gcc/arm-none-eabi/9.2.1/../../../../arm-none-eabi/lib/thumb/v7e-m+fp/hard\libc_nano.a(lib_a-nano-vfprintf_float.o) (_dtoa_r)
d:/vs_code_stm32/9 2019-q4-major/bin/../lib/gcc/arm-none-eabi/9.2.1/../../../../arm-none-eabi/lib/thumb/v7e-m+fp/hard\libc_nano.a(lib_a-fflush.o)
                              d:/vs_code_stm32/9 2019-q4-major/bin/../lib/gcc/arm-none-eabi/9.2.1/../../../../arm-none-eabi/lib/thumb/v7e-m+fp/hard\libc_nano.a(lib_a-wbuf.o) (_fflush_r)
d:/vs_code_stm32/9 2019-q4-major/bin/../lib/gcc/arm-none-eabi/9.2.1/../../../../arm-none-eabi/lib/thumb/v7e-m+fp/hard\libc_nano.a(lib_a-findfp.o)
                              d:/vs_code_stm32/9 2019-q4-major/bin/../lib/gcc/arm-none-eabi/9.2.1/../../../../arm-none-eabi/lib/thumb/v7e-m+fp/hard\libc_nano.a(lib_a-puts.o) (__sinit)
d:/vs_code_stm32/9 2019-q4-major/bin/../lib/gcc/arm-none-eabi/9.2.1/../../../../arm-none-eabi/lib/thumb/v7e-m+fp/hard\libc_nano.a(lib_a-fwalk.o)
                              d:/vs_code_stm32/9 2019-q4-major/bin/../lib/gcc/arm-none-eabi/9.2.1/../../../../arm-none-eabi/lib/thumb/v7e-m+fp/hard\libc_nano.a(lib_a-findfp.o) (_fwalk)
d:/vs_code_stm32/9 2019-q4-major/bin/../lib/gcc/arm-none-eabi/9.2.1/../../../../arm-none-eabi/lib/thumb/v7e-m+fp/hard\libc_nano.a(lib_a-localeconv.o)
                              d:/vs_code_stm32/9 2019-q4-major/bin/../lib/gcc/arm-none-eabi/9.2.1/../../../../arm-none-eabi/lib/thumb/v7e-m+fp/hard\libc_nano.a(lib_a-nano-vfprintf_float.o) (_localeconv_r)
d:/vs_code_stm32/9 2019-q4-major/bin/../lib/gcc/arm-none-eabi/9.2.1/../../../../arm-none-eabi/lib/thumb/v7e-m+fp/hard\libc_nano.a(lib_a-lock.o)
[...]
Memory Configuration

Name             Origin             Length             Attributes
RAM              0x20000000         0x00010000         xrw
FLASH            0x08000000         0x00040000         xr
*default*        0x00000000         0xffffffff

Linker script and memory map

LOAD d:/vs_code_stm32/9 2019-q4-major/bin/../lib/gcc/arm-none-eabi/9.2.1/thumb/v7e-m+fp/hard/crti.o
LOAD d:/vs_code_stm32/9 2019-q4-major/bin/../lib/gcc/arm-none-eabi/9.2.1/thumb/v7e-m+fp/hard/crtbegin.o
LOAD d:/vs_code_stm32/9 2019-q4-major/bin/../lib/gcc/arm-none-eabi/9.2.1/../../../../arm-none-eabi/lib/thumb/v7e-m+fp/hard/crt0.o
LOAD build/main.o
LOAD build/gpio.o
LOAD build/spi.o
LOAD build/usart.o
LOAD build/stm32f4xx_it.o
LOAD build/stm32f4xx_hal_msp.o
LOAD build/stm32f4xx_hal_spi.o
LOAD build/stm32f4xx_hal_rcc.o
LOAD build/stm32f4xx_hal_rcc_ex.o
LOAD build/stm32f4xx_hal_flash.o
LOAD build/stm32f4xx_hal_flash_ex.o
LOAD build/stm32f4xx_hal_flash_ramfunc.o
LOAD build/stm32f4xx_hal_gpio.o
LOAD build/stm32f4xx_hal_dma_ex.o
LOAD build/stm32f4xx_hal_dma.o
LOAD build/stm32f4xx_hal_pwr.o
LOAD build/stm32f4xx_hal_pwr_ex.o
LOAD build/stm32f4xx_hal_cortex.o
LOAD build/stm32f4xx_hal.o
LOAD build/stm32f4xx_hal_exti.o
LOAD build/stm32f4xx_hal_tim.o
LOAD build/stm32f4xx_hal_tim_ex.o
LOAD build/stm32f4xx_hal_uart.o
LOAD build/system_stm32f4xx.o
LOAD build/NRF24L01.o
LOAD build/startup_stm32f401xc.o
LOAD d:/vs_code_stm32/9 2019-q4-major/bin/../lib/gcc/arm-none-eabi/9.2.1/../../../../arm-none-eabi/lib/thumb/v7e-m+fp/hard\libc_nano.a
LOAD d:/vs_code_stm32/9 2019-q4-major/bin/../lib/gcc/arm-none-eabi/9.2.1/../../../../arm-none-eabi/lib/thumb/v7e-m+fp/hard\libm.a
LOAD d:/vs_code_stm32/9 2019-q4-major/bin/../lib/gcc/arm-none-eabi/9.2.1/../../../../arm-none-eabi/lib/thumb/v7e-m+fp/hard\libnosys.a
START GROUP
LOAD d:/vs_code_stm32/9 2019-q4-major/bin/../lib/gcc/arm-none-eabi/9.2.1/thumb/v7e-m+fp/hard\libgcc.a
LOAD d:/vs_code_stm32/9 2019-q4-major/bin/../lib/gcc/arm-none-eabi/9.2.1/../../../../arm-none-eabi/lib/thumb/v7e-m+fp/hard\libc_nano.a
END GROUP
START GROUP
LOAD d:/vs_code_stm32/9 2019-q4-major/bin/../lib/gcc/arm-none-eabi/9.2.1/thumb/v7e-m+fp/hard\libgcc.a
LOAD d:/vs_code_stm32/9 2019-q4-major/bin/../lib/gcc/arm-none-eabi/9.2.1/../../../../arm-none-eabi/lib/thumb/v7e-m+fp/hard\libc_nano.a
END GROUP
LOAD d:/vs_code_stm32/9 2019-q4-major/bin/../lib/gcc/arm-none-eabi/9.2.1/thumb/v7e-m+fp/hard/crtend.o
LOAD d:/vs_code_stm32/9 2019-q4-major/bin/../lib/gcc/arm-none-eabi/9.2.1/thumb/v7e-m+fp/hard/crtn.o
                0x20010000                _estack = 0x20010000
                0x00000200                _Min_Heap_Size = 0x200
                0x00000400                _Min_Stack_Size = 0x400

.isr_vector     0x08000000      0x194
                0x08000000                . = ALIGN (0x4)
 *(.isr_vector)
 .isr_vector    0x08000000      0x194 build/startup_stm32f401xc.o
                0x08000000                g_pfnVectors
                0x08000194                . = ALIGN (0x4)

.text           0x08000198     0x4630
                0x08000198                . = ALIGN (0x4)
 *(.text)
 .text          0x08000198       0x40 d:/vs_code_stm32/9 2019-q4-major/bin/../lib/gcc/arm-none-eabi/9.2.1/thumb/v7e-m+fp/hard/crtbegin.o
 .text          0x080001d8       0x10 d:/vs_code_stm32/9 2019-q4-major/bin/../lib/gcc/arm-none-eabi/9.2.1/../../../../arm-none-eabi/lib/thumb/v7e-m+fp/hard\libc_nano.a(lib_a-strlen.o)
                0x080001d8                strlen
 .text          0x080001e8      0x378 d:/vs_code_stm32/9 2019-q4-major/bin/../lib/gcc/arm-none-eabi/9.2.1/thumb/v7e-m+fp/hard\libgcc.a(_arm_addsubdf3.o)
                0x080001e8                __aeabi_drsub
                0x080001f0                __aeabi_dsub
                0x080001f0                __subdf3
                0x080001f4                __aeabi_dadd
                0x080001f4                __adddf3
                0x0800046c                __floatunsidf
                0x0800046c                __aeabi_ui2d
                0x0800048c                __floatsidf
                0x0800048c                __aeabi_i2d
                0x080004b0                __aeabi_f2d
                0x080004b0                __extendsfdf2
                0x080004f4                __floatundidf
                0x080004f4                __aeabi_ul2d
                0x08000504                __floatdidf
                0x08000504                __aeabi_l2d
 .text          0x08000560      0x424 d:/vs_code_stm32/9 2019-q4-major/bin/../lib/gcc/arm-none-eabi/9.2.1/thumb/v7e-m+fp/hard\libgcc.a(_arm_muldivdf3.o)
                0x08000560                __aeabi_dmul
                0x08000560                __muldf3
                0x080007b4                __divdf3
                0x080007b4                __aeabi_ddiv
 .text          0x08000984      0x110 d:/vs_code_stm32/9 2019-q4-major/bin/../lib/gcc/arm-none-eabi/9.2.1/thumb/v7e-m+fp/hard\libgcc.a(_arm_cmpdf2.o)
                0x08000984                __gtdf2
                0x08000984                __gedf2
                0x0800098c                __ltdf2
                0x0800098c                __ledf2
                0x08000994                __nedf2
                0x08000994                __eqdf2
                0x08000994                __cmpdf2
                0x08000a10                __aeabi_cdrcmple
                0x08000a20                __aeabi_cdcmpeq
                0x08000a20                __aeabi_cdcmple
                0x08000a30                __aeabi_dcmpeq
                0x08000a44                __aeabi_dcmplt
                0x08000a58                __aeabi_dcmple
                0x08000a6c                __aeabi_dcmpge
                0x08000a80                __aeabi_dcmpgt
 .text          0x08000a94       0x2c d:/vs_code_stm32/9 2019-q4-major/bin/../lib/gcc/arm-none-eabi/9.2.1/thumb/v7e-m+fp/hard\libgcc.a(_arm_unorddf2.o)
                0x08000a94                __unorddf2
                0x08000a94                __aeabi_dcmpun
 .text          0x08000ac0       0x50 d:/vs_code_stm32/9 2019-q4-major/bin/../lib/gcc/arm-none-eabi/9.2.1/thumb/v7e-m+fp/hard\libgcc.a(_arm_fixdfsi.o)
                0x08000ac0                __aeabi_d2iz
                0x08000ac0                __fixdfsi
 .text          0x08000b10       0x30 d:/vs_code_stm32/9 2019-q4-major/bin/../lib/gcc/arm-none-eabi/9.2.1/thumb/v7e-m+fp/hard\libgcc.a(_aeabi_uldivmod.o)
                0x08000b10                __aeabi_uldivmod
 .text          0x08000b40      0x2c4 d:/vs_code_stm32/9 2019-q4-major/bin/../lib/gcc/arm-none-eabi/9.2.1/thumb/v7e-m+fp/hard\libgcc.a(_udivmoddi4.o)
                0x08000b40                __udivmoddi4
 .text          0x08000e04        0x4 d:/vs_code_stm32/9 2019-q4-major/bin/../lib/gcc/arm-none-eabi/9.2.1/thumb/v7e-m+fp/hard\libgcc.a(_dvmd_tls.o)
                0x08000e04                __aeabi_idiv0
                0x08000e04                __aeabi_ldiv0
 *(.text*)
 .text.Error_Handler
                0x08000e08        0x4 build/main.o
                0x08000e08                Error_Handler
 .text.SystemClock_Config
                0x08000e0c       0xa8 build/main.o
                0x08000e0c                SystemClock_Config
 .text.main     0x08000eb4       0x64 build/main.o
                0x08000eb4                main
 .text.MX_GPIO_Init
                0x08000f18       0x94 build/gpio.o
                0x08000f18                MX_GPIO_Init
 .text.MX_SPI2_Init
                0x08000fac       0x44 build/spi.o
                0x08000fac                MX_SPI2_Init
 .text.HAL_SPI_MspInit
                0x08000ff0       0x74 build/spi.o
                0x08000ff0                HAL_SPI_MspInit
 .text.MX_USART1_UART_Init
                0x08001064       0x34 build/usart.o
                0x08001064                MX_USART1_UART_Init
 .text.HAL_UART_MspInit
                0x08001098       0x74 build/usart.o
                0x08001098                HAL_UART_MspInit
 .text.__io_putchar
                0x0800110c       0x18 build/usart.o
                0x0800110c                __io_putchar
 .text._write   0x08001124       0x1c build/usart.o
                0x08001124                _write
 .text.NMI_Handler
                0x08001140        0x2 build/stm32f4xx_it.o
                0x08001140                NMI_Handler
 .text.HardFault_Handler
                0x08001142        0x2 build/stm32f4xx_it.o
                0x08001142                HardFault_Handler
 .text.MemManage_Handler
                0x08001144        0x2 build/stm32f4xx_it.o
                0x08001144                MemManage_Handler
 .text.BusFault_Handler
                0x08001146        0x2 build/stm32f4xx_it.o
                0x08001146                BusFault_Handler
 .text.UsageFault_Handler
                0x08001148        0x2 build/stm32f4xx_it.o
                0x08001148                UsageFault_Handler
 .text.SVC_Handler
                0x0800114a        0x2 build/stm32f4xx_it.o
                0x0800114a                SVC_Handler
 .text.DebugMon_Handler
                0x0800114c        0x2 build/stm32f4xx_it.o
                0x0800114c                DebugMon_Handler
 .text.PendSV_Handler
                0x0800114e        0x2 build/stm32f4xx_it.o
                0x0800114e                PendSV_Handler
 .text.SysTick_Handler
                0x08001150        0x8 build/stm32f4xx_it.o
                0x08001150                SysTick_Handler
 .text.HAL_MspInit
                0x08001158       0x38 build/stm32f4xx_hal_msp.o
                0x08001158                HAL_MspInit
 .text.SPI_WaitFlagStateUntilTimeout
                0x08001190       0xd0 build/stm32f4xx_hal_spi.o
 .text.SPI_EndRxTxTransaction
                0x08001260       0x68 build/stm32f4xx_hal_spi.o
 .text.HAL_SPI_Init
                0x080012c8       0xbe build/stm32f4xx_hal_spi.o
                0x080012c8                HAL_SPI_Init
 .text.HAL_SPI_TransmitReceive
                0x08001386      0x238 build/stm32f4xx_hal_spi.o
                0x08001386                HAL_SPI_TransmitReceive
 *fill*         0x080015be        0x2 
 .text.HAL_RCC_OscConfig
                0x080015c0      0x3f8 build/stm32f4xx_hal_rcc.o
                0x080015c0                HAL_RCC_OscConfig
 .text.HAL_RCC_GetSysClockFreq
                0x080019b8       0xa0 build/stm32f4xx_hal_rcc.o
                0x080019b8                HAL_RCC_GetSysClockFreq
 .text.HAL_RCC_ClockConfig
                0x08001a58      0x160 build/stm32f4xx_hal_rcc.o
                0x08001a58                HAL_RCC_ClockConfig
 .text.HAL_RCC_GetHCLKFreq
                0x08001bb8        0xc build/stm32f4xx_hal_rcc.o
                0x08001bb8                HAL_RCC_GetHCLKFreq
 .text.HAL_RCC_GetPCLK1Freq
                0x08001bc4       0x20 build/stm32f4xx_hal_rcc.o
                0x08001bc4                HAL_RCC_GetPCLK1Freq
 .text.HAL_RCC_GetPCLK2Freq
                0x08001be4       0x20 build/stm32f4xx_hal_rcc.o
                0x08001be4                HAL_RCC_GetPCLK2Freq
 .text.HAL_GPIO_Init
                0x08001c04      0x1b0 build/stm32f4xx_hal_gpio.o
                0x08001c04                HAL_GPIO_Init
 .text.HAL_GPIO_WritePin
                0x08001db4        0xc build/stm32f4xx_hal_gpio.o
                0x08001db4                HAL_GPIO_WritePin
 .text.HAL_NVIC_SetPriorityGrouping
                0x08001dc0       0x24 build/stm32f4xx_hal_cortex.o
                0x08001dc0                HAL_NVIC_SetPriorityGrouping
 .text.HAL_NVIC_SetPriority
                0x08001de4       0x68 build/stm32f4xx_hal_cortex.o
                0x08001de4                HAL_NVIC_SetPriority
 .text.HAL_SYSTICK_Config
                0x08001e4c       0x2c build/stm32f4xx_hal_cortex.o
                0x08001e4c                HAL_SYSTICK_Config
 .text.HAL_InitTick
                0x08001e78       0x4c build/stm32f4xx_hal.o
                0x08001e78                HAL_InitTick
 .text.HAL_Init
                0x08001ec4       0x34 build/stm32f4xx_hal.o
                0x08001ec4                HAL_Init
 .text.HAL_IncTick
                0x08001ef8       0x18 build/stm32f4xx_hal.o
                0x08001ef8                HAL_IncTick
 .text.HAL_GetTick
                0x08001f10        0xc build/stm32f4xx_hal.o
                0x08001f10                HAL_GetTick
 .text.HAL_Delay
                0x08001f1c       0x28 build/stm32f4xx_hal.o
                0x08001f1c                HAL_Delay
 .text.UART_SetConfig
                0x08001f44      0x11c build/stm32f4xx_hal_uart.o
 .text.HAL_UART_Init
                0x08002060       0x5e build/stm32f4xx_hal_uart.o
                0x08002060                HAL_UART_Init
 *fill*         0x080020be        0x2 
 .text.SystemInit
                0x080020c0       0x14 build/system_stm32f4xx.o
                0x080020c0                SystemInit
 .text.SPIx_ReadWriteByte
                0x080020d4       0x2c build/NRF24L01.o
                0x080020d4                SPIx_ReadWriteByte
 .text.NRF24L01_Write_Reg
                0x08002100       0x40 build/NRF24L01.o
                0x08002100                NRF24L01_Write_Reg
 .text.NRF24L01_Read_Reg
                0x08002140       0x40 build/NRF24L01.o
                0x08002140                NRF24L01_Read_Reg
 .text.NRF24L01_Read_Buf
                0x08002180       0x4c build/NRF24L01.o
                0x08002180                NRF24L01_Read_Buf
 .text.NRF24L01_Write_Buf
                0x080021cc       0x4c build/NRF24L01.o
                0x080021cc                NRF24L01_Write_Buf
 .text.NRF24L01_Check
                0x08002218       0x50 build/NRF24L01.o
                0x08002218                NRF24L01_Check
 .text.NRF24L01_RxPacket
                0x08002268       0x34 build/NRF24L01.o
                0x08002268                NRF24L01_RxPacket
 .text.NRF24L01_RX_Mode
                0x0800229c       0x60 build/NRF24L01.o
                0x0800229c                NRF24L01_RX_Mode
 .text.Reset_Handler
                0x080022fc       0x50 build/startup_stm32f401xc.o
                0x080022fc                Reset_Handler
 .text.Default_Handler
                0x0800234c        0x2 build/startup_stm32f401xc.o
                0x0800234c                RTC_Alarm_IRQHandler
                0x0800234c                EXTI2_IRQHandler
                0x0800234c                SPI4_IRQHandler
                0x0800234c                TIM1_CC_IRQHandler
                0x0800234c                DMA2_Stream5_IRQHandler
                0x0800234c                DMA1_Stream5_IRQHandler
                0x0800234c                PVD_IRQHandler
                0x0800234c                SDIO_IRQHandler
                0x0800234c                TAMP_STAMP_IRQHandler
                0x0800234c                EXTI3_IRQHandler
                0x0800234c                TIM1_UP_TIM10_IRQHandler
                0x0800234c                I2C3_ER_IRQHandler
                0x0800234c                EXTI0_IRQHandler
                0x0800234c                I2C2_EV_IRQHandler
                0x0800234c                DMA1_Stream2_IRQHandler
                0x0800234c                FPU_IRQHandler
                0x0800234c                DMA2_Stream2_IRQHandler
                0x0800234c                SPI1_IRQHandler
                0x0800234c                TIM1_BRK_TIM9_IRQHandler
                0x0800234c                DMA2_Stream3_IRQHandler
                0x0800234c                USART6_IRQHandler
                0x0800234c                DMA2_Stream0_IRQHandler
                0x0800234c                TIM4_IRQHandler
                0x0800234c                I2C1_EV_IRQHandler
                0x0800234c                DMA1_Stream6_IRQHandler
                0x0800234c                DMA1_Stream1_IRQHandler
                0x0800234c                TIM3_IRQHandler
                0x0800234c                RCC_IRQHandler
                0x0800234c                Default_Handler
                0x0800234c                EXTI15_10_IRQHandler
                0x0800234c                ADC_IRQHandler
                0x0800234c                DMA1_Stream7_IRQHandler
                0x0800234c                TIM5_IRQHandler
                0x0800234c                DMA2_Stream7_IRQHandler
                0x0800234c                I2C3_EV_IRQHandler
                0x0800234c                EXTI9_5_IRQHandler
                0x0800234c                RTC_WKUP_IRQHandler
                0x0800234c                SPI2_IRQHandler
                0x0800234c                DMA1_Stream0_IRQHandler
                0x0800234c                EXTI4_IRQHandler
                0x0800234c                WWDG_IRQHandler
                0x0800234c                TIM2_IRQHandler
                0x0800234c                OTG_FS_WKUP_IRQHandler
                0x0800234c                TIM1_TRG_COM_TIM11_IRQHandler
                0x0800234c                EXTI1_IRQHandler
                0x0800234c                USART2_IRQHandler
                0x0800234c                I2C2_ER_IRQHandler
                0x0800234c                DMA2_Stream1_IRQHandler
                0x0800234c                FLASH_IRQHandler
                0x0800234c                DMA2_Stream4_IRQHandler
                0x0800234c                USART1_IRQHandler
                0x0800234c                OTG_FS_IRQHandler
                0x0800234c                SPI3_IRQHandler
                0x0800234c                DMA1_Stream4_IRQHandler
                0x0800234c                I2C1_ER_IRQHandler
                0x0800234c                DMA2_Stream6_IRQHandler
                0x0800234c                DMA1_Stream3_IRQHandler
 *fill*         0x0800234e        0x2 
 .text.__libc_init_array
                0x08002350       0x48 d:/vs_code_stm32/9 2019-q4-major/bin/../lib/gcc/arm-none-eabi/9.2.1/../../../../arm-none-eabi/lib/thumb/v7e-m+fp/hard\libc_nano.a(lib_a-init.o)
                0x08002350                __libc_init_array
 .text.memset   0x08002398       0x10 d:/vs_code_stm32/9 2019-q4-major/bin/../lib/gcc/arm-none-eabi/9.2.1/../../../../arm-none-eabi/lib/thumb/v7e-m+fp/hard\libc_nano.a(lib_a-memset.o)
                0x08002398                memset
 .text.__cvt    0x080023a8       0xc4 d:/vs_code_stm32/9 2019-q4-major/bin/../lib/gcc/arm-none-eabi/9.2.1/../../../../arm-none-eabi/lib/thumb/v7e-m+fp/hard\libc_nano.a(lib_a-nano-vfprintf_float.o)
                0x080023a8                __cvt
 .text.__exponent
                0x0800246c       0x7c d:/vs_code_stm32/9 2019-q4-major/bin/../lib/gcc/arm-none-eabi/9.2.1/../../../../arm-none-eabi/lib/thumb/v7e-m+fp/hard\libc_nano.a(lib_a-nano-vfprintf_float.o)
                0x0800246c                __exponent
 .text._printf_float
                0x080024e8      0x46c d:/vs_code_stm32/9 2019-q4-major/bin/../lib/gcc/arm-none-eabi/9.2.1/../../../../arm-none-eabi/lib/thumb/v7e-m+fp/hard\libc_nano.a(lib_a-nano-vfprintf_float.o)
                0x080024e8                _printf_float
 .text._printf_common
                0x08002954       0xda d:/vs_code_stm32/9 2019-q4-major/bin/../lib/gcc/arm-none-eabi/9.2.1/../../../../arm-none-eabi/lib/thumb/v7e-m+fp/hard\libc_nano.a(lib_a-nano-vfprintf_i.o)
                0x08002954                _printf_common
 *fill*         0x08002a2e        0x2 
 .text._puts_r  0x08002a30       0xdc d:/vs_code_stm32/9 2019-q4-major/bin/../lib/gcc/arm-none-eabi/9.2.1/../../../../arm-none-eabi/lib/thumb/v7e-m+fp/hard\libc_nano.a(lib_a-puts.o)
                0x08002a30                _puts_r
 .text.puts     0x08002b0c       0x10 d:/vs_code_stm32/9 2019-q4-major/bin/../lib/gcc/arm-none-eabi/9.2.1/../../../../arm-none-eabi/lib/thumb/v7e-m+fp/hard\libc_nano.a(lib_a-puts.o)
                0x08002b0c                puts
 .text.__swbuf_r
                0x08002b1c       0xa4 d:/vs_code_stm32/9 2019-q4-major/bin/../lib/gcc/arm-none-eabi/9.2.1/../../../../arm-none-eabi/lib/thumb/v7e-m+fp/hard\libc_nano.a(lib_a-wbuf.o)
                0x08002b1c                __swbuf_r
 .text.__swsetup_r
                0x08002bc0       0xdc d:/vs_code_stm32/9 2019-q4-major/bin/../lib/gcc/arm-none-eabi/9.2.1/../../../../arm-none-eabi/lib/thumb/v7e-m+fp/hard\libc_nano.a(lib_a-wsetup.o)
                0x08002bc0                __swsetup_r
 .text.quorem   0x08002c9c      0x116 d:/vs_code_stm32/9 2019-q4-major/bin/../lib/gcc/arm-none-eabi/9.2.1/../../../../arm-none-eabi/lib/thumb/v7e-m+fp/hard\libc_nano.a(lib_a-dtoa.o)
 *fill*         0x08002db2        0x6 
 .text._dtoa_r  0x08002db8      0xbbc d:/vs_code_stm32/9 2019-q4-major/bin/../lib/gcc/arm-none-eabi/9.2.1/../../../../arm-none-eabi/lib/thumb/v7e-m+fp/hard\libc_nano.a(lib_a-dtoa.o)
                0x08002db8                _dtoa_r
 .text.__sflush_r
                0x08003974      0x10c d:/vs_code_stm32/9 2019-q4-major/bin/../lib/gcc/arm-none-eabi/9.2.1/../../../../arm-none-eabi/lib/thumb/v7e-m+fp/hard\libc_nano.a(lib_a-fflush.o)
                0x08003974                __sflush_r
 .text._fflush_r
                0x08003a80       0x78 d:/vs_code_stm32/9 2019-q4-major/bin/../lib/gcc/arm-none-eabi/9.2.1/../../../../arm-none-eabi/lib/thumb/v7e-m+fp/hard\libc_nano.a(lib_a-fflush.o)
                0x08003a80                _fflush_r
 .text.std      0x08003af8       0x48 d:/vs_code_stm32/9 2019-q4-major/bin/../lib/gcc/arm-none-eabi/9.2.1/../../../../arm-none-eabi/lib/thumb/v7e-m+fp/hard\libc_nano.a(lib_a-findfp.o)
 .text._cleanup_r
                0x08003b40        0xc d:/vs_code_stm32/9 2019-q4-major/bin/../lib/gcc/arm-none-eabi/9.2.1/../../../../arm-none-eabi/lib/thumb/v7e-m+fp/hard\libc_nano.a(lib_a-findfp.o)
                0x08003b40                _cleanup_r
 .text.__sfmoreglue
                0x08003b4c       0x2c d:/vs_code_stm32/9 2019-q4-major/bin/../lib/gcc/arm-none-eabi/9.2.1/../../../../arm-none-eabi/lib/thumb/v7e-m+fp/hard\libc_nano.a(lib_a-findfp.o)
                0x08003b4c                __sfmoreglue
 .text.__sfp_lock_acquire
                0x08003b78        0xc d:/vs_code_stm32/9 2019-q4-major/bin/../lib/gcc/arm-none-eabi/9.2.1/../../../../arm-none-eabi/lib/thumb/v7e-m+fp/hard\libc_nano.a(lib_a-findfp.o)
                0x08003b78                __sfp_lock_acquire
 .text.__sfp_lock_release
                0x08003b84        0xc d:/vs_code_stm32/9 2019-q4-major/bin/../lib/gcc/arm-none-eabi/9.2.1/../../../../arm-none-eabi/lib/thumb/v7e-m+fp/hard\libc_nano.a(lib_a-findfp.o)
                0x08003b84                __sfp_lock_release
 .text.__sinit_lock_acquire
                0x08003b90        0xc d:/vs_code_stm32/9 2019-q4-major/bin/../lib/gcc/arm-none-eabi/9.2.1/../../../../arm-none-eabi/lib/thumb/v7e-m+fp/hard\libc_nano.a(lib_a-findfp.o)
                0x08003b90                __sinit_lock_acquire
 .text.__sinit_lock_release
                0x08003b9c        0xc d:/vs_code_stm32/9 2019-q4-major/bin/../lib/gcc/arm-none-eabi/9.2.1/../../../../arm-none-eabi/lib/thumb/v7e-m+fp/hard\libc_nano.a(lib_a-findfp.o)
                0x08003b9c                __sinit_lock_release
 .text.__sinit  0x08003ba8       0x70 d:/vs_code_stm32/9 2019-q4-major/bin/../lib/gcc/arm-none-eabi/9.2.1/../../../../arm-none-eabi/lib/thumb/v7e-m+fp/hard\libc_nano.a(lib_a-findfp.o)
                0x08003ba8                __sinit
 .text.__sfp    0x08003c18       0x8c d:/vs_code_stm32/9 2019-q4-major/bin/../lib/gcc/arm-none-eabi/9.2.1/../../../../arm-none-eabi/lib/thumb/v7e-m+fp/hard\libc_nano.a(lib_a-findfp.o)
                0x08003c18                __sfp
 .text._fwalk_reent
                0x08003ca4       0x3e d:/vs_code_stm32/9 2019-q4-major/bin/../lib/gcc/arm-none-eabi/9.2.1/../../../../arm-none-eabi/lib/thumb/v7e-m+fp/hard\libc_nano.a(lib_a-fwalk.o)
                0x08003ca4                _fwalk_reent
 *fill*         0x08003ce2        0x2 
 .text._localeconv_r
                0x08003ce4        0x8 d:/vs_code_stm32/9 2019-q4-major/bin/../lib/gcc/arm-none-eabi/9.2.1/../../../../arm-none-eabi/lib/thumb/v7e-m+fp/hard\libc_nano.a(lib_a-localeconv.o)
                0x08003ce4                _localeconv_r
 .text.__retarget_lock_init_recursive
                0x08003cec        0x2 d:/vs_code_stm32/9 2019-q4-major/bin/../lib/gcc/arm-none-eabi/9.2.1/../../../../arm-none-eabi/lib/thumb/v7e-m+fp/hard\libc_nano.a(lib_a-lock.o)
                0x08003cec                __retarget_lock_init_recursive
 .text.__retarget_lock_acquire_recursive
                0x08003cee        0x2 d:/vs_code_stm32/9 2019-q4-major/bin/../lib/gcc/arm-none-eabi/9.2.1/../../../../arm-none-eabi/lib/thumb/v7e-m+fp/hard\libc_nano.a(lib_a-lock.o)
                0x08003cee                __retarget_lock_acquire_recursive
 .text.__retarget_lock_release_recursive
                0x08003cf0        0x2 d:/vs_code_stm32/9 2019-q4-major/bin/../lib/gcc/arm-none-eabi/9.2.1/../../../../arm-none-eabi/lib/thumb/v7e-m+fp/hard\libc_nano.a(lib_a-lock.o)
                0x08003cf0                __retarget_lock_release_recursive
 .text.__swhatbuf_r
                0x08003cf2       0x48 d:/vs_code_stm32/9 2019-q4-major/bin/../lib/gcc/arm-none-eabi/9.2.1/../../../../arm-none-eabi/lib/thumb/v7e-m+fp/hard\libc_nano.a(lib_a-makebuf.o)
                0x08003cf2                __swhatbuf_r
 *fill*         0x08003d3a        0x2 
 .text.__smakebuf_r
                0x08003d3c       0x80 d:/vs_code_stm32/9 2019-q4-major/bin/../lib/gcc/arm-none-eabi/9.2.1/../../../../arm-none-eabi/lib/thumb/v7e-m+fp/hard\libc_nano.a(lib_a-makebuf.o)
                0x08003d3c                __smakebuf_r
 .text.malloc   0x08003dbc       0x10 d:/vs_code_stm32/9 2019-q4-major/bin/../lib/gcc/arm-none-eabi/9.2.1/../../../../arm-none-eabi/lib/thumb/v7e-m+fp/hard\libc_nano.a(lib_a-malloc.o)
                0x08003dbc                malloc
 .text.memcpy   0x08003dcc       0x1c d:/vs_code_stm32/9 2019-q4-major/bin/../lib/gcc/arm-none-eabi/9.2.1/../../../../arm-none-eabi/lib/thumb/v7e-m+fp/hard\libc_nano.a(lib_a-memcpy-stub.o)
                0x08003dcc                memcpy
 .text._Balloc  0x08003de8       0x68 d:/vs_code_stm32/9 2019-q4-major/bin/../lib/gcc/arm-none-eabi/9.2.1/../../../../arm-none-eabi/lib/thumb/v7e-m+fp/hard\libc_nano.a(lib_a-mprec.o)
                0x08003de8                _Balloc
 .text._Bfree   0x08003e50       0x2e d:/vs_code_stm32/9 2019-q4-major/bin/../lib/gcc/arm-none-eabi/9.2.1/../../../../arm-none-eabi/lib/thumb/v7e-m+fp/hard\libc_nano.a(lib_a-mprec.o)
                0x08003e50                _Bfree
 .text.__multadd
                0x08003e7e       0x7c d:/vs_code_stm32/9 2019-q4-major/bin/../lib/gcc/arm-none-eabi/9.2.1/../../../../arm-none-eabi/lib/thumb/v7e-m+fp/hard\libc_nano.a(lib_a-mprec.o)
                0x08003e7e                __multadd
 .text.__hi0bits
                0x08003efa       0x40 d:/vs_code_stm32/9 2019-q4-major/bin/../lib/gcc/arm-none-eabi/9.2.1/../../../../arm-none-eabi/lib/thumb/v7e-m+fp/hard\libc_nano.a(lib_a-mprec.o)
                0x08003efa                __hi0bits
 .text.__lo0bits
                0x08003f3a       0x60 d:/vs_code_stm32/9 2019-q4-major/bin/../lib/gcc/arm-none-eabi/9.2.1/../../../../arm-none-eabi/lib/thumb/v7e-m+fp/hard\libc_nano.a(lib_a-mprec.o)
                0x08003f3a                __lo0bits
 .text.__i2b    0x08003f9a       0x12 d:/vs_code_stm32/9 2019-q4-major/bin/../lib/gcc/arm-none-eabi/9.2.1/../../../../arm-none-eabi/lib/thumb/v7e-m+fp/hard\libc_nano.a(lib_a-mprec.o)
                0x08003f9a                __i2b
 .text.__multiply
                0x08003fac      0x138 d:/vs_code_stm32/9 2019-q4-major/bin/../lib/gcc/arm-none-eabi/9.2.1/../../../../arm-none-eabi/lib/thumb/v7e-m+fp/hard\libc_nano.a(lib_a-mprec.o)
                0x08003fac                __multiply
 .text.__pow5mult
                0x080040e4       0x9c d:/vs_code_stm32/9 2019-q4-major/bin/../lib/gcc/arm-none-eabi/9.2.1/../../../../arm-none-eabi/lib/thumb/v7e-m+fp/hard\libc_nano.a(lib_a-mprec.o)
                0x080040e4                __pow5mult
 .text.__lshift
                0x08004180       0xbe d:/vs_code_stm32/9 2019-q4-major/bin/../lib/gcc/arm-none-eabi/9.2.1/../../../../arm-none-eabi/lib/thumb/v7e-m+fp/hard\libc_nano.a(lib_a-mprec.o)
                0x08004180                __lshift
 .text.__mcmp   0x0800423e       0x38 d:/vs_code_stm32/9 2019-q4-major/bin/../lib/gcc/arm-none-eabi/9.2.1/../../../../arm-none-eabi/lib/thumb/v7e-m+fp/hard\libc_nano.a(lib_a-mprec.o)
                0x0800423e                __mcmp
 .text.__mdiff  0x08004276       0xec d:/vs_code_stm32/9 2019-q4-major/bin/../lib/gcc/arm-none-eabi/9.2.1/../../../../arm-none-eabi/lib/thumb/v7e-m+fp/hard\libc_nano.a(lib_a-mprec.o)
                0x08004276                __mdiff
 .text.__d2b    0x08004362       0xa0 d:/vs_code_stm32/9 2019-q4-major/bin/../lib/gcc/arm-none-eabi/9.2.1/../../../../arm-none-eabi/lib/thumb/v7e-m+fp/hard\libc_nano.a(lib_a-mprec.o)
                0x08004362                __d2b
 .text._calloc_r
                0x08004402       0x1e d:/vs_code_stm32/9 2019-q4-major/bin/../lib/gcc/arm-none-eabi/9.2.1/../../../../arm-none-eabi/lib/thumb/v7e-m+fp/hard\libc_nano.a(lib_a-nano-callocr.o)
                0x08004402                _calloc_r
 .text._free_r  0x08004420       0xa0 d:/vs_code_stm32/9 2019-q4-major/bin/../lib/gcc/arm-none-eabi/9.2.1/../../../../arm-none-eabi/lib/thumb/v7e-m+fp/hard\libc_nano.a(lib_a-nano-freer.o)
                0x08004420                _free_r
 .text._malloc_r
                0x080044c0       0xb4 d:/vs_code_stm32/9 2019-q4-major/bin/../lib/gcc/arm-none-eabi/9.2.1/../../../../arm-none-eabi/lib/thumb/v7e-m+fp/hard\libc_nano.a(lib_a-nano-mallocr.o)
                0x080044c0                _malloc_r
 .text._sbrk_r  0x08004574       0x20 d:/vs_code_stm32/9 2019-q4-major/bin/../lib/gcc/arm-none-eabi/9.2.1/../../../../arm-none-eabi/lib/thumb/v7e-m+fp/hard\libc_nano.a(lib_a-sbrkr.o)
                0x08004574                _sbrk_r
 .text.__sread  0x08004594       0x22 d:/vs_code_stm32/9 2019-q4-major/bin/../lib/gcc/arm-none-eabi/9.2.1/../../../../arm-none-eabi/lib/thumb/v7e-m+fp/hard\libc_nano.a(lib_a-stdio.o)
                0x08004594                __sread
 .text.__swrite
                0x080045b6       0x38 d:/vs_code_stm32/9 2019-q4-major/bin/../lib/gcc/arm-none-eabi/9.2.1/../../../../arm-none-eabi/lib/thumb/v7e-m+fp/hard\libc_nano.a(lib_a-stdio.o)
                0x080045b6                __swrite
 .text.__sseek  0x080045ee       0x24 d:/vs_code_stm32/9 2019-q4-major/bin/../lib/gcc/arm-none-eabi/9.2.1/../../../../arm-none-eabi/lib/thumb/v7e-m+fp/hard\libc_nano.a(lib_a-stdio.o)
                0x080045ee                __sseek
 .text.__sclose
                0x08004612        0x8 d:/vs_code_stm32/9 2019-q4-major/bin/../lib/gcc/arm-none-eabi/9.2.1/../../../../arm-none-eabi/lib/thumb/v7e-m+fp/hard\libc_nano.a(lib_a-stdio.o)
                0x08004612                __sclose
 *fill*         0x0800461a        0x2 
 .text._write_r
                0x0800461c       0x24 d:/vs_code_stm32/9 2019-q4-major/bin/../lib/gcc/arm-none-eabi/9.2.1/../../../../arm-none-eabi/lib/thumb/v7e-m+fp/hard\libc_nano.a(lib_a-writer.o)
                0x0800461c                _write_r
 .text._close_r
                0x08004640       0x20 d:/vs_code_stm32/9 2019-q4-major/bin/../lib/gcc/arm-none-eabi/9.2.1/../../../../arm-none-eabi/lib/thumb/v7e-m+fp/hard\libc_nano.a(lib_a-closer.o)
                0x08004640                _close_r
 .text._fstat_r
                0x08004660       0x24 d:/vs_code_stm32/9 2019-q4-major/bin/../lib/gcc/arm-none-eabi/9.2.1/../../../../arm-none-eabi/lib/thumb/v7e-m+fp/hard\libc_nano.a(lib_a-fstatr.o)
                0x08004660                _fstat_r
 .text._isatty_r
                0x08004684       0x20 d:/vs_code_stm32/9 2019-q4-major/bin/../lib/gcc/arm-none-eabi/9.2.1/../../../../arm-none-eabi/lib/thumb/v7e-m+fp/hard\libc_nano.a(lib_a-isattyr.o)
                0x08004684                _isatty_r
 .text._lseek_r
                0x080046a4       0x24 d:/vs_code_stm32/9 2019-q4-major/bin/../lib/gcc/arm-none-eabi/9.2.1/../../../../arm-none-eabi/lib/thumb/v7e-m+fp/hard\libc_nano.a(lib_a-lseekr.o)
                0x080046a4                _lseek_r
 .text.__ascii_mbtowc
                0x080046c8       0x24 d:/vs_code_stm32/9 2019-q4-major/bin/../lib/gcc/arm-none-eabi/9.2.1/../../../../arm-none-eabi/lib/thumb/v7e-m+fp/hard\libc_nano.a(lib_a-mbtowc_r.o)
                0x080046c8                __ascii_mbtowc
 .text.__malloc_lock
                0x080046ec        0xc d:/vs_code_stm32/9 2019-q4-major/bin/../lib/gcc/arm-none-eabi/9.2.1/../../../../arm-none-eabi/lib/thumb/v7e-m+fp/hard\libc_nano.a(lib_a-mlock.o)
                0x080046ec                __malloc_lock
 .text.__malloc_unlock
                0x080046f8        0xc d:/vs_code_stm32/9 2019-q4-major/bin/../lib/gcc/arm-none-eabi/9.2.1/../../../../arm-none-eabi/lib/thumb/v7e-m+fp/hard\libc_nano.a(lib_a-mlock.o)
                0x080046f8                __malloc_unlock
 .text._read_r  0x08004704       0x24 d:/vs_code_stm32/9 2019-q4-major/bin/../lib/gcc/arm-none-eabi/9.2.1/../../../../arm-none-eabi/lib/thumb/v7e-m+fp/hard\libc_nano.a(lib_a-readr.o)
                0x08004704                _read_r
 .text.__ascii_wctomb
                0x08004728       0x1a d:/vs_code_stm32/9 2019-q4-major/bin/../lib/gcc/arm-none-eabi/9.2.1/../../../../arm-none-eabi/lib/thumb/v7e-m+fp/hard\libc_nano.a(lib_a-wctomb_r.o)
                0x08004728                __ascii_wctomb
 *fill*         0x08004742        0x2 
 .text._close   0x08004744       0x10 d:/vs_code_stm32/9 2019-q4-major/bin/../lib/gcc/arm-none-eabi/9.2.1/../../../../arm-none-eabi/lib/thumb/v7e-m+fp/hard\libnosys.a(close.o)
                0x08004744                _close
 .text._fstat   0x08004754       0x10 d:/vs_code_stm32/9 2019-q4-major/bin/../lib/gcc/arm-none-eabi/9.2.1/../../../../arm-none-eabi/lib/thumb/v7e-m+fp/hard\libnosys.a(fstat.o)
                0x08004754                _fstat
 .text._isatty  0x08004764       0x10 d:/vs_code_stm32/9 2019-q4-major/bin/../lib/gcc/arm-none-eabi/9.2.1/../../../../arm-none-eabi/lib/thumb/v7e-m+fp/hard\libnosys.a(isatty.o)
                0x08004764                _isatty
 .text._lseek   0x08004774       0x10 d:/vs_code_stm32/9 2019-q4-major/bin/../lib/gcc/arm-none-eabi/9.2.1/../../../../arm-none-eabi/lib/thumb/v7e-m+fp/hard\libnosys.a(lseek.o)
                0x08004774                _lseek
 .text._read    0x08004784       0x10 d:/vs_code_stm32/9 2019-q4-major/bin/../lib/gcc/arm-none-eabi/9.2.1/../../../../arm-none-eabi/lib/thumb/v7e-m+fp/hard\libnosys.a(read.o)
                0x08004784                _read
 .text._sbrk    0x08004794       0x1c d:/vs_code_stm32/9 2019-q4-major/bin/../lib/gcc/arm-none-eabi/9.2.1/../../../../arm-none-eabi/lib/thumb/v7e-m+fp/hard\libnosys.a(sbrk.o)
                0x08004794                _sbrk
 *(.glue_7)
 .glue_7        0x080047b0        0x0 linker stubs
 *(.glue_7t)
 .glue_7t       0x080047b0        0x0 linker stubs
 *(.eh_frame)
 .eh_frame      0x080047b0        0x0 d:/vs_code_stm32/9 2019-q4-major/bin/../lib/gcc/arm-none-eabi/9.2.1/thumb/v7e-m+fp/hard/crtbegin.o
 *(.init)
 .init          0x080047b0        0x4 d:/vs_code_stm32/9 2019-q4-major/bin/../lib/gcc/arm-none-eabi/9.2.1/thumb/v7e-m+fp/hard/crti.o
                0x080047b0                _init
 .init          0x080047b4        0x8 d:/vs_code_stm32/9 2019-q4-major/bin/../lib/gcc/arm-none-eabi/9.2.1/thumb/v7e-m+fp/hard/crtn.o
 *(.fini)
 .fini          0x080047bc        0x4 d:/vs_code_stm32/9 2019-q4-major/bin/../lib/gcc/arm-none-eabi/9.2.1/thumb/v7e-m+fp/hard/crti.o
                0x080047bc                _fini
 .fini          0x080047c0        0x8 d:/vs_code_stm32/9 2019-q4-major/bin/../lib/gcc/arm-none-eabi/9.2.1/thumb/v7e-m+fp/hard/crtn.o
                0x080047c8                . = ALIGN (0x4)
                0x080047c8                _etext = .

.vfp11_veneer   0x080047c8        0x0
 .vfp11_veneer  0x080047c8        0x0 linker stubs

.v4_bx          0x080047c8        0x0
 .v4_bx         0x080047c8        0x0 linker stubs

.iplt           0x080047c8        0x0
 .iplt          0x080047c8        0x0 d:/vs_code_stm32/9 2019-q4-major/bin/../lib/gcc/arm-none-eabi/9.2.1/thumb/v7e-m+fp/hard/crtbegin.o

.rodata         0x080047c8      0x300
                0x080047c8                . = ALIGN (0x4)
 *(.rodata)
 *(.rodata*)
 .rodata.main.str1.4
                0x080047c8       0x49 build/main.o
 *fill*         0x08004811        0x3 
 .rodata.AHBPrescTable
                0x08004814       0x10 build/system_stm32f4xx.o
                0x08004814                AHBPrescTable
 .rodata.APBPrescTable
                0x08004824        0x8 build/system_stm32f4xx.o
                0x08004824                APBPrescTable
 .rodata.NRF24L01_Check.str1.4
                0x0800482c        0x6 build/NRF24L01.o
 *fill*         0x08004832        0x2 
 .rodata.RX_ADDRESS
                0x08004834        0x5 build/NRF24L01.o
                0x08004834                RX_ADDRESS
 *fill*         0x08004839        0x3 
 .rodata._global_impure_ptr
                0x0800483c        0x4 d:/vs_code_stm32/9 2019-q4-major/bin/../lib/gcc/arm-none-eabi/9.2.1/../../../../arm-none-eabi/lib/thumb/v7e-m+fp/hard\libc_nano.a(lib_a-impure.o)
                0x0800483c                _global_impure_ptr
 .rodata._printf_float.str1.1
                0x08004840       0x12 d:/vs_code_stm32/9 2019-q4-major/bin/../lib/gcc/arm-none-eabi/9.2.1/../../../../arm-none-eabi/lib/thumb/v7e-m+fp/hard\libc_nano.a(lib_a-nano-vfprintf_float.o)
 .rodata._dtoa_r.str1.1
                0x08004852        0xd d:/vs_code_stm32/9 2019-q4-major/bin/../lib/gcc/arm-none-eabi/9.2.1/../../../../arm-none-eabi/lib/thumb/v7e-m+fp/hard\libc_nano.a(lib_a-dtoa.o)
                                  0xf (size before relaxing)
 *fill*         0x0800485f        0x1 
 .rodata.__sf_fake_stderr
                0x08004860       0x20 d:/vs_code_stm32/9 2019-q4-major/bin/../lib/gcc/arm-none-eabi/9.2.1/../../../../arm-none-eabi/lib/thumb/v7e-m+fp/hard\libc_nano.a(lib_a-findfp.o)
                0x08004860                __sf_fake_stderr
 .rodata.__sf_fake_stdin
                0x08004880       0x20 d:/vs_code_stm32/9 2019-q4-major/bin/../lib/gcc/arm-none-eabi/9.2.1/../../../../arm-none-eabi/lib/thumb/v7e-m+fp/hard\libc_nano.a(lib_a-findfp.o)
                0x08004880                __sf_fake_stdin
 .rodata.__sf_fake_stdout
                0x080048a0       0x20 d:/vs_code_stm32/9 2019-q4-major/bin/../lib/gcc/arm-none-eabi/9.2.1/../../../../arm-none-eabi/lib/thumb/v7e-m+fp/hard\libc_nano.a(lib_a-findfp.o)
                0x080048a0                __sf_fake_stdout
 .rodata.__mprec_bigtens
                0x080048c0       0x28 d:/vs_code_stm32/9 2019-q4-major/bin/../lib/gcc/arm-none-eabi/9.2.1/../../../../arm-none-eabi/lib/thumb/v7e-m+fp/hard\libc_nano.a(lib_a-mprec.o)
                0x080048c0                __mprec_bigtens
 .rodata.__mprec_tens
                0x080048e8       0xc8 d:/vs_code_stm32/9 2019-q4-major/bin/../lib/gcc/arm-none-eabi/9.2.1/../../../../arm-none-eabi/lib/thumb/v7e-m+fp/hard\libc_nano.a(lib_a-mprec.o)
                0x080048e8                __mprec_tens
 .rodata.p05.7490
                0x080049b0        0xc d:/vs_code_stm32/9 2019-q4-major/bin/../lib/gcc/arm-none-eabi/9.2.1/../../../../arm-none-eabi/lib/thumb/v7e-m+fp/hard\libc_nano.a(lib_a-mprec.o)
 .rodata._setlocale_r.str1.1
                0x080049bc        0x8 d:/vs_code_stm32/9 2019-q4-major/bin/../lib/gcc/arm-none-eabi/9.2.1/../../../../arm-none-eabi/lib/thumb/v7e-m+fp/hard\libc_nano.a(lib_a-locale.o)
                                  0x9 (size before relaxing)
 .rodata.str1.1
                0x080049c4        0x2 d:/vs_code_stm32/9 2019-q4-major/bin/../lib/gcc/arm-none-eabi/9.2.1/../../../../arm-none-eabi/lib/thumb/v7e-m+fp/hard\libc_nano.a(lib_a-locale.o)
 .rodata._ctype_
                0x080049c6      0x101 d:/vs_code_stm32/9 2019-q4-major/bin/../lib/gcc/arm-none-eabi/9.2.1/../../../../arm-none-eabi/lib/thumb/v7e-m+fp/hard\libc_nano.a(lib_a-ctype_.o)
                0x080049c6                _ctype_
                0x08004ac8                . = ALIGN (0x4)
 *fill*         0x08004ac7        0x1 

.ARM.extab
 *(.ARM.extab* .gnu.linkonce.armextab.*)

.ARM            0x08004ac8        0x8
                0x08004ac8                __exidx_start = .
 *(.ARM.exidx*)
 .ARM.exidx     0x08004ac8        0x8 d:/vs_code_stm32/9 2019-q4-major/bin/../lib/gcc/arm-none-eabi/9.2.1/thumb/v7e-m+fp/hard\libgcc.a(_udivmoddi4.o)
                0x08004ad0                __exidx_end = .

.rel.dyn        0x08004ad0        0x0
 .rel.iplt      0x08004ad0        0x0 d:/vs_code_stm32/9 2019-q4-major/bin/../lib/gcc/arm-none-eabi/9.2.1/thumb/v7e-m+fp/hard/crtbegin.o

.preinit_array  0x08004ad0        0x0
                0x08004ad0                PROVIDE (__preinit_array_start = .)
 *(.preinit_array*)
                0x08004ad0                PROVIDE (__preinit_array_end = .)

.init_array     0x08004ad0        0x4
                0x08004ad0                PROVIDE (__init_array_start = .)
 *(SORT_BY_NAME(.init_array.*))
 *(.init_array*)
 .init_array    0x08004ad0        0x4 d:/vs_code_stm32/9 2019-q4-major/bin/../lib/gcc/arm-none-eabi/9.2.1/thumb/v7e-m+fp/hard/crtbegin.o
                0x08004ad4                PROVIDE (__init_array_end = .)

.fini_array     0x08004ad4        0x4
                [!provide]                PROVIDE (__fini_array_start = .)
 *(SORT_BY_NAME(.fini_array.*))
 *(.fini_array*)
 .fini_array    0x08004ad4        0x4 d:/vs_code_stm32/9 2019-q4-major/bin/../lib/gcc/arm-none-eabi/9.2.1/thumb/v7e-m+fp/hard/crtbegin.o
                [!provide]                PROVIDE (__fini_array_end = .)
                0x08004ad8                _sidata = LOADADDR (.data)

.data           0x20000000      0x1dc load address 0x08004ad8
                0x20000000                . = ALIGN (0x4)
                0x20000000                _sdata = .
 *(.data)
 *(.data*)
 .data.uwTickFreq
                0x20000000        0x1 build/stm32f4xx_hal.o
                0x20000000                uwTickFreq
 *fill*         0x20000001        0x3 
 .data.uwTickPrio
                0x20000004        0x4 build/stm32f4xx_hal.o
                0x20000004                uwTickPrio
 .data.SystemCoreClock
                0x20000008        0x4 build/system_stm32f4xx.o
                0x20000008                SystemCoreClock
 .data._impure_ptr
                0x2000000c        0x4 d:/vs_code_stm32/9 2019-q4-major/bin/../lib/gcc/arm-none-eabi/9.2.1/../../../../arm-none-eabi/lib/thumb/v7e-m+fp/hard\libc_nano.a(lib_a-impure.o)
                0x2000000c                _impure_ptr
 .data.impure_data
                0x20000010       0x60 d:/vs_code_stm32/9 2019-q4-major/bin/../lib/gcc/arm-none-eabi/9.2.1/../../../../arm-none-eabi/lib/thumb/v7e-m+fp/hard\libc_nano.a(lib_a-impure.o)
 .data.__global_locale
                0x20000070      0x16c d:/vs_code_stm32/9 2019-q4-major/bin/../lib/gcc/arm-none-eabi/9.2.1/../../../../arm-none-eabi/lib/thumb/v7e-m+fp/hard\libc_nano.a(lib_a-locale.o)
                0x20000070                __global_locale
                0x200001dc                . = ALIGN (0x4)
                0x200001dc                _edata = .

.igot.plt       0x200001dc        0x0 load address 0x08004cb4
 .igot.plt      0x200001dc        0x0 d:/vs_code_stm32/9 2019-q4-major/bin/../lib/gcc/arm-none-eabi/9.2.1/thumb/v7e-m+fp/hard/crtbegin.o
                0x200001dc                . = ALIGN (0x4)

.bss            0x200001dc       0xf8 load address 0x08004cb4
                0x200001dc                _sbss = .
                0x200001dc                __bss_start__ = _sbss
 *(.bss)
 .bss           0x200001dc       0x1c d:/vs_code_stm32/9 2019-q4-major/bin/../lib/gcc/arm-none-eabi/9.2.1/thumb/v7e-m+fp/hard/crtbegin.o
 *(.bss*)
 .bss.__malloc_free_list
                0x200001f8        0x4 d:/vs_code_stm32/9 2019-q4-major/bin/../lib/gcc/arm-none-eabi/9.2.1/../../../../arm-none-eabi/lib/thumb/v7e-m+fp/hard\libc_nano.a(lib_a-nano-mallocr.o)
                0x200001f8                __malloc_free_list
 .bss.__malloc_sbrk_start
                0x200001fc        0x4 d:/vs_code_stm32/9 2019-q4-major/bin/../lib/gcc/arm-none-eabi/9.2.1/../../../../arm-none-eabi/lib/thumb/v7e-m+fp/hard\libc_nano.a(lib_a-nano-mallocr.o)
                0x200001fc                __malloc_sbrk_start
 .bss.heap_end.5507
                0x20000200        0x4 d:/vs_code_stm32/9 2019-q4-major/bin/../lib/gcc/arm-none-eabi/9.2.1/../../../../arm-none-eabi/lib/thumb/v7e-m+fp/hard\libnosys.a(sbrk.o)
 *(COMMON)
 COMMON         0x20000204       0x20 build/main.o
                0x20000204                rx_buf
 COMMON         0x20000224       0x58 build/spi.o
                0x20000224                hspi2
 COMMON         0x2000027c       0x44 build/usart.o
                0x2000027c                huart1
 COMMON         0x200002c0        0x4 build/stm32f4xx_hal.o
                0x200002c0                uwTick
 COMMON         0x200002c4        0x9 d:/vs_code_stm32/9 2019-q4-major/bin/../lib/gcc/arm-none-eabi/9.2.1/../../../../arm-none-eabi/lib/thumb/v7e-m+fp/hard\libc_nano.a(lib_a-lock.o)
                0x200002c4                __lock___atexit_recursive_mutex
                0x200002c5                __lock___arc4random_mutex
                0x200002c6                __lock___env_recursive_mutex
                0x200002c7                __lock___sinit_recursive_mutex
                0x200002c8                __lock___malloc_recursive_mutex
                0x200002c9                __lock___at_quick_exit_mutex
                0x200002ca                __lock___dd_hash_mutex
                0x200002cb                __lock___tz_mutex
                0x200002cc                __lock___sfp_recursive_mutex
 *fill*         0x200002cd        0x3 
 COMMON         0x200002d0        0x4 d:/vs_code_stm32/9 2019-q4-major/bin/../lib/gcc/arm-none-eabi/9.2.1/../../../../arm-none-eabi/lib/thumb/v7e-m+fp/hard\libc_nano.a(lib_a-reent.o)
                0x200002d0                errno
                0x200002d4                . = ALIGN (0x4)
                0x200002d4                _ebss = .
                0x200002d4                __bss_end__ = _ebss

._user_heap_stack
                0x200002d4      0x604 load address 0x08004cb4
                0x200002d8                . = ALIGN (0x8)
 *fill*         0x200002d4        0x4 
                0x200002d8                PROVIDE (end = .)
                [!provide]                PROVIDE (_end = .)
                0x200004d8                . = (. + _Min_Heap_Size)
 *fill*         0x200002d8      0x200 
                0x200008d8                . = (. + _Min_Stack_Size)
 *fill*         0x200004d8      0x400 
                0x200008d8                . = ALIGN (0x8)

/DISCARD/
 libc.a(*)
 libm.a(*)
 libgcc.a(*)

.ARM.attributes
                0x00000000       0x30
 *(.ARM.attributes)
 .ARM.attributes
                0x00000000       0x1e d:/vs_code_stm32/9 2019-q4-major/bin/../lib/gcc/arm-none-eabi/9.2.1/thumb/v7e-m+fp/hard/crti.o
 .ARM.attributes
                0x0000001e       0x34 d:/vs_code_stm32/9 2019-q4-major/bin/../lib/gcc/arm-none-eabi/9.2.1/thumb/v7e-m+fp/hard/crtbegin.o
 .ARM.attributes
                0x00000052       0x34 build/main.o
 .ARM.attributes
                0x00000086       0x34 build/gpio.o
 .ARM.attributes
                0x000000ba       0x34 build/spi.o
 .ARM.attributes
                0x000000ee       0x34 build/usart.o
 .ARM.attributes
                0x00000122       0x34 build/stm32f4xx_it.o
 .ARM.attributes
                0x00000156       0x34 build/stm32f4xx_hal_msp.o
 .ARM.attributes
                0x0000018a       0x34 build/stm32f4xx_hal_spi.o
 .ARM.attributes
                0x000001be       0x34 build/stm32f4xx_hal_rcc.o
 .ARM.attributes
                0x000001f2       0x34 build/stm32f4xx_hal_gpio.o
 .ARM.attributes
                0x00000226       0x34 build/stm32f4xx_hal_cortex.o
 .ARM.attributes
                0x0000025a       0x34 build/stm32f4xx_hal.o
 .ARM.attributes
                0x0000028e       0x34 build/stm32f4xx_hal_uart.o
 .ARM.attributes
                0x000002c2       0x34 build/system_stm32f4xx.o
 .ARM.attributes
                0x000002f6       0x34 build/NRF24L01.o
 .ARM.attributes
                0x0000032a       0x21 build/startup_stm32f401xc.o
 .ARM.attributes
                0x0000034b       0x32 d:/vs_code_stm32/9 2019-q4-major/bin/../lib/gcc/arm-none-eabi/9.2.1/../../../../arm-none-eabi/lib/thumb/v7e-m+fp/hard\libc_nano.a(lib_a-impure.o)
 .ARM.attributes
                0x0000037d       0x34 d:/vs_code_stm32/9 2019-q4-major/bin/../lib/gcc/arm-none-eabi/9.2.1/../../../../arm-none-eabi/lib/thumb/v7e-m+fp/hard\libc_nano.a(lib_a-init.o)
 .ARM.attributes
                0x000003b1       0x34 d:/vs_code_stm32/9 2019-q4-major/bin/../lib/gcc/arm-none-eabi/9.2.1/../../../../arm-none-eabi/lib/thumb/v7e-m+fp/hard\libc_nano.a(lib_a-memset.o)
 .ARM.attributes
                0x000003e5       0x34 d:/vs_code_stm32/9 2019-q4-major/bin/../lib/gcc/arm-none-eabi/9.2.1/../../../../arm-none-eabi/lib/thumb/v7e-m+fp/hard\libc_nano.a(lib_a-nano-vfprintf_float.o)
 .ARM.attributes
                0x00000419       0x34 d:/vs_code_stm32/9 2019-q4-major/bin/../lib/gcc/arm-none-eabi/9.2.1/../../../../arm-none-eabi/lib/thumb/v7e-m+fp/hard\libc_nano.a(lib_a-nano-vfprintf_i.o)
 .ARM.attributes
                0x0000044d       0x34 d:/vs_code_stm32/9 2019-q4-major/bin/../lib/gcc/arm-none-eabi/9.2.1/../../../../arm-none-eabi/lib/thumb/v7e-m+fp/hard\libc_nano.a(lib_a-puts.o)
 .ARM.attributes
                0x00000481       0x17 d:/vs_code_stm32/9 2019-q4-major/bin/../lib/gcc/arm-none-eabi/9.2.1/../../../../arm-none-eabi/lib/thumb/v7e-m+fp/hard\libc_nano.a(lib_a-strlen.o)
 .ARM.attributes
                0x00000498       0x34 d:/vs_code_stm32/9 2019-q4-major/bin/../lib/gcc/arm-none-eabi/9.2.1/../../../../arm-none-eabi/lib/thumb/v7e-m+fp/hard\libc_nano.a(lib_a-wbuf.o)
 .ARM.attributes
                0x000004cc       0x34 d:/vs_code_stm32/9 2019-q4-major/bin/../lib/gcc/arm-none-eabi/9.2.1/../../../../arm-none-eabi/lib/thumb/v7e-m+fp/hard\libc_nano.a(lib_a-wsetup.o)
 .ARM.attributes
                0x00000500       0x34 d:/vs_code_stm32/9 2019-q4-major/bin/../lib/gcc/arm-none-eabi/9.2.1/../../../../arm-none-eabi/lib/thumb/v7e-m+fp/hard\libc_nano.a(lib_a-dtoa.o)
 .ARM.attributes
                0x00000534       0x34 d:/vs_code_stm32/9 2019-q4-major/bin/../lib/gcc/arm-none-eabi/9.2.1/../../../../arm-none-eabi/lib/thumb/v7e-m+fp/hard\libc_nano.a(lib_a-fflush.o)
 .ARM.attributes
                0x00000568       0x34 d:/vs_code_stm32/9 2019-q4-major/bin/../lib/gcc/arm-none-eabi/9.2.1/../../../../arm-none-eabi/lib/thumb/v7e-m+fp/hard\libc_nano.a(lib_a-findfp.o)
 .ARM.attributes
                0x0000059c       0x34 d:/vs_code_stm32/9 2019-q4-major/bin/../lib/gcc/arm-none-eabi/9.2.1/../../../../arm-none-eabi/lib/thumb/v7e-m+fp/hard\libc_nano.a(lib_a-fwalk.o)
 .ARM.attributes
                0x000005d0       0x34 d:/vs_code_stm32/9 2019-q4-major/bin/../lib/gcc/arm-none-eabi/9.2.1/../../../../arm-none-eabi/lib/thumb/v7e-m+fp/hard\libc_nano.a(lib_a-localeconv.o)
 .ARM.attributes
                0x00000604       0x34 d:/vs_code_stm32/9 2019-q4-major/bin/../lib/gcc/arm-none-eabi/9.2.1/../../../../arm-none-eabi/lib/thumb/v7e-m+fp/hard\libc_nano.a(lib_a-lock.o)
 .ARM.attributes
                0x00000638       0x34 d:/vs_code_stm32/9 2019-q4-major/bin/../lib/gcc/arm-none-eabi/9.2.1/../../../../arm-none-eabi/lib/thumb/v7e-m+fp/hard\libc_nano.a(lib_a-makebuf.o)
 .ARM.attributes
                0x0000066c       0x34 d:/vs_code_stm32/9 2019-q4-major/bin/../lib/gcc/arm-none-eabi/9.2.1/../../../../arm-none-eabi/lib/thumb/v7e-m+fp/hard\libc_nano.a(lib_a-malloc.o)
 .ARM.attributes
                0x000006a0       0x34 d:/vs_code_stm32/9 2019-q4-major/bin/../lib/gcc/arm-none-eabi/9.2.1/../../../../arm-none-eabi/lib/thumb/v7e-m+fp/hard\libc_nano.a(lib_a-memcpy-stub.o)
 .ARM.attributes
                0x000006d4       0x34 d:/vs_code_stm32/9 2019-q4-major/bin/../lib/gcc/arm-none-eabi/9.2.1/../../../../arm-none-eabi/lib/thumb/v7e-m+fp/hard\libc_nano.a(lib_a-mprec.o)
 .ARM.attributes
                0x00000708       0x34 d:/vs_code_stm32/9 2019-q4-major/bin/../lib/gcc/arm-none-eabi/9.2.1/../../../../arm-none-eabi/lib/thumb/v7e-m+fp/hard\libc_nano.a(lib_a-nano-callocr.o)
 .ARM.attributes
                0x0000073c       0x34 d:/vs_code_stm32/9 2019-q4-major/bin/../lib/gcc/arm-none-eabi/9.2.1/../../../../arm-none-eabi/lib/thumb/v7e-m+fp/hard\libc_nano.a(lib_a-nano-freer.o)
 .ARM.attributes
                0x00000770       0x34 d:/vs_code_stm32/9 2019-q4-major/bin/../lib/gcc/arm-none-eabi/9.2.1/../../../../arm-none-eabi/lib/thumb/v7e-m+fp/hard\libc_nano.a(lib_a-nano-mallocr.o)
 .ARM.attributes
                0x000007a4       0x34 d:/vs_code_stm32/9 2019-q4-major/bin/../lib/gcc/arm-none-eabi/9.2.1/../../../../arm-none-eabi/lib/thumb/v7e-m+fp/hard\libc_nano.a(lib_a-sbrkr.o)
 .ARM.attributes
                0x000007d8       0x34 d:/vs_code_stm32/9 2019-q4-major/bin/../lib/gcc/arm-none-eabi/9.2.1/../../../../arm-none-eabi/lib/thumb/v7e-m+fp/hard\libc_nano.a(lib_a-stdio.o)
 .ARM.attributes
                0x0000080c       0x34 d:/vs_code_stm32/9 2019-q4-major/bin/../lib/gcc/arm-none-eabi/9.2.1/../../../../arm-none-eabi/lib/thumb/v7e-m+fp/hard\libc_nano.a(lib_a-writer.o)
 .ARM.attributes
                0x00000840       0x34 d:/vs_code_stm32/9 2019-q4-major/bin/../lib/gcc/arm-none-eabi/9.2.1/../../../../arm-none-eabi/lib/thumb/v7e-m+fp/hard\libc_nano.a(lib_a-closer.o)
 .ARM.attributes
                0x00000874       0x34 d:/vs_code_stm32/9 2019-q4-major/bin/../lib/gcc/arm-none-eabi/9.2.1/../../../../arm-none-eabi/lib/thumb/v7e-m+fp/hard\libc_nano.a(lib_a-fstatr.o)
 .ARM.attributes
                0x000008a8       0x34 d:/vs_code_stm32/9 2019-q4-major/bin/../lib/gcc/arm-none-eabi/9.2.1/../../../../arm-none-eabi/lib/thumb/v7e-m+fp/hard\libc_nano.a(lib_a-isattyr.o)
 .ARM.attributes
                0x000008dc       0x34 d:/vs_code_stm32/9 2019-q4-major/bin/../lib/gcc/arm-none-eabi/9.2.1/../../../../arm-none-eabi/lib/thumb/v7e-m+fp/hard\libc_nano.a(lib_a-locale.o)
 .ARM.attributes
                0x00000910       0x34 d:/vs_code_stm32/9 2019-q4-major/bin/../lib/gcc/arm-none-eabi/9.2.1/../../../../arm-none-eabi/lib/thumb/v7e-m+fp/hard\libc_nano.a(lib_a-lseekr.o)
 .ARM.attributes
                0x00000944       0x34 d:/vs_code_stm32/9 2019-q4-major/bin/../lib/gcc/arm-none-eabi/9.2.1/../../../../arm-none-eabi/lib/thumb/v7e-m+fp/hard\libc_nano.a(lib_a-mbtowc_r.o)
 .ARM.attributes
                0x00000978       0x34 d:/vs_code_stm32/9 2019-q4-major/bin/../lib/gcc/arm-none-eabi/9.2.1/../../../../arm-none-eabi/lib/thumb/v7e-m+fp/hard\libc_nano.a(lib_a-mlock.o)
 .ARM.attributes
                0x000009ac       0x34 d:/vs_code_stm32/9 2019-q4-major/bin/../lib/gcc/arm-none-eabi/9.2.1/../../../../arm-none-eabi/lib/thumb/v7e-m+fp/hard\libc_nano.a(lib_a-readr.o)
 .ARM.attributes
                0x000009e0       0x34 d:/vs_code_stm32/9 2019-q4-major/bin/../lib/gcc/arm-none-eabi/9.2.1/../../../../arm-none-eabi/lib/thumb/v7e-m+fp/hard\libc_nano.a(lib_a-reent.o)
 .ARM.attributes
                0x00000a14       0x34 d:/vs_code_stm32/9 2019-q4-major/bin/../lib/gcc/arm-none-eabi/9.2.1/../../../../arm-none-eabi/lib/thumb/v7e-m+fp/hard\libc_nano.a(lib_a-wctomb_r.o)
 .ARM.attributes
                0x00000a48       0x32 d:/vs_code_stm32/9 2019-q4-major/bin/../lib/gcc/arm-none-eabi/9.2.1/../../../../arm-none-eabi/lib/thumb/v7e-m+fp/hard\libc_nano.a(lib_a-ctype_.o)
 .ARM.attributes
                0x00000a7a       0x34 d:/vs_code_stm32/9 2019-q4-major/bin/../lib/gcc/arm-none-eabi/9.2.1/../../../../arm-none-eabi/lib/thumb/v7e-m+fp/hard\libnosys.a(close.o)
 .ARM.attributes
                0x00000aae       0x34 d:/vs_code_stm32/9 2019-q4-major/bin/../lib/gcc/arm-none-eabi/9.2.1/../../../../arm-none-eabi/lib/thumb/v7e-m+fp/hard\libnosys.a(fstat.o)
 .ARM.attributes
                0x00000ae2       0x34 d:/vs_code_stm32/9 2019-q4-major/bin/../lib/gcc/arm-none-eabi/9.2.1/../../../../arm-none-eabi/lib/thumb/v7e-m+fp/hard\libnosys.a(isatty.o)
 .ARM.attributes
                0x00000b16       0x34 d:/vs_code_stm32/9 2019-q4-major/bin/../lib/gcc/arm-none-eabi/9.2.1/../../../../arm-none-eabi/lib/thumb/v7e-m+fp/hard\libnosys.a(lseek.o)
 .ARM.attributes
                0x00000b4a       0x34 d:/vs_code_stm32/9 2019-q4-major/bin/../lib/gcc/arm-none-eabi/9.2.1/../../../../arm-none-eabi/lib/thumb/v7e-m+fp/hard\libnosys.a(read.o)
 .ARM.attributes
                0x00000b7e       0x34 d:/vs_code_stm32/9 2019-q4-major/bin/../lib/gcc/arm-none-eabi/9.2.1/../../../../arm-none-eabi/lib/thumb/v7e-m+fp/hard\libnosys.a(sbrk.o)
 .ARM.attributes
                0x00000bb2       0x1e d:/vs_code_stm32/9 2019-q4-major/bin/../lib/gcc/arm-none-eabi/9.2.1/thumb/v7e-m+fp/hard\libgcc.a(_arm_addsubdf3.o)
 .ARM.attributes
                0x00000bd0       0x1e d:/vs_code_stm32/9 2019-q4-major/bin/../lib/gcc/arm-none-eabi/9.2.1/thumb/v7e-m+fp/hard\libgcc.a(_arm_muldivdf3.o)
 .ARM.attributes
                0x00000bee       0x1e d:/vs_code_stm32/9 2019-q4-major/bin/../lib/gcc/arm-none-eabi/9.2.1/thumb/v7e-m+fp/hard\libgcc.a(_arm_cmpdf2.o)
 .ARM.attributes
                0x00000c0c       0x1e d:/vs_code_stm32/9 2019-q4-major/bin/../lib/gcc/arm-none-eabi/9.2.1/thumb/v7e-m+fp/hard\libgcc.a(_arm_unorddf2.o)
 .ARM.attributes
                0x00000c2a       0x1e d:/vs_code_stm32/9 2019-q4-major/bin/../lib/gcc/arm-none-eabi/9.2.1/thumb/v7e-m+fp/hard\libgcc.a(_arm_fixdfsi.o)
 .ARM.attributes
                0x00000c48       0x1e d:/vs_code_stm32/9 2019-q4-major/bin/../lib/gcc/arm-none-eabi/9.2.1/thumb/v7e-m+fp/hard\libgcc.a(_aeabi_uldivmod.o)
 .ARM.attributes
                0x00000c66       0x34 d:/vs_code_stm32/9 2019-q4-major/bin/../lib/gcc/arm-none-eabi/9.2.1/thumb/v7e-m+fp/hard\libgcc.a(_udivmoddi4.o)
 .ARM.attributes
                0x00000c9a       0x1e d:/vs_code_stm32/9 2019-q4-major/bin/../lib/gcc/arm-none-eabi/9.2.1/thumb/v7e-m+fp/hard\libgcc.a(_dvmd_tls.o)
 .ARM.attributes
                0x00000cb8       0x1e d:/vs_code_stm32/9 2019-q4-major/bin/../lib/gcc/arm-none-eabi/9.2.1/thumb/v7e-m+fp/hard/crtn.o
OUTPUT(build/uart.elf elf32-littlearm)

.debug_info     0x00000000     0xd2a1
 .debug_info    0x00000000     0x19d7 build/main.o
 .debug_info    0x000019d7      0x60c build/gpio.o
 .debug_info    0x00001fe3      0xc24 build/spi.o
 .debug_info    0x00002c07     0x15ec build/usart.o
 .debug_info    0x000041f3      0x271 build/stm32f4xx_it.o
 .debug_info    0x00004464      0x417 build/stm32f4xx_hal_msp.o
 .debug_info    0x0000487b     0x20e0 build/stm32f4xx_hal_spi.o
 .debug_info    0x0000695b      0xc71 build/stm32f4xx_hal_rcc.o
 .debug_info    0x000075cc      0x954 build/stm32f4xx_hal_gpio.o
 .debug_info    0x00007f20     0x11a8 build/stm32f4xx_hal_cortex.o
 .debug_info    0x000090c8      0xaef build/stm32f4xx_hal.o
 .debug_info    0x00009bb7     0x1f46 build/stm32f4xx_hal_uart.o
 .debug_info    0x0000bafd      0x66e build/system_stm32f4xx.o
 .debug_info    0x0000c16b     0x1114 build/NRF24L01.o
 .debug_info    0x0000d27f       0x22 build/startup_stm32f401xc.o

.debug_abbrev   0x00000000     0x2000
 .debug_abbrev  0x00000000      0x2de build/main.o
 .debug_abbrev  0x000002de      0x17e build/gpio.o
 .debug_abbrev  0x0000045c      0x1f1 build/spi.o
 .debug_abbrev  0x0000064d      0x2df build/usart.o
 .debug_abbrev  0x0000092c       0xf2 build/stm32f4xx_it.o
 .debug_abbrev  0x00000a1e      0x11c build/stm32f4xx_hal_msp.o
 .debug_abbrev  0x00000b3a      0x2d2 build/stm32f4xx_hal_spi.o
 .debug_abbrev  0x00000e0c      0x2cd build/stm32f4xx_hal_rcc.o
 .debug_abbrev  0x000010d9      0x258 build/stm32f4xx_hal_gpio.o
 .debug_abbrev  0x00001331      0x3a8 build/stm32f4xx_hal_cortex.o
 .debug_abbrev  0x000016d9      0x24d build/stm32f4xx_hal.o
 .debug_abbrev  0x00001926      0x329 build/stm32f4xx_hal_uart.o
 .debug_abbrev  0x00001c4f      0x14a build/system_stm32f4xx.o
 .debug_abbrev  0x00001d99      0x255 build/NRF24L01.o
 .debug_abbrev  0x00001fee       0x12 build/startup_stm32f401xc.o

.debug_loc      0x00000000     0x6b83
 .debug_loc     0x00000000       0x66 build/main.o
 .debug_loc     0x00000066       0x38 build/gpio.o
 .debug_loc     0x0000009e      0x108 build/spi.o
 .debug_loc     0x000001a6      0x1e5 build/usart.o
 .debug_loc     0x0000038b       0x20 build/stm32f4xx_it.o
 .debug_loc     0x000003ab       0x2c build/stm32f4xx_hal_msp.o
 .debug_loc     0x000003d7     0x24e5 build/stm32f4xx_hal_spi.o
 .debug_loc     0x000028bc      0x6c7 build/stm32f4xx_hal_rcc.o
 .debug_loc     0x00002f83      0x5db build/stm32f4xx_hal_gpio.o
 .debug_loc     0x0000355e      0x7d4 build/stm32f4xx_hal_cortex.o
 .debug_loc     0x00003d32      0x1e1 build/stm32f4xx_hal.o
 .debug_loc     0x00003f13     0x265b build/stm32f4xx_hal_uart.o
 .debug_loc     0x0000656e      0x16c build/system_stm32f4xx.o
 .debug_loc     0x000066da      0x4a9 build/NRF24L01.o

.debug_aranges  0x00000000      0x840
 .debug_aranges
                0x00000000       0x30 build/main.o
 .debug_aranges
                0x00000030       0x20 build/gpio.o
 .debug_aranges
                0x00000050       0x30 build/spi.o
 .debug_aranges
                0x00000080       0x40 build/usart.o
 .debug_aranges
                0x000000c0       0x60 build/stm32f4xx_it.o
 .debug_aranges
                0x00000120       0x20 build/stm32f4xx_hal_msp.o
 .debug_aranges
                0x00000140      0x1d0 build/stm32f4xx_hal_spi.o
 .debug_aranges
                0x00000310       0x88 build/stm32f4xx_hal_rcc.o
 .debug_aranges
                0x00000398       0x58 build/stm32f4xx_hal_gpio.o
 .debug_aranges
                0x000003f0       0xa8 build/stm32f4xx_hal_cortex.o
 .debug_aranges
                0x00000498       0xf0 build/stm32f4xx_hal.o
 .debug_aranges
                0x00000588      0x200 build/stm32f4xx_hal_uart.o
 .debug_aranges
                0x00000788       0x28 build/system_stm32f4xx.o
 .debug_aranges
                0x000007b0       0x68 build/NRF24L01.o
 .debug_aranges
                0x00000818       0x28 build/startup_stm32f401xc.o

.debug_ranges   0x00000000      0x7d0
 .debug_ranges  0x00000000       0x20 build/main.o
 .debug_ranges  0x00000020       0x10 build/gpio.o
 .debug_ranges  0x00000030       0x20 build/spi.o
 .debug_ranges  0x00000050       0x30 build/usart.o
 .debug_ranges  0x00000080       0x50 build/stm32f4xx_it.o
 .debug_ranges  0x000000d0       0x10 build/stm32f4xx_hal_msp.o
 .debug_ranges  0x000000e0      0x1c0 build/stm32f4xx_hal_spi.o
 .debug_ranges  0x000002a0       0x90 build/stm32f4xx_hal_rcc.o
 .debug_ranges  0x00000330       0x48 build/stm32f4xx_hal_gpio.o
 .debug_ranges  0x00000378       0xf8 build/stm32f4xx_hal_cortex.o
 .debug_ranges  0x00000470       0xe0 build/stm32f4xx_hal.o
 .debug_ranges  0x00000550      0x1f0 build/stm32f4xx_hal_uart.o
 .debug_ranges  0x00000740       0x18 build/system_stm32f4xx.o
 .debug_ranges  0x00000758       0x58 build/NRF24L01.o
 .debug_ranges  0x000007b0       0x20 build/startup_stm32f401xc.o

.debug_line     0x00000000     0x7d36
 .debug_line    0x00000000      0x400 build/main.o
 .debug_line    0x00000400      0x1f8 build/gpio.o
 .debug_line    0x000005f8      0x310 build/spi.o
 .debug_line    0x00000908      0x405 build/usart.o
 .debug_line    0x00000d0d      0x276 build/stm32f4xx_it.o
 .debug_line    0x00000f83      0x1a5 build/stm32f4xx_hal_msp.o
 .debug_line    0x00001128     0x24d7 build/stm32f4xx_hal_spi.o
 .debug_line    0x000035ff      0xb0e build/stm32f4xx_hal_rcc.o
 .debug_line    0x0000410d      0x6ed build/stm32f4xx_hal_gpio.o
 .debug_line    0x000047fa      0x77e build/stm32f4xx_hal_cortex.o
 .debug_line    0x00004f78      0x541 build/stm32f4xx_hal.o
 .debug_line    0x000054b9     0x20d4 build/stm32f4xx_hal_uart.o
 .debug_line    0x0000758d      0x262 build/system_stm32f4xx.o
 .debug_line    0x000077ef      0x4d1 build/NRF24L01.o
 .debug_line    0x00007cc0       0x76 build/startup_stm32f401xc.o

.debug_str      0x00000000     0x2bab
 .debug_str     0x00000000      0xe8c build/main.o
                                0xf87 (size before relaxing)
 .debug_str     0x00000e8c       0xdf build/gpio.o
                                0x463 (size before relaxing)
 .debug_str     0x00000f6b       0x58 build/spi.o
                                0x8da (size before relaxing)
 .debug_str     0x00000fc3       0x63 build/usart.o
                                0xcdc (size before relaxing)
 .debug_str     0x00001026       0xb4 build/stm32f4xx_it.o
                                0x328 (size before relaxing)
 .debug_str     0x000010da       0x29 build/stm32f4xx_hal_msp.o
                                0x3b2 (size before relaxing)
 .debug_str     0x00001103      0x58e build/stm32f4xx_hal_spi.o
                                0xcbd (size before relaxing)
 .debug_str     0x00001691      0x1d5 build/stm32f4xx_hal_rcc.o
                                0x7a3 (size before relaxing)
 .debug_str     0x00001866      0x125 build/stm32f4xx_hal_gpio.o
                                0x5c5 (size before relaxing)
 .debug_str     0x0000198b      0x893 build/stm32f4xx_hal_cortex.o
                                0xb8b (size before relaxing)
 .debug_str     0x0000221e      0x21f build/stm32f4xx_hal.o
                                0xa5e (size before relaxing)
 .debug_str     0x0000243d      0x5ea build/stm32f4xx_hal_uart.o
                                0xdf7 (size before relaxing)
 .debug_str     0x00002a27       0x47 build/system_stm32f4xx.o
                                0x42e (size before relaxing)
 .debug_str     0x00002a6e      0x119 build/NRF24L01.o
                                0x8a1 (size before relaxing)
 .debug_str     0x00002b87       0x24 build/startup_stm32f401xc.o
                                 0x4f (size before relaxing)

.comment        0x00000000       0x79
 .comment       0x00000000       0x79 build/main.o
                                 0x7a (size before relaxing)
 .comment       0x00000079       0x7a build/gpio.o
 .comment       0x00000079       0x7a build/spi.o
 .comment       0x00000079       0x7a build/usart.o
 .comment       0x00000079       0x7a build/stm32f4xx_it.o
 .comment       0x00000079       0x7a build/stm32f4xx_hal_msp.o
 .comment       0x00000079       0x7a build/stm32f4xx_hal_spi.o
 .comment       0x00000079       0x7a build/stm32f4xx_hal_rcc.o
 .comment       0x00000079       0x7a build/stm32f4xx_hal_gpio.o
 .comment       0x00000079       0x7a build/stm32f4xx_hal_cortex.o
 .comment       0x00000079       0x7a build/stm32f4xx_hal.o
 .comment       0x00000079       0x7a build/stm32f4xx_hal_uart.o
 .comment       0x00000079       0x7a build/system_stm32f4xx.o
 .comment       0x00000079       0x7a build/NRF24L01.o

.debug_frame    0x00000000     0x25dc
 .debug_frame   0x00000000       0x60 build/main.o
 .debug_frame   0x00000060       0x34 build/gpio.o
 .debug_frame   0x00000094       0x68 build/spi.o
 .debug_frame   0x000000fc       0x98 build/usart.o
 .debug_frame   0x00000194       0xac build/stm32f4xx_it.o
 .debug_frame   0x00000240       0x28 build/stm32f4xx_hal_msp.o
 .debug_frame   0x00000268      0x640 build/stm32f4xx_hal_spi.o
 .debug_frame   0x000008a8      0x1ac build/stm32f4xx_hal_rcc.o
 .debug_frame   0x00000a54       0xec build/stm32f4xx_hal_gpio.o
 .debug_frame   0x00000b40      0x16c build/stm32f4xx_hal_cortex.o
 .debug_frame   0x00000cac      0x200 build/stm32f4xx_hal.o
 .debug_frame   0x00000eac      0x670 build/stm32f4xx_hal_uart.o
 .debug_frame   0x0000151c       0x30 build/system_stm32f4xx.o
 .debug_frame   0x0000154c      0x15c build/NRF24L01.o
 .debug_frame   0x000016a8       0x2c d:/vs_code_stm32/9 2019-q4-major/bin/../lib/gcc/arm-none-eabi/9.2.1/../../../../arm-none-eabi/lib/thumb/v7e-m+fp/hard\libc_nano.a(lib_a-init.o)
 .debug_frame   0x000016d4       0x20 d:/vs_code_stm32/9 2019-q4-major/bin/../lib/gcc/arm-none-eabi/9.2.1/../../../../arm-none-eabi/lib/thumb/v7e-m+fp/hard\libc_nano.a(lib_a-memset.o)
 .debug_frame   0x000016f4       0xa0 d:/vs_code_stm32/9 2019-q4-major/bin/../lib/gcc/arm-none-eabi/9.2.1/../../../../arm-none-eabi/lib/thumb/v7e-m+fp/hard\libc_nano.a(lib_a-nano-vfprintf_float.o)
 .debug_frame   0x00001794       0x60 d:/vs_code_stm32/9 2019-q4-major/bin/../lib/gcc/arm-none-eabi/9.2.1/../../../../arm-none-eabi/lib/thumb/v7e-m+fp/hard\libc_nano.a(lib_a-nano-vfprintf_i.o)
 .debug_frame   0x000017f4       0x3c d:/vs_code_stm32/9 2019-q4-major/bin/../lib/gcc/arm-none-eabi/9.2.1/../../../../arm-none-eabi/lib/thumb/v7e-m+fp/hard\libc_nano.a(lib_a-puts.o)
 .debug_frame   0x00001830       0x40 d:/vs_code_stm32/9 2019-q4-major/bin/../lib/gcc/arm-none-eabi/9.2.1/../../../../arm-none-eabi/lib/thumb/v7e-m+fp/hard\libc_nano.a(lib_a-wbuf.o)
 .debug_frame   0x00001870       0x2c d:/vs_code_stm32/9 2019-q4-major/bin/../lib/gcc/arm-none-eabi/9.2.1/../../../../arm-none-eabi/lib/thumb/v7e-m+fp/hard\libc_nano.a(lib_a-wsetup.o)
 .debug_frame   0x0000189c       0x7c d:/vs_code_stm32/9 2019-q4-major/bin/../lib/gcc/arm-none-eabi/9.2.1/../../../../arm-none-eabi/lib/thumb/v7e-m+fp/hard\libc_nano.a(lib_a-dtoa.o)
 .debug_frame   0x00001918       0x5c d:/vs_code_stm32/9 2019-q4-major/bin/../lib/gcc/arm-none-eabi/9.2.1/../../../../arm-none-eabi/lib/thumb/v7e-m+fp/hard\libc_nano.a(lib_a-fflush.o)
 .debug_frame   0x00001974      0x14c d:/vs_code_stm32/9 2019-q4-major/bin/../lib/gcc/arm-none-eabi/9.2.1/../../../../arm-none-eabi/lib/thumb/v7e-m+fp/hard\libc_nano.a(lib_a-findfp.o)
 .debug_frame   0x00001ac0       0x54 d:/vs_code_stm32/9 2019-q4-major/bin/../lib/gcc/arm-none-eabi/9.2.1/../../../../arm-none-eabi/lib/thumb/v7e-m+fp/hard\libc_nano.a(lib_a-fwalk.o)
 .debug_frame   0x00001b14       0x40 d:/vs_code_stm32/9 2019-q4-major/bin/../lib/gcc/arm-none-eabi/9.2.1/../../../../arm-none-eabi/lib/thumb/v7e-m+fp/hard\libc_nano.a(lib_a-localeconv.o)
 .debug_frame   0x00001b54       0xb0 d:/vs_code_stm32/9 2019-q4-major/bin/../lib/gcc/arm-none-eabi/9.2.1/../../../../arm-none-eabi/lib/thumb/v7e-m+fp/hard\libc_nano.a(lib_a-lock.o)
 .debug_frame   0x00001c04       0x58 d:/vs_code_stm32/9 2019-q4-major/bin/../lib/gcc/arm-none-eabi/9.2.1/../../../../arm-none-eabi/lib/thumb/v7e-m+fp/hard\libc_nano.a(lib_a-makebuf.o)
 .debug_frame   0x00001c5c       0x30 d:/vs_code_stm32/9 2019-q4-major/bin/../lib/gcc/arm-none-eabi/9.2.1/../../../../arm-none-eabi/lib/thumb/v7e-m+fp/hard\libc_nano.a(lib_a-malloc.o)
 .debug_frame   0x00001c8c       0x28 d:/vs_code_stm32/9 2019-q4-major/bin/../lib/gcc/arm-none-eabi/9.2.1/../../../../arm-none-eabi/lib/thumb/v7e-m+fp/hard\libc_nano.a(lib_a-memcpy-stub.o)
 .debug_frame   0x00001cb4      0x25c d:/vs_code_stm32/9 2019-q4-major/bin/../lib/gcc/arm-none-eabi/9.2.1/../../../../arm-none-eabi/lib/thumb/v7e-m+fp/hard\libc_nano.a(lib_a-mprec.o)
 .debug_frame   0x00001f10       0x2c d:/vs_code_stm32/9 2019-q4-major/bin/../lib/gcc/arm-none-eabi/9.2.1/../../../../arm-none-eabi/lib/thumb/v7e-m+fp/hard\libc_nano.a(lib_a-nano-callocr.o)
 .debug_frame   0x00001f3c       0x38 d:/vs_code_stm32/9 2019-q4-major/bin/../lib/gcc/arm-none-eabi/9.2.1/../../../../arm-none-eabi/lib/thumb/v7e-m+fp/hard\libc_nano.a(lib_a-nano-freer.o)
 .debug_frame   0x00001f74       0x30 d:/vs_code_stm32/9 2019-q4-major/bin/../lib/gcc/arm-none-eabi/9.2.1/../../../../arm-none-eabi/lib/thumb/v7e-m+fp/hard\libc_nano.a(lib_a-nano-mallocr.o)
 .debug_frame   0x00001fa4       0x2c d:/vs_code_stm32/9 2019-q4-major/bin/../lib/gcc/arm-none-eabi/9.2.1/../../../../arm-none-eabi/lib/thumb/v7e-m+fp/hard\libc_nano.a(lib_a-sbrkr.o)
 .debug_frame   0x00001fd0       0x88 d:/vs_code_stm32/9 2019-q4-major/bin/../lib/gcc/arm-none-eabi/9.2.1/../../../../arm-none-eabi/lib/thumb/v7e-m+fp/hard\libc_nano.a(lib_a-stdio.o)
 .debug_frame   0x00002058       0x2c d:/vs_code_stm32/9 2019-q4-major/bin/../lib/gcc/arm-none-eabi/9.2.1/../../../../arm-none-eabi/lib/thumb/v7e-m+fp/hard\libc_nano.a(lib_a-writer.o)
 .debug_frame   0x00002084       0x2c d:/vs_code_stm32/9 2019-q4-major/bin/../lib/gcc/arm-none-eabi/9.2.1/../../../../arm-none-eabi/lib/thumb/v7e-m+fp/hard\libc_nano.a(lib_a-closer.o)
 .debug_frame   0x000020b0       0x2c d:/vs_code_stm32/9 2019-q4-major/bin/../lib/gcc/arm-none-eabi/9.2.1/../../../../arm-none-eabi/lib/thumb/v7e-m+fp/hard\libc_nano.a(lib_a-fstatr.o)
 .debug_frame   0x000020dc       0x2c d:/vs_code_stm32/9 2019-q4-major/bin/../lib/gcc/arm-none-eabi/9.2.1/../../../../arm-none-eabi/lib/thumb/v7e-m+fp/hard\libc_nano.a(lib_a-isattyr.o)
 .debug_frame   0x00002108       0x48 d:/vs_code_stm32/9 2019-q4-major/bin/../lib/gcc/arm-none-eabi/9.2.1/../../../../arm-none-eabi/lib/thumb/v7e-m+fp/hard\libc_nano.a(lib_a-locale.o)
 .debug_frame   0x00002150       0x2c d:/vs_code_stm32/9 2019-q4-major/bin/../lib/gcc/arm-none-eabi/9.2.1/../../../../arm-none-eabi/lib/thumb/v7e-m+fp/hard\libc_nano.a(lib_a-lseekr.o)
 .debug_frame   0x0000217c       0x48 d:/vs_code_stm32/9 2019-q4-major/bin/../lib/gcc/arm-none-eabi/9.2.1/../../../../arm-none-eabi/lib/thumb/v7e-m+fp/hard\libc_nano.a(lib_a-mbtowc_r.o)
 .debug_frame   0x000021c4       0x30 d:/vs_code_stm32/9 2019-q4-major/bin/../lib/gcc/arm-none-eabi/9.2.1/../../../../arm-none-eabi/lib/thumb/v7e-m+fp/hard\libc_nano.a(lib_a-mlock.o)
 .debug_frame   0x000021f4       0x2c d:/vs_code_stm32/9 2019-q4-major/bin/../lib/gcc/arm-none-eabi/9.2.1/../../../../arm-none-eabi/lib/thumb/v7e-m+fp/hard\libc_nano.a(lib_a-readr.o)
 .debug_frame   0x00002220       0x5c d:/vs_code_stm32/9 2019-q4-major/bin/../lib/gcc/arm-none-eabi/9.2.1/../../../../arm-none-eabi/lib/thumb/v7e-m+fp/hard\libc_nano.a(lib_a-reent.o)
 .debug_frame   0x0000227c       0x3c d:/vs_code_stm32/9 2019-q4-major/bin/../lib/gcc/arm-none-eabi/9.2.1/../../../../arm-none-eabi/lib/thumb/v7e-m+fp/hard\libc_nano.a(lib_a-wctomb_r.o)
 .debug_frame   0x000022b8       0x20 d:/vs_code_stm32/9 2019-q4-major/bin/../lib/gcc/arm-none-eabi/9.2.1/../../../../arm-none-eabi/lib/thumb/v7e-m+fp/hard\libnosys.a(close.o)
 .debug_frame   0x000022d8       0x20 d:/vs_code_stm32/9 2019-q4-major/bin/../lib/gcc/arm-none-eabi/9.2.1/../../../../arm-none-eabi/lib/thumb/v7e-m+fp/hard\libnosys.a(fstat.o)
 .debug_frame   0x000022f8       0x20 d:/vs_code_stm32/9 2019-q4-major/bin/../lib/gcc/arm-none-eabi/9.2.1/../../../../arm-none-eabi/lib/thumb/v7e-m+fp/hard\libnosys.a(isatty.o)
 .debug_frame   0x00002318       0x20 d:/vs_code_stm32/9 2019-q4-major/bin/../lib/gcc/arm-none-eabi/9.2.1/../../../../arm-none-eabi/lib/thumb/v7e-m+fp/hard\libnosys.a(lseek.o)
 .debug_frame   0x00002338       0x20 d:/vs_code_stm32/9 2019-q4-major/bin/../lib/gcc/arm-none-eabi/9.2.1/../../../../arm-none-eabi/lib/thumb/v7e-m+fp/hard\libnosys.a(read.o)
 .debug_frame   0x00002358       0x20 d:/vs_code_stm32/9 2019-q4-major/bin/../lib/gcc/arm-none-eabi/9.2.1/../../../../arm-none-eabi/lib/thumb/v7e-m+fp/hard\libnosys.a(sbrk.o)
 .debug_frame   0x00002378       0xac d:/vs_code_stm32/9 2019-q4-major/bin/../lib/gcc/arm-none-eabi/9.2.1/thumb/v7e-m+fp/hard\libgcc.a(_arm_addsubdf3.o)
 .debug_frame   0x00002424       0x50 d:/vs_code_stm32/9 2019-q4-major/bin/../lib/gcc/arm-none-eabi/9.2.1/thumb/v7e-m+fp/hard\libgcc.a(_arm_muldivdf3.o)
 .debug_frame   0x00002474       0xc4 d:/vs_code_stm32/9 2019-q4-major/bin/../lib/gcc/arm-none-eabi/9.2.1/thumb/v7e-m+fp/hard\libgcc.a(_arm_cmpdf2.o)
 .debug_frame   0x00002538       0x20 d:/vs_code_stm32/9 2019-q4-major/bin/../lib/gcc/arm-none-eabi/9.2.1/thumb/v7e-m+fp/hard\libgcc.a(_arm_unorddf2.o)
 .debug_frame   0x00002558       0x24 d:/vs_code_stm32/9 2019-q4-major/bin/../lib/gcc/arm-none-eabi/9.2.1/thumb/v7e-m+fp/hard\libgcc.a(_arm_fixdfsi.o)
 .debug_frame   0x0000257c       0x2c d:/vs_code_stm32/9 2019-q4-major/bin/../lib/gcc/arm-none-eabi/9.2.1/thumb/v7e-m+fp/hard\libgcc.a(_aeabi_uldivmod.o)
 .debug_frame   0x000025a8       0x34 d:/vs_code_stm32/9 2019-q4-major/bin/../lib/gcc/arm-none-eabi/9.2.1/thumb/v7e-m+fp/hard\libgcc.a(_udivmoddi4.o)

.stab           0x00000000       0x84
 .stab          0x00000000       0x24 d:/vs_code_stm32/9 2019-q4-major/bin/../lib/gcc/arm-none-eabi/9.2.1/../../../../arm-none-eabi/lib/thumb/v7e-m+fp/hard\libnosys.a(close.o)
 .stab          0x00000024       0x18 d:/vs_code_stm32/9 2019-q4-major/bin/../lib/gcc/arm-none-eabi/9.2.1/../../../../arm-none-eabi/lib/thumb/v7e-m+fp/hard\libnosys.a(fstat.o)
                                 0x24 (size before relaxing)
 .stab          0x0000003c       0x18 d:/vs_code_stm32/9 2019-q4-major/bin/../lib/gcc/arm-none-eabi/9.2.1/../../../../arm-none-eabi/lib/thumb/v7e-m+fp/hard\libnosys.a(isatty.o)
                                 0x24 (size before relaxing)
 .stab          0x00000054       0x18 d:/vs_code_stm32/9 2019-q4-major/bin/../lib/gcc/arm-none-eabi/9.2.1/../../../../arm-none-eabi/lib/thumb/v7e-m+fp/hard\libnosys.a(lseek.o)
                                 0x24 (size before relaxing)
 .stab          0x0000006c       0x18 d:/vs_code_stm32/9 2019-q4-major/bin/../lib/gcc/arm-none-eabi/9.2.1/../../../../arm-none-eabi/lib/thumb/v7e-m+fp/hard\libnosys.a(read.o)
                                 0x24 (size before relaxing)

.stabstr        0x00000000      0x117
 .stabstr       0x00000000      0x117 d:/vs_code_stm32/9 2019-q4-major/bin/../lib/gcc/arm-none-eabi/9.2.1/../../../../arm-none-eabi/lib/thumb/v7e-m+fp/hard\libnosys.a(close.o)

Cross Reference Table

Symbol                                            File
ADC_IRQHandler                                    build/startup_stm32f401xc.o
AHBPrescTable                                     build/system_stm32f4xx.o
                                                  build/stm32f4xx_hal_rcc.o
APBPrescTable                                     build/system_stm32f4xx.o
                                                  build/stm32f4xx_hal_rcc.o
BusFault_Handler                                  build/stm32f4xx_it.o
DMA1_Stream0_IRQHandler                           build/startup_stm32f401xc.o
DMA1_Stream1_IRQHandler                           build/startup_stm32f401xc.o
DMA1_Stream2_IRQHandler                           build/startup_stm32f401xc.o
DMA1_Stream3_IRQHandler                           build/startup_stm32f401xc.o
DMA1_Stream4_IRQHandler                           build/startup_stm32f401xc.o
DMA1_Stream5_IRQHandler                           build/startup_stm32f401xc.o
DMA1_Stream6_IRQHandler                           build/startup_stm32f401xc.o
DMA1_Stream7_IRQHandler                           build/startup_stm32f401xc.o
DMA2_Stream0_IRQHandler                           build/startup_stm32f401xc.o
DMA2_Stream1_IRQHandler                           build/startup_stm32f401xc.o
DMA2_Stream2_IRQHandler                           build/startup_stm32f401xc.o
DMA2_Stream3_IRQHandler                           build/startup_stm32f401xc.o
DMA2_Stream4_IRQHandler                           build/startup_stm32f401xc.o
DMA2_Stream5_IRQHandler                           build/startup_stm32f401xc.o
DMA2_Stream6_IRQHandler                           build/startup_stm32f401xc.o
DMA2_Stream7_IRQHandler                           build/startup_stm32f401xc.o
DebugMon_Handler                                  build/stm32f4xx_it.o
Default_Handler                                   build/startup_stm32f401xc.o
EXTI0_IRQHandler                                  build/startup_stm32f401xc.o
EXTI15_10_IRQHandler                              build/startup_stm32f401xc.o
EXTI1_IRQHandler                                  build/startup_stm32f401xc.o
EXTI2_IRQHandler                                  build/startup_stm32f401xc.o
EXTI3_IRQHandler                                  build/startup_stm32f401xc.o
EXTI4_IRQHandler                                  build/startup_stm32f401xc.o
EXTI9_5_IRQHandler                                build/startup_stm32f401xc.o
Error_Handler                                     build/main.o
                                                  build/usart.o
                                                  build/spi.o
FLASH_Erase_Sector                                build/stm32f4xx_hal_flash_ex.o
                                                  build/stm32f4xx_hal_flash.o
FLASH_FlushCaches                                 build/stm32f4xx_hal_flash_ex.o
                                                  build/stm32f4xx_hal_flash.o
FLASH_IRQHandler                                  build/startup_stm32f401xc.o
FLASH_WaitForLastOperation                        build/stm32f4xx_hal_flash.o
                                                  build/stm32f4xx_hal_flash_ex.o
FPU_IRQHandler                                    build/startup_stm32f401xc.o
HAL_DBGMCU_DisableDBGSleepMode                    build/stm32f4xx_hal.o
HAL_DBGMCU_DisableDBGStandbyMode                  build/stm32f4xx_hal.o
HAL_DBGMCU_DisableDBGStopMode                     build/stm32f4xx_hal.o
HAL_DBGMCU_EnableDBGSleepMode                     build/stm32f4xx_hal.o
HAL_DBGMCU_EnableDBGStandbyMode                   build/stm32f4xx_hal.o
HAL_DBGMCU_EnableDBGStopMode                      build/stm32f4xx_hal.o
HAL_DMAEx_ChangeMemory                            build/stm32f4xx_hal_dma_ex.o
HAL_DMAEx_MultiBufferStart                        build/stm32f4xx_hal_dma_ex.o
HAL_DMAEx_MultiBufferStart_IT                     build/stm32f4xx_hal_dma_ex.o
HAL_DMA_Abort                                     build/stm32f4xx_hal_dma.o
                                                  build/stm32f4xx_hal_uart.o
                                                  build/stm32f4xx_hal_spi.o
HAL_DMA_Abort_IT                                  build/stm32f4xx_hal_dma.o
                                                  build/stm32f4xx_hal_uart.o
                                                  build/stm32f4xx_hal_spi.o
HAL_DMA_DeInit                                    build/stm32f4xx_hal_dma.o
HAL_DMA_GetError                                  build/stm32f4xx_hal_dma.o
                                                  build/stm32f4xx_hal_uart.o
HAL_DMA_GetState                                  build/stm32f4xx_hal_dma.o
HAL_DMA_IRQHandler                                build/stm32f4xx_hal_dma.o
HAL_DMA_Init                                      build/stm32f4xx_hal_dma.o
HAL_DMA_PollForTransfer                           build/stm32f4xx_hal_dma.o
HAL_DMA_RegisterCallback                          build/stm32f4xx_hal_dma.o
HAL_DMA_Start                                     build/stm32f4xx_hal_dma.o
HAL_DMA_Start_IT                                  build/stm32f4xx_hal_dma.o
                                                  build/stm32f4xx_hal_uart.o
                                                  build/stm32f4xx_hal_spi.o
HAL_DMA_UnRegisterCallback                        build/stm32f4xx_hal_dma.o
HAL_DeInit                                        build/stm32f4xx_hal.o
HAL_Delay                                         build/stm32f4xx_hal.o
                                                  build/NRF24L01.o
                                                  build/main.o
HAL_DisableCompensationCell                       build/stm32f4xx_hal.o
HAL_EXTI_ClearConfigLine                          build/stm32f4xx_hal_exti.o
HAL_EXTI_ClearPending                             build/stm32f4xx_hal_exti.o
HAL_EXTI_GenerateSWI                              build/stm32f4xx_hal_exti.o
HAL_EXTI_GetConfigLine                            build/stm32f4xx_hal_exti.o
HAL_EXTI_GetHandle                                build/stm32f4xx_hal_exti.o
HAL_EXTI_GetPending                               build/stm32f4xx_hal_exti.o
HAL_EXTI_IRQHandler                               build/stm32f4xx_hal_exti.o
HAL_EXTI_RegisterCallback                         build/stm32f4xx_hal_exti.o
HAL_EXTI_SetConfigLine                            build/stm32f4xx_hal_exti.o
HAL_EnableCompensationCell                        build/stm32f4xx_hal.o
HAL_FLASHEx_AdvOBGetConfig                        build/stm32f4xx_hal_flash_ex.o
HAL_FLASHEx_AdvOBProgram                          build/stm32f4xx_hal_flash_ex.o
HAL_FLASHEx_Erase                                 build/stm32f4xx_hal_flash_ex.o
HAL_FLASHEx_Erase_IT                              build/stm32f4xx_hal_flash_ex.o
HAL_FLASHEx_OBGetConfig                           build/stm32f4xx_hal_flash_ex.o
HAL_FLASHEx_OBProgram                             build/stm32f4xx_hal_flash_ex.o
HAL_FLASHEx_OB_DeSelectPCROP                      build/stm32f4xx_hal_flash_ex.o
HAL_FLASHEx_OB_SelectPCROP                        build/stm32f4xx_hal_flash_ex.o
HAL_FLASH_EndOfOperationCallback                  build/stm32f4xx_hal_flash.o
HAL_FLASH_GetError                                build/stm32f4xx_hal_flash.o
HAL_FLASH_IRQHandler                              build/stm32f4xx_hal_flash.o
HAL_FLASH_Lock                                    build/stm32f4xx_hal_flash.o
HAL_FLASH_OB_Launch                               build/stm32f4xx_hal_flash.o
HAL_FLASH_OB_Lock                                 build/stm32f4xx_hal_flash.o
HAL_FLASH_OB_Unlock                               build/stm32f4xx_hal_flash.o
HAL_FLASH_OperationErrorCallback                  build/stm32f4xx_hal_flash.o
HAL_FLASH_Program                                 build/stm32f4xx_hal_flash.o
HAL_FLASH_Program_IT                              build/stm32f4xx_hal_flash.o
HAL_FLASH_Unlock                                  build/stm32f4xx_hal_flash.o
HAL_GPIO_DeInit                                   build/stm32f4xx_hal_gpio.o
                                                  build/usart.o
                                                  build/spi.o
HAL_GPIO_EXTI_Callback                            build/stm32f4xx_hal_gpio.o
HAL_GPIO_EXTI_IRQHandler                          build/stm32f4xx_hal_gpio.o
HAL_GPIO_Init                                     build/stm32f4xx_hal_gpio.o
                                                  build/stm32f4xx_hal_rcc.o
                                                  build/usart.o
                                                  build/spi.o
                                                  build/gpio.o
HAL_GPIO_LockPin                                  build/stm32f4xx_hal_gpio.o
HAL_GPIO_ReadPin                                  build/stm32f4xx_hal_gpio.o
                                                  build/NRF24L01.o
HAL_GPIO_TogglePin                                build/stm32f4xx_hal_gpio.o
HAL_GPIO_WritePin                                 build/stm32f4xx_hal_gpio.o
                                                  build/NRF24L01.o
                                                  build/gpio.o
HAL_GetDEVID                                      build/stm32f4xx_hal.o
HAL_GetHalVersion                                 build/stm32f4xx_hal.o
HAL_GetREVID                                      build/stm32f4xx_hal.o
HAL_GetTick                                       build/stm32f4xx_hal.o
                                                  build/stm32f4xx_hal_uart.o
                                                  build/stm32f4xx_hal_pwr_ex.o
                                                  build/stm32f4xx_hal_dma.o
                                                  build/stm32f4xx_hal_flash.o
                                                  build/stm32f4xx_hal_rcc_ex.o
                                                  build/stm32f4xx_hal_rcc.o
                                                  build/stm32f4xx_hal_spi.o
HAL_GetTickFreq                                   build/stm32f4xx_hal.o
HAL_GetTickPrio                                   build/stm32f4xx_hal.o
HAL_GetUIDw0                                      build/stm32f4xx_hal.o
HAL_GetUIDw1                                      build/stm32f4xx_hal.o
HAL_GetUIDw2                                      build/stm32f4xx_hal.o
HAL_HalfDuplex_EnableReceiver                     build/stm32f4xx_hal_uart.o
HAL_HalfDuplex_EnableTransmitter                  build/stm32f4xx_hal_uart.o
HAL_HalfDuplex_Init                               build/stm32f4xx_hal_uart.o
HAL_IncTick                                       build/stm32f4xx_hal.o
                                                  build/stm32f4xx_it.o
HAL_Init                                          build/stm32f4xx_hal.o
                                                  build/main.o
HAL_InitTick                                      build/stm32f4xx_hal.o
                                                  build/stm32f4xx_hal_rcc_ex.o
                                                  build/stm32f4xx_hal_rcc.o
HAL_LIN_Init                                      build/stm32f4xx_hal_uart.o
HAL_LIN_SendBreak                                 build/stm32f4xx_hal_uart.o
HAL_MPU_ConfigRegion                              build/stm32f4xx_hal_cortex.o
HAL_MPU_Disable                                   build/stm32f4xx_hal_cortex.o
HAL_MPU_Enable                                    build/stm32f4xx_hal_cortex.o
HAL_MspDeInit                                     build/stm32f4xx_hal.o
HAL_MspInit                                       build/stm32f4xx_hal_msp.o
HAL_MultiProcessor_EnterMuteMode                  build/stm32f4xx_hal_uart.o
HAL_MultiProcessor_ExitMuteMode                   build/stm32f4xx_hal_uart.o
HAL_MultiProcessor_Init                           build/stm32f4xx_hal_uart.o
HAL_NVIC_ClearPendingIRQ                          build/stm32f4xx_hal_cortex.o
HAL_NVIC_DisableIRQ                               build/stm32f4xx_hal_cortex.o
HAL_NVIC_EnableIRQ                                build/stm32f4xx_hal_cortex.o
HAL_NVIC_GetActive                                build/stm32f4xx_hal_cortex.o
HAL_NVIC_GetPendingIRQ                            build/stm32f4xx_hal_cortex.o
HAL_NVIC_GetPriority                              build/stm32f4xx_hal_cortex.o
HAL_NVIC_GetPriorityGrouping                      build/stm32f4xx_hal_cortex.o
HAL_NVIC_SetPendingIRQ                            build/stm32f4xx_hal_cortex.o
HAL_NVIC_SetPriority                              build/stm32f4xx_hal_cortex.o
                                                  build/stm32f4xx_hal.o
HAL_NVIC_SetPriorityGrouping                      build/stm32f4xx_hal_cortex.o
                                                  build/stm32f4xx_hal.o
HAL_NVIC_SystemReset                              build/stm32f4xx_hal_cortex.o
HAL_PWREx_ControlVoltageScaling                   build/stm32f4xx_hal_pwr_ex.o
HAL_PWREx_DisableBkUpReg                          build/stm32f4xx_hal_pwr_ex.o
HAL_PWREx_DisableFlashPowerDown                   build/stm32f4xx_hal_pwr_ex.o
HAL_PWREx_DisableLowRegulatorLowVoltage           build/stm32f4xx_hal_pwr_ex.o
HAL_PWREx_DisableMainRegulatorLowVoltage          build/stm32f4xx_hal_pwr_ex.o
HAL_PWREx_EnableBkUpReg                           build/stm32f4xx_hal_pwr_ex.o
HAL_PWREx_EnableFlashPowerDown                    build/stm32f4xx_hal_pwr_ex.o
HAL_PWREx_EnableLowRegulatorLowVoltage            build/stm32f4xx_hal_pwr_ex.o
HAL_PWREx_EnableMainRegulatorLowVoltage           build/stm32f4xx_hal_pwr_ex.o
HAL_PWREx_GetVoltageRange                         build/stm32f4xx_hal_pwr_ex.o
HAL_PWR_ConfigPVD                                 build/stm32f4xx_hal_pwr.o
HAL_PWR_DeInit                                    build/stm32f4xx_hal_pwr.o
HAL_PWR_DisableBkUpAccess                         build/stm32f4xx_hal_pwr.o
HAL_PWR_DisablePVD                                build/stm32f4xx_hal_pwr.o
HAL_PWR_DisableSEVOnPend                          build/stm32f4xx_hal_pwr.o
HAL_PWR_DisableSleepOnExit                        build/stm32f4xx_hal_pwr.o
HAL_PWR_DisableWakeUpPin                          build/stm32f4xx_hal_pwr.o
HAL_PWR_EnableBkUpAccess                          build/stm32f4xx_hal_pwr.o
HAL_PWR_EnablePVD                                 build/stm32f4xx_hal_pwr.o
HAL_PWR_EnableSEVOnPend                           build/stm32f4xx_hal_pwr.o
HAL_PWR_EnableSleepOnExit                         build/stm32f4xx_hal_pwr.o
HAL_PWR_EnableWakeUpPin                           build/stm32f4xx_hal_pwr.o
HAL_PWR_EnterSLEEPMode                            build/stm32f4xx_hal_pwr.o
HAL_PWR_EnterSTANDBYMode                          build/stm32f4xx_hal_pwr.o
HAL_PWR_EnterSTOPMode                             build/stm32f4xx_hal_pwr.o
HAL_PWR_PVDCallback                               build/stm32f4xx_hal_pwr.o
HAL_PWR_PVD_IRQHandler                            build/stm32f4xx_hal_pwr.o
HAL_RCCEx_DisablePLLI2S                           build/stm32f4xx_hal_rcc_ex.o
HAL_RCCEx_EnablePLLI2S                            build/stm32f4xx_hal_rcc_ex.o
HAL_RCCEx_GetPeriphCLKConfig                      build/stm32f4xx_hal_rcc_ex.o
HAL_RCCEx_GetPeriphCLKFreq                        build/stm32f4xx_hal_rcc_ex.o
HAL_RCCEx_PeriphCLKConfig                         build/stm32f4xx_hal_rcc_ex.o
HAL_RCC_CSSCallback                               build/stm32f4xx_hal_rcc.o
HAL_RCC_ClockConfig                               build/stm32f4xx_hal_rcc.o
                                                  build/main.o
HAL_RCC_DeInit                                    build/stm32f4xx_hal_rcc_ex.o
                                                  build/stm32f4xx_hal_rcc.o
HAL_RCC_DisableCSS                                build/stm32f4xx_hal_rcc.o
HAL_RCC_EnableCSS                                 build/stm32f4xx_hal_rcc.o
HAL_RCC_GetClockConfig                            build/stm32f4xx_hal_rcc.o
HAL_RCC_GetHCLKFreq                               build/stm32f4xx_hal_rcc.o
HAL_RCC_GetOscConfig                              build/stm32f4xx_hal_rcc.o
HAL_RCC_GetPCLK1Freq                              build/stm32f4xx_hal_rcc.o
                                                  build/stm32f4xx_hal_uart.o
HAL_RCC_GetPCLK2Freq                              build/stm32f4xx_hal_rcc.o
                                                  build/stm32f4xx_hal_uart.o
HAL_RCC_GetSysClockFreq                           build/stm32f4xx_hal_rcc.o
HAL_RCC_MCOConfig                                 build/stm32f4xx_hal_rcc.o
HAL_RCC_NMI_IRQHandler                            build/stm32f4xx_hal_rcc.o
HAL_RCC_OscConfig                                 build/stm32f4xx_hal_rcc.o
                                                  build/main.o
HAL_ResumeTick                                    build/stm32f4xx_hal.o
HAL_SPI_Abort                                     build/stm32f4xx_hal_spi.o
HAL_SPI_AbortCpltCallback                         build/stm32f4xx_hal_spi.o
HAL_SPI_Abort_IT                                  build/stm32f4xx_hal_spi.o
HAL_SPI_DMAPause                                  build/stm32f4xx_hal_spi.o
HAL_SPI_DMAResume                                 build/stm32f4xx_hal_spi.o
HAL_SPI_DMAStop                                   build/stm32f4xx_hal_spi.o
HAL_SPI_DeInit                                    build/stm32f4xx_hal_spi.o