Archive member included to satisfy reference by file (symbol)

d:/vs_code_stm32/9 2019-q4-major/bin/../lib/gcc/arm-none-eabi/9.2.1/../../../../arm-none-eabi/lib/thumb/v7e-m+fp/hard\libc_nano.a(lib_a-exit.o)
                              d:/vs_code_stm32/9 2019-q4-major/bin/../lib/gcc/arm-none-eabi/9.2.1/../../../../arm-none-eabi/lib/thumb/v7e-m+fp/hard/crt0.o (exit)
d:/vs_code_stm32/9 2019-q4-major/bin/../lib/gcc/arm-none-eabi/9.2.1/../../../../arm-none-eabi/lib/thumb/v7e-m+fp/hard\libc_nano.a(lib_a-impure.o)
                              d:/vs_code_stm32/9 2019-q4-major/bin/../lib/gcc/arm-none-eabi/9.2.1/../../../../arm-none-eabi/lib/thumb/v7e-m+fp/hard\libc_nano.a(lib_a-exit.o) (_global_impure_ptr)
d:/vs_code_stm32/9 2019-q4-major/bin/../lib/gcc/arm-none-eabi/9.2.1/../../../../arm-none-eabi/lib/thumb/v7e-m+fp/hard\libc_nano.a(lib_a-init.o)
                              d:/vs_code_stm32/9 2019-q4-major/bin/../lib/gcc/arm-none-eabi/9.2.1/../../../../arm-none-eabi/lib/thumb/v7e-m+fp/hard/crt0.o (__libc_init_array)
d:/vs_code_stm32/9 2019-q4-major/bin/../lib/gcc/arm-none-eabi/9.2.1/../../../../arm-none-eabi/lib/thumb/v7e-m+fp/hard\libc_nano.a(lib_a-memcpy-stub.o)
                              build/SEGGER_RTT.o (memcpy)
d:/vs_code_stm32/9 2019-q4-major/bin/../lib/gcc/arm-none-eabi/9.2.1/../../../../arm-none-eabi/lib/thumb/v7e-m+fp/hard\libc_nano.a(lib_a-memset.o)
                              d:/vs_code_stm32/9 2019-q4-major/bin/../lib/gcc/arm-none-eabi/9.2.1/../../../../arm-none-eabi/lib/thumb/v7e-m+fp/hard/crt0.o (memset)
d:/vs_code_stm32/9 2019-q4-major/bin/../lib/gcc/arm-none-eabi/9.2.1/../../../../arm-none-eabi/lib/thumb/v7e-m+fp/hard\libc_nano.a(lib_a-nano-vfprintf_float.o)
                              (_printf_float)
d:/vs_code_stm32/9 2019-q4-major/bin/../lib/gcc/arm-none-eabi/9.2.1/../../../../arm-none-eabi/lib/thumb/v7e-m+fp/hard\libc_nano.a(lib_a-nano-vfprintf_i.o)
                              d:/vs_code_stm32/9 2019-q4-major/bin/../lib/gcc/arm-none-eabi/9.2.1/../../../../arm-none-eabi/lib/thumb/v7e-m+fp/hard\libc_nano.a(lib_a-nano-vfprintf_float.o) (_printf_common)
d:/vs_code_stm32/9 2019-q4-major/bin/../lib/gcc/arm-none-eabi/9.2.1/../../../../arm-none-eabi/lib/thumb/v7e-m+fp/hard\libc_nano.a(lib_a-printf.o)
                              build/main.o (printf)
d:/vs_code_stm32/9 2019-q4-major/bin/../lib/gcc/arm-none-eabi/9.2.1/../../../../arm-none-eabi/lib/thumb/v7e-m+fp/hard\libc_nano.a(lib_a-puts.o)
                              build/main.o (puts)
d:/vs_code_stm32/9 2019-q4-major/bin/../lib/gcc/arm-none-eabi/9.2.1/../../../../arm-none-eabi/lib/thumb/v7e-m+fp/hard\libc_nano.a(lib_a-strlen.o)
                              build/SEGGER_RTT.o (strlen)
d:/vs_code_stm32/9 2019-q4-major/bin/../lib/gcc/arm-none-eabi/9.2.1/../../../../arm-none-eabi/lib/thumb/v7e-m+fp/hard\libc_nano.a(lib_a-wbuf.o)
                              d:/vs_code_stm32/9 2019-q4-major/bin/../lib/gcc/arm-none-eabi/9.2.1/../../../../arm-none-eabi/lib/thumb/v7e-m+fp/hard\libc_nano.a(lib_a-puts.o) (__swbuf_r)
d:/vs_code_stm32/9 2019-q4-major/bin/../lib/gcc/arm-none-eabi/9.2.1/../../../../arm-none-eabi/lib/thumb/v7e-m+fp/hard\libc_nano.a(lib_a-wsetup.o)
                              d:/vs_code_stm32/9 2019-q4-major/bin/../lib/gcc/arm-none-eabi/9.2.1/../../../../arm-none-eabi/lib/thumb/v7e-m+fp/hard\libc_nano.a(lib_a-puts.o) (__swsetup_r)
d:/vs_code_stm32/9 2019-q4-major/bin/../lib/gcc/arm-none-eabi/9.2.1/../../../../arm-none-eabi/lib/thumb/v7e-m+fp/hard\libc_nano.a(lib_a-dtoa.o)
                              d:/vs_code_stm32/9 2019-q4-major/bin/../lib/gcc/arm-none-eabi/9.2.1/../../../../arm-none-eabi/lib/thumb/v7e-m+fp/hard\libc_nano.a(lib_a-nano-vfprintf_float.o) (_dtoa_r)
d:/vs_code_stm32/9 2019-q4-major/bin/../lib/gcc/arm-none-eabi/9.2.1/../../../../arm-none-eabi/lib/thumb/v7e-m+fp/hard\libc_nano.a(lib_a-fflush.o)
                              d:/vs_code_stm32/9 2019-q4-major/bin/../lib/gcc/arm-none-eabi/9.2.1/../../../../arm-none-eabi/lib/thumb/v7e-m+fp/hard\libc_nano.a(lib_a-wbuf.o) (_fflush_r)
d:/vs_code_stm32/9 2019-q4-major/bin/../lib/gcc/arm-none-eabi/9.2.1/../../../../arm-none-eabi/lib/thumb/v7e-m+fp/hard\libc_nano.a(lib_a-findfp.o)
                              d:/vs_code_stm32/9 2019-q4-major/bin/../lib/gcc/arm-none-eabi/9.2.1/../../../../arm-none-eabi/lib/thumb/v7e-m+fp/hard\libc_nano.a(lib_a-printf.o) (__sinit)
d:/vs_code_stm32/9 2019-q4-major/bin/../lib/gcc/arm-none-eabi/9.2.1/../../../../arm-none-eabi/lib/thumb/v7e-m+fp/hard\libc_nano.a(lib_a-fwalk.o)
                              d:/vs_code_stm32/9 2019-q4-major/bin/../lib/gcc/arm-none-eabi/9.2.1/../../../../arm-none-eabi/lib/thumb/v7e-m+fp/hard\libc_nano.a(lib_a-findfp.o) (_fwalk)
d:/vs_code_stm32/9 2019-q4-major/bin/../lib/gcc/arm-none-eabi/9.2.1/../../../../arm-none-eabi/lib/thumb/v7e-m+fp/hard\libc_nano.a(lib_a-localeconv.o)
[...]
Memory Configuration

Name             Origin             Length             Attributes
RAM              0x20000000         0x00010000         xrw
FLASH            0x08000000         0x00040000         xr
*default*        0x00000000         0xffffffff

Linker script and memory map

LOAD d:/vs_code_stm32/9 2019-q4-major/bin/../lib/gcc/arm-none-eabi/9.2.1/thumb/v7e-m+fp/hard/crti.o
LOAD d:/vs_code_stm32/9 2019-q4-major/bin/../lib/gcc/arm-none-eabi/9.2.1/thumb/v7e-m+fp/hard/crtbegin.o
LOAD d:/vs_code_stm32/9 2019-q4-major/bin/../lib/gcc/arm-none-eabi/9.2.1/../../../../arm-none-eabi/lib/thumb/v7e-m+fp/hard/crt0.o
LOAD build/main.o
LOAD build/gpio.o
LOAD build/spi.o
LOAD build/usart.o
LOAD build/stm32f4xx_it.o
LOAD build/stm32f4xx_hal_msp.o
LOAD build/stm32f4xx_hal_spi.o
LOAD build/stm32f4xx_hal_rcc.o
LOAD build/stm32f4xx_hal_rcc_ex.o
LOAD build/stm32f4xx_hal_flash.o
LOAD build/stm32f4xx_hal_flash_ex.o
LOAD build/stm32f4xx_hal_flash_ramfunc.o
LOAD build/stm32f4xx_hal_gpio.o
LOAD build/stm32f4xx_hal_dma_ex.o
LOAD build/stm32f4xx_hal_dma.o
LOAD build/stm32f4xx_hal_pwr.o
LOAD build/stm32f4xx_hal_pwr_ex.o
LOAD build/stm32f4xx_hal_cortex.o
LOAD build/stm32f4xx_hal.o
LOAD build/stm32f4xx_hal_exti.o
LOAD build/stm32f4xx_hal_tim.o
LOAD build/stm32f4xx_hal_tim_ex.o
LOAD build/stm32f4xx_hal_uart.o
LOAD build/system_stm32f4xx.o
LOAD build/NRF24L01.o
LOAD build/SEGGER_RTT_printf.o
LOAD build/SEGGER_RTT.o
LOAD build/tim.o
LOAD build/startup_stm32f401xc.o
LOAD d:/vs_code_stm32/9 2019-q4-major/bin/../lib/gcc/arm-none-eabi/9.2.1/../../../../arm-none-eabi/lib/thumb/v7e-m+fp/hard\libc_nano.a
LOAD d:/vs_code_stm32/9 2019-q4-major/bin/../lib/gcc/arm-none-eabi/9.2.1/../../../../arm-none-eabi/lib/thumb/v7e-m+fp/hard\libm.a
LOAD d:/vs_code_stm32/9 2019-q4-major/bin/../lib/gcc/arm-none-eabi/9.2.1/../../../../arm-none-eabi/lib/thumb/v7e-m+fp/hard\libnosys.a
START GROUP
LOAD d:/vs_code_stm32/9 2019-q4-major/bin/../lib/gcc/arm-none-eabi/9.2.1/thumb/v7e-m+fp/hard\libgcc.a
LOAD d:/vs_code_stm32/9 2019-q4-major/bin/../lib/gcc/arm-none-eabi/9.2.1/../../../../arm-none-eabi/lib/thumb/v7e-m+fp/hard\libc_nano.a
END GROUP
START GROUP
LOAD d:/vs_code_stm32/9 2019-q4-major/bin/../lib/gcc/arm-none-eabi/9.2.1/thumb/v7e-m+fp/hard\libgcc.a
LOAD d:/vs_code_stm32/9 2019-q4-major/bin/../lib/gcc/arm-none-eabi/9.2.1/../../../../arm-none-eabi/lib/thumb/v7e-m+fp/hard\libc_nano.a
END GROUP
LOAD d:/vs_code_stm32/9 2019-q4-major/bin/../lib/gcc/arm-none-eabi/9.2.1/thumb/v7e-m+fp/hard/crtend.o
LOAD d:/vs_code_stm32/9 2019-q4-major/bin/../lib/gcc/arm-none-eabi/9.2.1/thumb/v7e-m+fp/hard/crtn.o
                0x20010000                _estack = 0x20010000
                0x00000200                _Min_Heap_Size = 0x200
                0x00000400                _Min_Stack_Size = 0x400

.isr_vector     0x08000000      0x194
                0x08000000                . = ALIGN (0x4)
 *(.isr_vector)
 .isr_vector    0x08000000      0x194 build/startup_stm32f401xc.o
                0x08000000                g_pfnVectors
                0x08000194                . = ALIGN (0x4)

.text           0x080001a0     0x53f0
                0x080001a0                . = ALIGN (0x4)
 *(.text)
 .text          0x080001a0       0x40 d:/vs_code_stm32/9 2019-q4-major/bin/../lib/gcc/arm-none-eabi/9.2.1/thumb/v7e-m+fp/hard/crtbegin.o
 .text          0x080001e0       0x10 d:/vs_code_stm32/9 2019-q4-major/bin/../lib/gcc/arm-none-eabi/9.2.1/../../../../arm-none-eabi/lib/thumb/v7e-m+fp/hard\libc_nano.a(lib_a-strlen.o)
                0x080001e0                strlen
 .text          0x080001f0       0xa0 d:/vs_code_stm32/9 2019-q4-major/bin/../lib/gcc/arm-none-eabi/9.2.1/../../../../arm-none-eabi/lib/thumb/v7e-m+fp/hard\libc_nano.a(lib_a-memchr.o)
                0x080001f0                memchr
 .text          0x08000290      0x378 d:/vs_code_stm32/9 2019-q4-major/bin/../lib/gcc/arm-none-eabi/9.2.1/thumb/v7e-m+fp/hard\libgcc.a(_arm_addsubdf3.o)
                0x08000290                __aeabi_drsub
                0x08000298                __aeabi_dsub
                0x08000298                __subdf3
                0x0800029c                __aeabi_dadd
                0x0800029c                __adddf3
                0x08000514                __floatunsidf
                0x08000514                __aeabi_ui2d
                0x08000534                __floatsidf
                0x08000534                __aeabi_i2d
                0x08000558                __aeabi_f2d
                0x08000558                __extendsfdf2
                0x0800059c                __floatundidf
                0x0800059c                __aeabi_ul2d
                0x080005ac                __floatdidf
                0x080005ac                __aeabi_l2d
 .text          0x08000608      0x424 d:/vs_code_stm32/9 2019-q4-major/bin/../lib/gcc/arm-none-eabi/9.2.1/thumb/v7e-m+fp/hard\libgcc.a(_arm_muldivdf3.o)
                0x08000608                __aeabi_dmul
                0x08000608                __muldf3
                0x0800085c                __divdf3
                0x0800085c                __aeabi_ddiv
 .text          0x08000a2c      0x110 d:/vs_code_stm32/9 2019-q4-major/bin/../lib/gcc/arm-none-eabi/9.2.1/thumb/v7e-m+fp/hard\libgcc.a(_arm_cmpdf2.o)
                0x08000a2c                __gtdf2
                0x08000a2c                __gedf2
                0x08000a34                __ltdf2
                0x08000a34                __ledf2
                0x08000a3c                __nedf2
                0x08000a3c                __eqdf2
                0x08000a3c                __cmpdf2
                0x08000ab8                __aeabi_cdrcmple
                0x08000ac8                __aeabi_cdcmpeq
                0x08000ac8                __aeabi_cdcmple
                0x08000ad8                __aeabi_dcmpeq
                0x08000aec                __aeabi_dcmplt
                0x08000b00                __aeabi_dcmple
                0x08000b14                __aeabi_dcmpge
                0x08000b28                __aeabi_dcmpgt
 .text          0x08000b3c       0x2c d:/vs_code_stm32/9 2019-q4-major/bin/../lib/gcc/arm-none-eabi/9.2.1/thumb/v7e-m+fp/hard\libgcc.a(_arm_unorddf2.o)
                0x08000b3c                __unorddf2
                0x08000b3c                __aeabi_dcmpun
 .text          0x08000b68       0x50 d:/vs_code_stm32/9 2019-q4-major/bin/../lib/gcc/arm-none-eabi/9.2.1/thumb/v7e-m+fp/hard\libgcc.a(_arm_fixdfsi.o)
                0x08000b68                __aeabi_d2iz
                0x08000b68                __fixdfsi
 .text          0x08000bb8       0xa0 d:/vs_code_stm32/9 2019-q4-major/bin/../lib/gcc/arm-none-eabi/9.2.1/thumb/v7e-m+fp/hard\libgcc.a(_arm_truncdfsf2.o)
                0x08000bb8                __truncdfsf2
                0x08000bb8                __aeabi_d2f
 .text          0x08000c58       0x30 d:/vs_code_stm32/9 2019-q4-major/bin/../lib/gcc/arm-none-eabi/9.2.1/thumb/v7e-m+fp/hard\libgcc.a(_aeabi_uldivmod.o)
                0x08000c58                __aeabi_uldivmod
 .text          0x08000c88      0x2c4 d:/vs_code_stm32/9 2019-q4-major/bin/../lib/gcc/arm-none-eabi/9.2.1/thumb/v7e-m+fp/hard\libgcc.a(_udivmoddi4.o)
                0x08000c88                __udivmoddi4
 .text          0x08000f4c        0x4 d:/vs_code_stm32/9 2019-q4-major/bin/../lib/gcc/arm-none-eabi/9.2.1/thumb/v7e-m+fp/hard\libgcc.a(_dvmd_tls.o)
                0x08000f4c                __aeabi_idiv0
                0x08000f4c                __aeabi_ldiv0
 *(.text*)
 .text.HAL_TIM_PeriodElapsedCallback
                0x08000f50       0x1c build/main.o
                0x08000f50                HAL_TIM_PeriodElapsedCallback
 .text.Error_Handler
                0x08000f6c        0x4 build/main.o
                0x08000f6c                Error_Handler
 .text.SystemClock_Config
                0x08000f70       0xa8 build/main.o
                0x08000f70                SystemClock_Config
 .text.main     0x08001018      0x144 build/main.o
                0x08001018                main
 .text.MX_GPIO_Init
                0x0800115c       0x94 build/gpio.o
                0x0800115c                MX_GPIO_Init
 .text.MX_SPI2_Init
                0x080011f0       0x44 build/spi.o
                0x080011f0                MX_SPI2_Init
 .text.HAL_SPI_MspInit
                0x08001234       0x74 build/spi.o
                0x08001234                HAL_SPI_MspInit
 .text.MX_USART1_UART_Init
                0x080012a8       0x34 build/usart.o
                0x080012a8                MX_USART1_UART_Init
 .text.HAL_UART_MspInit
                0x080012dc       0x74 build/usart.o
                0x080012dc                HAL_UART_MspInit
 .text.__io_putchar
                0x08001350       0x18 build/usart.o
                0x08001350                __io_putchar
 .text._write   0x08001368       0x1c build/usart.o
                0x08001368                _write
 .text.NMI_Handler
                0x08001384        0x2 build/stm32f4xx_it.o
                0x08001384                NMI_Handler
 .text.HardFault_Handler
                0x08001386        0x2 build/stm32f4xx_it.o
                0x08001386                HardFault_Handler
 .text.MemManage_Handler
                0x08001388        0x2 build/stm32f4xx_it.o
                0x08001388                MemManage_Handler
 .text.BusFault_Handler
                0x0800138a        0x2 build/stm32f4xx_it.o
                0x0800138a                BusFault_Handler
 .text.UsageFault_Handler
                0x0800138c        0x2 build/stm32f4xx_it.o
                0x0800138c                UsageFault_Handler
 .text.SVC_Handler
                0x0800138e        0x2 build/stm32f4xx_it.o
                0x0800138e                SVC_Handler
 .text.DebugMon_Handler
                0x08001390        0x2 build/stm32f4xx_it.o
                0x08001390                DebugMon_Handler
 .text.PendSV_Handler
                0x08001392        0x2 build/stm32f4xx_it.o
                0x08001392                PendSV_Handler
 .text.SysTick_Handler
                0x08001394        0x8 build/stm32f4xx_it.o
                0x08001394                SysTick_Handler
 .text.TIM2_IRQHandler
                0x0800139c       0x10 build/stm32f4xx_it.o
                0x0800139c                TIM2_IRQHandler
 .text.HAL_MspInit
                0x080013ac       0x38 build/stm32f4xx_hal_msp.o
                0x080013ac                HAL_MspInit
 .text.SPI_WaitFlagStateUntilTimeout
                0x080013e4       0xd0 build/stm32f4xx_hal_spi.o
 .text.SPI_EndRxTxTransaction
                0x080014b4       0x68 build/stm32f4xx_hal_spi.o
 .text.HAL_SPI_Init
                0x0800151c       0xbe build/stm32f4xx_hal_spi.o
                0x0800151c                HAL_SPI_Init
 .text.HAL_SPI_TransmitReceive
                0x080015da      0x238 build/stm32f4xx_hal_spi.o
                0x080015da                HAL_SPI_TransmitReceive
 *fill*         0x08001812        0x2 
 .text.HAL_RCC_OscConfig
                0x08001814      0x3f8 build/stm32f4xx_hal_rcc.o
                0x08001814                HAL_RCC_OscConfig
 .text.HAL_RCC_GetSysClockFreq
                0x08001c0c       0xa0 build/stm32f4xx_hal_rcc.o
                0x08001c0c                HAL_RCC_GetSysClockFreq
 .text.HAL_RCC_ClockConfig
                0x08001cac      0x160 build/stm32f4xx_hal_rcc.o
                0x08001cac                HAL_RCC_ClockConfig
 .text.HAL_RCC_GetHCLKFreq
                0x08001e0c        0xc build/stm32f4xx_hal_rcc.o
                0x08001e0c                HAL_RCC_GetHCLKFreq
 .text.HAL_RCC_GetPCLK1Freq
                0x08001e18       0x20 build/stm32f4xx_hal_rcc.o
                0x08001e18                HAL_RCC_GetPCLK1Freq
 .text.HAL_RCC_GetPCLK2Freq
                0x08001e38       0x20 build/stm32f4xx_hal_rcc.o
                0x08001e38                HAL_RCC_GetPCLK2Freq
 .text.HAL_GPIO_Init
                0x08001e58      0x1b0 build/stm32f4xx_hal_gpio.o
                0x08001e58                HAL_GPIO_Init
 .text.HAL_GPIO_ReadPin
                0x08002008        0xe build/stm32f4xx_hal_gpio.o
                0x08002008                HAL_GPIO_ReadPin
 .text.HAL_GPIO_WritePin
                0x08002016        0xc build/stm32f4xx_hal_gpio.o
                0x08002016                HAL_GPIO_WritePin
 *fill*         0x08002022        0x2 
 .text.HAL_NVIC_SetPriorityGrouping
                0x08002024       0x24 build/stm32f4xx_hal_cortex.o
                0x08002024                HAL_NVIC_SetPriorityGrouping
 .text.HAL_NVIC_SetPriority
                0x08002048       0x68 build/stm32f4xx_hal_cortex.o
                0x08002048                HAL_NVIC_SetPriority
 .text.HAL_NVIC_EnableIRQ
                0x080020b0       0x1c build/stm32f4xx_hal_cortex.o
                0x080020b0                HAL_NVIC_EnableIRQ
 .text.HAL_SYSTICK_Config
                0x080020cc       0x2c build/stm32f4xx_hal_cortex.o
                0x080020cc                HAL_SYSTICK_Config
 .text.HAL_InitTick
                0x080020f8       0x4c build/stm32f4xx_hal.o
                0x080020f8                HAL_InitTick
 .text.HAL_Init
                0x08002144       0x34 build/stm32f4xx_hal.o
                0x08002144                HAL_Init
 .text.HAL_IncTick
                0x08002178       0x18 build/stm32f4xx_hal.o
                0x08002178                HAL_IncTick
 .text.HAL_GetTick
                0x08002190        0xc build/stm32f4xx_hal.o
                0x08002190                HAL_GetTick
 .text.HAL_Delay
                0x0800219c       0x28 build/stm32f4xx_hal.o
                0x0800219c                HAL_Delay
 .text.TIM_TI1_ConfigInputStage
                0x080021c4       0x24 build/stm32f4xx_hal_tim.o
 .text.TIM_TI2_ConfigInputStage
                0x080021e8       0x26 build/stm32f4xx_hal_tim.o
 .text.TIM_ITRx_SetConfig
                0x0800220e       0x10 build/stm32f4xx_hal_tim.o
 *fill*         0x0800221e        0x2 
 .text.HAL_TIM_Base_Start
                0x08002220       0x6c build/stm32f4xx_hal_tim.o
                0x08002220                HAL_TIM_Base_Start
 .text.HAL_TIM_Base_Start_IT
                0x0800228c       0x78 build/stm32f4xx_hal_tim.o
                0x0800228c                HAL_TIM_Base_Start_IT
 .text.HAL_TIM_OC_DelayElapsedCallback
                0x08002304        0x2 build/stm32f4xx_hal_tim.o
                0x08002304                HAL_TIM_OC_DelayElapsedCallback
 .text.HAL_TIM_IC_CaptureCallback
                0x08002306        0x2 build/stm32f4xx_hal_tim.o
                0x08002306                HAL_TIM_IC_CaptureCallback
 .text.HAL_TIM_PWM_PulseFinishedCallback
                0x08002308        0x2 build/stm32f4xx_hal_tim.o
                0x08002308                HAL_TIM_PWM_PulseFinishedCallback
 .text.HAL_TIM_TriggerCallback
                0x0800230a        0x2 build/stm32f4xx_hal_tim.o
                0x0800230a                HAL_TIM_TriggerCallback
 .text.HAL_TIM_IRQHandler
                0x0800230c      0x17a build/stm32f4xx_hal_tim.o
                0x0800230c                HAL_TIM_IRQHandler
 *fill*         0x08002486        0x2 
 .text.TIM_Base_SetConfig
                0x08002488       0x9c build/stm32f4xx_hal_tim.o
                0x08002488                TIM_Base_SetConfig
 .text.HAL_TIM_Base_Init
                0x08002524       0x58 build/stm32f4xx_hal_tim.o
                0x08002524                HAL_TIM_Base_Init
 .text.TIM_ETR_SetConfig
                0x0800257c       0x18 build/stm32f4xx_hal_tim.o
                0x0800257c                TIM_ETR_SetConfig
 .text.HAL_TIM_ConfigClockSource
                0x08002594       0xda build/stm32f4xx_hal_tim.o
                0x08002594                HAL_TIM_ConfigClockSource
 *fill*         0x0800266e        0x2 
 .text.HAL_TIMEx_MasterConfigSynchronization
                0x08002670       0x78 build/stm32f4xx_hal_tim_ex.o
                0x08002670                HAL_TIMEx_MasterConfigSynchronization
 .text.HAL_TIMEx_CommutCallback
                0x080026e8        0x2 build/stm32f4xx_hal_tim_ex.o
                0x080026e8                HAL_TIMEx_CommutCallback
 .text.HAL_TIMEx_BreakCallback
                0x080026ea        0x2 build/stm32f4xx_hal_tim_ex.o
                0x080026ea                HAL_TIMEx_BreakCallback
 .text.UART_SetConfig
                0x080026ec      0x11c build/stm32f4xx_hal_uart.o
 .text.HAL_UART_Init
                0x08002808       0x5e build/stm32f4xx_hal_uart.o
                0x08002808                HAL_UART_Init
 *fill*         0x08002866        0x2 
 .text.SystemInit
                0x08002868       0x14 build/system_stm32f4xx.o
                0x08002868                SystemInit
 .text.SPIx_ReadWriteByte
                0x0800287c       0x2c build/NRF24L01.o
                0x0800287c                SPIx_ReadWriteByte
 .text.NRF24L01_Write_Reg
                0x080028a8       0x40 build/NRF24L01.o
                0x080028a8                NRF24L01_Write_Reg
 .text.NRF24L01_Read_Reg
                0x080028e8       0x40 build/NRF24L01.o
                0x080028e8                NRF24L01_Read_Reg
 .text.NRF24L01_Read_Buf
                0x08002928       0x4c build/NRF24L01.o
                0x08002928                NRF24L01_Read_Buf
 .text.NRF24L01_Write_Buf
                0x08002974       0x4c build/NRF24L01.o
                0x08002974                NRF24L01_Write_Buf
 .text.NRF24L01_Check
                0x080029c0       0x50 build/NRF24L01.o
                0x080029c0                NRF24L01_Check
 .text.NRF24L01_TxPacket
                0x08002a10       0x70 build/NRF24L01.o
                0x08002a10                NRF24L01_TxPacket
 .text.NRF24L01_TX_Mode
                0x08002a80       0x6c build/NRF24L01.o
                0x08002a80                NRF24L01_TX_Mode
 .text.MX_TIM2_Init
                0x08002aec       0x6c build/tim.o
                0x08002aec                MX_TIM2_Init
 .text.HAL_TIM_Base_MspInit
                0x08002b58       0x3c build/tim.o
                0x08002b58                HAL_TIM_Base_MspInit
 .text.Reset_Handler
                0x08002b94       0x50 build/startup_stm32f401xc.o
                0x08002b94                Reset_Handler
 .text.Default_Handler
                0x08002be4        0x2 build/startup_stm32f401xc.o
                0x08002be4                RTC_Alarm_IRQHandler
                0x08002be4                EXTI2_IRQHandler
                0x08002be4                SPI4_IRQHandler
                0x08002be4                TIM1_CC_IRQHandler
                0x08002be4                DMA2_Stream5_IRQHandler
                0x08002be4                DMA1_Stream5_IRQHandler
                0x08002be4                PVD_IRQHandler
                0x08002be4                SDIO_IRQHandler
                0x08002be4                TAMP_STAMP_IRQHandler
                0x08002be4                EXTI3_IRQHandler
                0x08002be4                TIM1_UP_TIM10_IRQHandler
                0x08002be4                I2C3_ER_IRQHandler
                0x08002be4                EXTI0_IRQHandler
                0x08002be4                I2C2_EV_IRQHandler
                0x08002be4                DMA1_Stream2_IRQHandler
                0x08002be4                FPU_IRQHandler
                0x08002be4                DMA2_Stream2_IRQHandler
                0x08002be4                SPI1_IRQHandler
                0x08002be4                TIM1_BRK_TIM9_IRQHandler
                0x08002be4                DMA2_Stream3_IRQHandler
                0x08002be4                USART6_IRQHandler
                0x08002be4                DMA2_Stream0_IRQHandler
                0x08002be4                TIM4_IRQHandler
                0x08002be4                I2C1_EV_IRQHandler
                0x08002be4                DMA1_Stream6_IRQHandler
                0x08002be4                DMA1_Stream1_IRQHandler
                0x08002be4                TIM3_IRQHandler
                0x08002be4                RCC_IRQHandler
                0x08002be4                Default_Handler
                0x08002be4                EXTI15_10_IRQHandler
                0x08002be4                ADC_IRQHandler
                0x08002be4                DMA1_Stream7_IRQHandler
                0x08002be4                TIM5_IRQHandler
                0x08002be4                DMA2_Stream7_IRQHandler
                0x08002be4                I2C3_EV_IRQHandler
                0x08002be4                EXTI9_5_IRQHandler
                0x08002be4                RTC_WKUP_IRQHandler
                0x08002be4                SPI2_IRQHandler
                0x08002be4                DMA1_Stream0_IRQHandler
                0x08002be4                EXTI4_IRQHandler
                0x08002be4                WWDG_IRQHandler
                0x08002be4                OTG_FS_WKUP_IRQHandler
                0x08002be4                TIM1_TRG_COM_TIM11_IRQHandler
                0x08002be4                EXTI1_IRQHandler
                0x08002be4                USART2_IRQHandler
                0x08002be4                I2C2_ER_IRQHandler
                0x08002be4                DMA2_Stream1_IRQHandler
                0x08002be4                FLASH_IRQHandler
                0x08002be4                DMA2_Stream4_IRQHandler
                0x08002be4                USART1_IRQHandler
                0x08002be4                OTG_FS_IRQHandler
                0x08002be4                SPI3_IRQHandler
                0x08002be4                DMA1_Stream4_IRQHandler
                0x08002be4                I2C1_ER_IRQHandler
                0x08002be4                DMA2_Stream6_IRQHandler
                0x08002be4                DMA1_Stream3_IRQHandler
 *fill*         0x08002be6        0x2 
 .text.__libc_init_array
                0x08002be8       0x48 d:/vs_code_stm32/9 2019-q4-major/bin/../lib/gcc/arm-none-eabi/9.2.1/../../../../arm-none-eabi/lib/thumb/v7e-m+fp/hard\libc_nano.a(lib_a-init.o)
                0x08002be8                __libc_init_array
 .text.memcpy   0x08002c30       0x1c d:/vs_code_stm32/9 2019-q4-major/bin/../lib/gcc/arm-none-eabi/9.2.1/../../../../arm-none-eabi/lib/thumb/v7e-m+fp/hard\libc_nano.a(lib_a-memcpy-stub.o)
                0x08002c30                memcpy
 .text.memset   0x08002c4c       0x10 d:/vs_code_stm32/9 2019-q4-major/bin/../lib/gcc/arm-none-eabi/9.2.1/../../../../arm-none-eabi/lib/thumb/v7e-m+fp/hard\libc_nano.a(lib_a-memset.o)
                0x08002c4c                memset
 .text.__cvt    0x08002c5c       0xc4 d:/vs_code_stm32/9 2019-q4-major/bin/../lib/gcc/arm-none-eabi/9.2.1/../../../../arm-none-eabi/lib/thumb/v7e-m+fp/hard\libc_nano.a(lib_a-nano-vfprintf_float.o)
                0x08002c5c                __cvt
 .text.__exponent
                0x08002d20       0x7c d:/vs_code_stm32/9 2019-q4-major/bin/../lib/gcc/arm-none-eabi/9.2.1/../../../../arm-none-eabi/lib/thumb/v7e-m+fp/hard\libc_nano.a(lib_a-nano-vfprintf_float.o)
                0x08002d20                __exponent
 .text._printf_float
                0x08002d9c      0x46c d:/vs_code_stm32/9 2019-q4-major/bin/../lib/gcc/arm-none-eabi/9.2.1/../../../../arm-none-eabi/lib/thumb/v7e-m+fp/hard\libc_nano.a(lib_a-nano-vfprintf_float.o)
                0x08002d9c                _printf_float
 .text._printf_common
                0x08003208       0xda d:/vs_code_stm32/9 2019-q4-major/bin/../lib/gcc/arm-none-eabi/9.2.1/../../../../arm-none-eabi/lib/thumb/v7e-m+fp/hard\libc_nano.a(lib_a-nano-vfprintf_i.o)
                0x08003208                _printf_common
 *fill*         0x080032e2        0x2 
 .text._printf_i
                0x080032e4      0x24c d:/vs_code_stm32/9 2019-q4-major/bin/../lib/gcc/arm-none-eabi/9.2.1/../../../../arm-none-eabi/lib/thumb/v7e-m+fp/hard\libc_nano.a(lib_a-nano-vfprintf_i.o)
                0x080032e4                _printf_i
 .text.printf   0x08003530       0x30 d:/vs_code_stm32/9 2019-q4-major/bin/../lib/gcc/arm-none-eabi/9.2.1/../../../../arm-none-eabi/lib/thumb/v7e-m+fp/hard\libc_nano.a(lib_a-printf.o)
                0x08003530                iprintf
                0x08003530                printf
 .text._puts_r  0x08003560       0xdc d:/vs_code_stm32/9 2019-q4-major/bin/../lib/gcc/arm-none-eabi/9.2.1/../../../../arm-none-eabi/lib/thumb/v7e-m+fp/hard\libc_nano.a(lib_a-puts.o)
                0x08003560                _puts_r
 .text.puts     0x0800363c       0x10 d:/vs_code_stm32/9 2019-q4-major/bin/../lib/gcc/arm-none-eabi/9.2.1/../../../../arm-none-eabi/lib/thumb/v7e-m+fp/hard\libc_nano.a(lib_a-puts.o)
                0x0800363c                puts
 .text.__swbuf_r
                0x0800364c       0xa4 d:/vs_code_stm32/9 2019-q4-major/bin/../lib/gcc/arm-none-eabi/9.2.1/../../../../arm-none-eabi/lib/thumb/v7e-m+fp/hard\libc_nano.a(lib_a-wbuf.o)
                0x0800364c                __swbuf_r
 .text.__swsetup_r
                0x080036f0       0xdc d:/vs_code_stm32/9 2019-q4-major/bin/../lib/gcc/arm-none-eabi/9.2.1/../../../../arm-none-eabi/lib/thumb/v7e-m+fp/hard\libc_nano.a(lib_a-wsetup.o)
                0x080036f0                __swsetup_r
 .text.quorem   0x080037cc      0x116 d:/vs_code_stm32/9 2019-q4-major/bin/../lib/gcc/arm-none-eabi/9.2.1/../../../../arm-none-eabi/lib/thumb/v7e-m+fp/hard\libc_nano.a(lib_a-dtoa.o)
 *fill*         0x080038e2        0x6 
 .text._dtoa_r  0x080038e8      0xbbc d:/vs_code_stm32/9 2019-q4-major/bin/../lib/gcc/arm-none-eabi/9.2.1/../../../../arm-none-eabi/lib/thumb/v7e-m+fp/hard\libc_nano.a(lib_a-dtoa.o)
                0x080038e8                _dtoa_r
 .text.__sflush_r
                0x080044a4      0x10c d:/vs_code_stm32/9 2019-q4-major/bin/../lib/gcc/arm-none-eabi/9.2.1/../../../../arm-none-eabi/lib/thumb/v7e-m+fp/hard\libc_nano.a(lib_a-fflush.o)
                0x080044a4                __sflush_r
 .text._fflush_r
                0x080045b0       0x78 d:/vs_code_stm32/9 2019-q4-major/bin/../lib/gcc/arm-none-eabi/9.2.1/../../../../arm-none-eabi/lib/thumb/v7e-m+fp/hard\libc_nano.a(lib_a-fflush.o)
                0x080045b0                _fflush_r
 .text.std      0x08004628       0x48 d:/vs_code_stm32/9 2019-q4-major/bin/../lib/gcc/arm-none-eabi/9.2.1/../../../../arm-none-eabi/lib/thumb/v7e-m+fp/hard\libc_nano.a(lib_a-findfp.o)
 .text._cleanup_r
                0x08004670        0xc d:/vs_code_stm32/9 2019-q4-major/bin/../lib/gcc/arm-none-eabi/9.2.1/../../../../arm-none-eabi/lib/thumb/v7e-m+fp/hard\libc_nano.a(lib_a-findfp.o)
                0x08004670                _cleanup_r
 .text.__sfmoreglue
                0x0800467c       0x2c d:/vs_code_stm32/9 2019-q4-major/bin/../lib/gcc/arm-none-eabi/9.2.1/../../../../arm-none-eabi/lib/thumb/v7e-m+fp/hard\libc_nano.a(lib_a-findfp.o)
                0x0800467c                __sfmoreglue
 .text.__sfp_lock_acquire
                0x080046a8        0xc d:/vs_code_stm32/9 2019-q4-major/bin/../lib/gcc/arm-none-eabi/9.2.1/../../../../arm-none-eabi/lib/thumb/v7e-m+fp/hard\libc_nano.a(lib_a-findfp.o)
                0x080046a8                __sfp_lock_acquire
 .text.__sfp_lock_release
                0x080046b4        0xc d:/vs_code_stm32/9 2019-q4-major/bin/../lib/gcc/arm-none-eabi/9.2.1/../../../../arm-none-eabi/lib/thumb/v7e-m+fp/hard\libc_nano.a(lib_a-findfp.o)
                0x080046b4                __sfp_lock_release
 .text.__sinit_lock_acquire
                0x080046c0        0xc d:/vs_code_stm32/9 2019-q4-major/bin/../lib/gcc/arm-none-eabi/9.2.1/../../../../arm-none-eabi/lib/thumb/v7e-m+fp/hard\libc_nano.a(lib_a-findfp.o)
                0x080046c0                __sinit_lock_acquire
 .text.__sinit_lock_release
                0x080046cc        0xc d:/vs_code_stm32/9 2019-q4-major/bin/../lib/gcc/arm-none-eabi/9.2.1/../../../../arm-none-eabi/lib/thumb/v7e-m+fp/hard\libc_nano.a(lib_a-findfp.o)
                0x080046cc                __sinit_lock_release
 .text.__sinit  0x080046d8       0x70 d:/vs_code_stm32/9 2019-q4-major/bin/../lib/gcc/arm-none-eabi/9.2.1/../../../../arm-none-eabi/lib/thumb/v7e-m+fp/hard\libc_nano.a(lib_a-findfp.o)
                0x080046d8                __sinit
 .text.__sfp    0x08004748       0x8c d:/vs_code_stm32/9 2019-q4-major/bin/../lib/gcc/arm-none-eabi/9.2.1/../../../../arm-none-eabi/lib/thumb/v7e-m+fp/hard\libc_nano.a(lib_a-findfp.o)
                0x08004748                __sfp
 .text._fwalk_reent
                0x080047d4       0x3e d:/vs_code_stm32/9 2019-q4-major/bin/../lib/gcc/arm-none-eabi/9.2.1/../../../../arm-none-eabi/lib/thumb/v7e-m+fp/hard\libc_nano.a(lib_a-fwalk.o)
                0x080047d4                _fwalk_reent
 *fill*         0x08004812        0x2 
 .text._localeconv_r
                0x08004814        0x8 d:/vs_code_stm32/9 2019-q4-major/bin/../lib/gcc/arm-none-eabi/9.2.1/../../../../arm-none-eabi/lib/thumb/v7e-m+fp/hard\libc_nano.a(lib_a-localeconv.o)
                0x08004814                _localeconv_r
 .text.__retarget_lock_init_recursive
                0x0800481c        0x2 d:/vs_code_stm32/9 2019-q4-major/bin/../lib/gcc/arm-none-eabi/9.2.1/../../../../arm-none-eabi/lib/thumb/v7e-m+fp/hard\libc_nano.a(lib_a-lock.o)
                0x0800481c                __retarget_lock_init_recursive
 .text.__retarget_lock_acquire_recursive
                0x0800481e        0x2 d:/vs_code_stm32/9 2019-q4-major/bin/../lib/gcc/arm-none-eabi/9.2.1/../../../../arm-none-eabi/lib/thumb/v7e-m+fp/hard\libc_nano.a(lib_a-lock.o)
                0x0800481e                __retarget_lock_acquire_recursive
 .text.__retarget_lock_release_recursive
                0x08004820        0x2 d:/vs_code_stm32/9 2019-q4-major/bin/../lib/gcc/arm-none-eabi/9.2.1/../../../../arm-none-eabi/lib/thumb/v7e-m+fp/hard\libc_nano.a(lib_a-lock.o)
                0x08004820                __retarget_lock_release_recursive
 .text.__swhatbuf_r
                0x08004822       0x48 d:/vs_code_stm32/9 2019-q4-major/bin/../lib/gcc/arm-none-eabi/9.2.1/../../../../arm-none-eabi/lib/thumb/v7e-m+fp/hard\libc_nano.a(lib_a-makebuf.o)
                0x08004822                __swhatbuf_r
 *fill*         0x0800486a        0x2 
 .text.__smakebuf_r
                0x0800486c       0x80 d:/vs_code_stm32/9 2019-q4-major/bin/../lib/gcc/arm-none-eabi/9.2.1/../../../../arm-none-eabi/lib/thumb/v7e-m+fp/hard\libc_nano.a(lib_a-makebuf.o)
                0x0800486c                __smakebuf_r
 .text.malloc   0x080048ec       0x10 d:/vs_code_stm32/9 2019-q4-major/bin/../lib/gcc/arm-none-eabi/9.2.1/../../../../arm-none-eabi/lib/thumb/v7e-m+fp/hard\libc_nano.a(lib_a-malloc.o)
                0x080048ec                malloc
 .text._Balloc  0x080048fc       0x68 d:/vs_code_stm32/9 2019-q4-major/bin/../lib/gcc/arm-none-eabi/9.2.1/../../../../arm-none-eabi/lib/thumb/v7e-m+fp/hard\libc_nano.a(lib_a-mprec.o)
                0x080048fc                _Balloc
 .text._Bfree   0x08004964       0x2e d:/vs_code_stm32/9 2019-q4-major/bin/../lib/gcc/arm-none-eabi/9.2.1/../../../../arm-none-eabi/lib/thumb/v7e-m+fp/hard\libc_nano.a(lib_a-mprec.o)
                0x08004964                _Bfree
 .text.__multadd
                0x08004992       0x7c d:/vs_code_stm32/9 2019-q4-major/bin/../lib/gcc/arm-none-eabi/9.2.1/../../../../arm-none-eabi/lib/thumb/v7e-m+fp/hard\libc_nano.a(lib_a-mprec.o)
                0x08004992                __multadd
 .text.__hi0bits
                0x08004a0e       0x40 d:/vs_code_stm32/9 2019-q4-major/bin/../lib/gcc/arm-none-eabi/9.2.1/../../../../arm-none-eabi/lib/thumb/v7e-m+fp/hard\libc_nano.a(lib_a-mprec.o)
                0x08004a0e                __hi0bits
 .text.__lo0bits
                0x08004a4e       0x60 d:/vs_code_stm32/9 2019-q4-major/bin/../lib/gcc/arm-none-eabi/9.2.1/../../../../arm-none-eabi/lib/thumb/v7e-m+fp/hard\libc_nano.a(lib_a-mprec.o)
                0x08004a4e                __lo0bits
 .text.__i2b    0x08004aae       0x12 d:/vs_code_stm32/9 2019-q4-major/bin/../lib/gcc/arm-none-eabi/9.2.1/../../../../arm-none-eabi/lib/thumb/v7e-m+fp/hard\libc_nano.a(lib_a-mprec.o)
                0x08004aae                __i2b
 .text.__multiply
                0x08004ac0      0x138 d:/vs_code_stm32/9 2019-q4-major/bin/../lib/gcc/arm-none-eabi/9.2.1/../../../../arm-none-eabi/lib/thumb/v7e-m+fp/hard\libc_nano.a(lib_a-mprec.o)
                0x08004ac0                __multiply
 .text.__pow5mult
                0x08004bf8       0x9c d:/vs_code_stm32/9 2019-q4-major/bin/../lib/gcc/arm-none-eabi/9.2.1/../../../../arm-none-eabi/lib/thumb/v7e-m+fp/hard\libc_nano.a(lib_a-mprec.o)
                0x08004bf8                __pow5mult
 .text.__lshift
                0x08004c94       0xbe d:/vs_code_stm32/9 2019-q4-major/bin/../lib/gcc/arm-none-eabi/9.2.1/../../../../arm-none-eabi/lib/thumb/v7e-m+fp/hard\libc_nano.a(lib_a-mprec.o)
                0x08004c94                __lshift
 .text.__mcmp   0x08004d52       0x38 d:/vs_code_stm32/9 2019-q4-major/bin/../lib/gcc/arm-none-eabi/9.2.1/../../../../arm-none-eabi/lib/thumb/v7e-m+fp/hard\libc_nano.a(lib_a-mprec.o)
                0x08004d52                __mcmp
 .text.__mdiff  0x08004d8a       0xec d:/vs_code_stm32/9 2019-q4-major/bin/../lib/gcc/arm-none-eabi/9.2.1/../../../../arm-none-eabi/lib/thumb/v7e-m+fp/hard\libc_nano.a(lib_a-mprec.o)
                0x08004d8a                __mdiff
 .text.__d2b    0x08004e76       0xa0 d:/vs_code_stm32/9 2019-q4-major/bin/../lib/gcc/arm-none-eabi/9.2.1/../../../../arm-none-eabi/lib/thumb/v7e-m+fp/hard\libc_nano.a(lib_a-mprec.o)
                0x08004e76                __d2b
 .text._calloc_r
                0x08004f16       0x1e d:/vs_code_stm32/9 2019-q4-major/bin/../lib/gcc/arm-none-eabi/9.2.1/../../../../arm-none-eabi/lib/thumb/v7e-m+fp/hard\libc_nano.a(lib_a-nano-callocr.o)
                0x08004f16                _calloc_r
 .text._free_r  0x08004f34       0xa0 d:/vs_code_stm32/9 2019-q4-major/bin/../lib/gcc/arm-none-eabi/9.2.1/../../../../arm-none-eabi/lib/thumb/v7e-m+fp/hard\libc_nano.a(lib_a-nano-freer.o)
                0x08004f34                _free_r
 .text._malloc_r
                0x08004fd4       0xb4 d:/vs_code_stm32/9 2019-q4-major/bin/../lib/gcc/arm-none-eabi/9.2.1/../../../../arm-none-eabi/lib/thumb/v7e-m+fp/hard\libc_nano.a(lib_a-nano-mallocr.o)
                0x08004fd4                _malloc_r
 .text.__sfputc_r
                0x08005088       0x2e d:/vs_code_stm32/9 2019-q4-major/bin/../lib/gcc/arm-none-eabi/9.2.1/../../../../arm-none-eabi/lib/thumb/v7e-m+fp/hard\libc_nano.a(lib_a-nano-vfprintf.o)
 .text.__sfputs_r
                0x080050b6       0x24 d:/vs_code_stm32/9 2019-q4-major/bin/../lib/gcc/arm-none-eabi/9.2.1/../../../../arm-none-eabi/lib/thumb/v7e-m+fp/hard\libc_nano.a(lib_a-nano-vfprintf.o)
                0x080050b6                __sfputs_r
 *fill*         0x080050da        0x2 
 .text._vfprintf_r
                0x080050dc      0x260 d:/vs_code_stm32/9 2019-q4-major/bin/../lib/gcc/arm-none-eabi/9.2.1/../../../../arm-none-eabi/lib/thumb/v7e-m+fp/hard\libc_nano.a(lib_a-nano-vfprintf.o)
                0x080050dc                _vfprintf_r
                0x080050dc                _vfiprintf_r
 .text._sbrk_r  0x0800533c       0x20 d:/vs_code_stm32/9 2019-q4-major/bin/../lib/gcc/arm-none-eabi/9.2.1/../../../../arm-none-eabi/lib/thumb/v7e-m+fp/hard\libc_nano.a(lib_a-sbrkr.o)
                0x0800533c                _sbrk_r
 .text.__sread  0x0800535c       0x22 d:/vs_code_stm32/9 2019-q4-major/bin/../lib/gcc/arm-none-eabi/9.2.1/../../../../arm-none-eabi/lib/thumb/v7e-m+fp/hard\libc_nano.a(lib_a-stdio.o)
                0x0800535c                __sread
 .text.__swrite
                0x0800537e       0x38 d:/vs_code_stm32/9 2019-q4-major/bin/../lib/gcc/arm-none-eabi/9.2.1/../../../../arm-none-eabi/lib/thumb/v7e-m+fp/hard\libc_nano.a(lib_a-stdio.o)
                0x0800537e                __swrite
 .text.__sseek  0x080053b6       0x24 d:/vs_code_stm32/9 2019-q4-major/bin/../lib/gcc/arm-none-eabi/9.2.1/../../../../arm-none-eabi/lib/thumb/v7e-m+fp/hard\libc_nano.a(lib_a-stdio.o)
                0x080053b6                __sseek
 .text.__sclose
                0x080053da        0x8 d:/vs_code_stm32/9 2019-q4-major/bin/../lib/gcc/arm-none-eabi/9.2.1/../../../../arm-none-eabi/lib/thumb/v7e-m+fp/hard\libc_nano.a(lib_a-stdio.o)
                0x080053da                __sclose
 *fill*         0x080053e2        0x2 
 .text._write_r
                0x080053e4       0x24 d:/vs_code_stm32/9 2019-q4-major/bin/../lib/gcc/arm-none-eabi/9.2.1/../../../../arm-none-eabi/lib/thumb/v7e-m+fp/hard\libc_nano.a(lib_a-writer.o)
                0x080053e4                _write_r
 .text._close_r
                0x08005408       0x20 d:/vs_code_stm32/9 2019-q4-major/bin/../lib/gcc/arm-none-eabi/9.2.1/../../../../arm-none-eabi/lib/thumb/v7e-m+fp/hard\libc_nano.a(lib_a-closer.o)
                0x08005408                _close_r
 .text._fstat_r
                0x08005428       0x24 d:/vs_code_stm32/9 2019-q4-major/bin/../lib/gcc/arm-none-eabi/9.2.1/../../../../arm-none-eabi/lib/thumb/v7e-m+fp/hard\libc_nano.a(lib_a-fstatr.o)
                0x08005428                _fstat_r
 .text._isatty_r
                0x0800544c       0x20 d:/vs_code_stm32/9 2019-q4-major/bin/../lib/gcc/arm-none-eabi/9.2.1/../../../../arm-none-eabi/lib/thumb/v7e-m+fp/hard\libc_nano.a(lib_a-isattyr.o)
                0x0800544c                _isatty_r
 .text._lseek_r
                0x0800546c       0x24 d:/vs_code_stm32/9 2019-q4-major/bin/../lib/gcc/arm-none-eabi/9.2.1/../../../../arm-none-eabi/lib/thumb/v7e-m+fp/hard\libc_nano.a(lib_a-lseekr.o)
                0x0800546c                _lseek_r
 .text.__ascii_mbtowc
                0x08005490       0x24 d:/vs_code_stm32/9 2019-q4-major/bin/../lib/gcc/arm-none-eabi/9.2.1/../../../../arm-none-eabi/lib/thumb/v7e-m+fp/hard\libc_nano.a(lib_a-mbtowc_r.o)
                0x08005490                __ascii_mbtowc
 .text.__malloc_lock
                0x080054b4        0xc d:/vs_code_stm32/9 2019-q4-major/bin/../lib/gcc/arm-none-eabi/9.2.1/../../../../arm-none-eabi/lib/thumb/v7e-m+fp/hard\libc_nano.a(lib_a-mlock.o)
                0x080054b4                __malloc_lock
 .text.__malloc_unlock
                0x080054c0        0xc d:/vs_code_stm32/9 2019-q4-major/bin/../lib/gcc/arm-none-eabi/9.2.1/../../../../arm-none-eabi/lib/thumb/v7e-m+fp/hard\libc_nano.a(lib_a-mlock.o)
                0x080054c0                __malloc_unlock
 .text._read_r  0x080054cc       0x24 d:/vs_code_stm32/9 2019-q4-major/bin/../lib/gcc/arm-none-eabi/9.2.1/../../../../arm-none-eabi/lib/thumb/v7e-m+fp/hard\libc_nano.a(lib_a-readr.o)
                0x080054cc                _read_r
 .text.__ascii_wctomb
                0x080054f0       0x1a d:/vs_code_stm32/9 2019-q4-major/bin/../lib/gcc/arm-none-eabi/9.2.1/../../../../arm-none-eabi/lib/thumb/v7e-m+fp/hard\libc_nano.a(lib_a-wctomb_r.o)
                0x080054f0                __ascii_wctomb
 *fill*         0x0800550a        0x2 
 .text._close   0x0800550c       0x10 d:/vs_code_stm32/9 2019-q4-major/bin/../lib/gcc/arm-none-eabi/9.2.1/../../../../arm-none-eabi/lib/thumb/v7e-m+fp/hard\libnosys.a(close.o)
                0x0800550c                _close
 .text._fstat   0x0800551c       0x10 d:/vs_code_stm32/9 2019-q4-major/bin/../lib/gcc/arm-none-eabi/9.2.1/../../../../arm-none-eabi/lib/thumb/v7e-m+fp/hard\libnosys.a(fstat.o)
                0x0800551c                _fstat
 .text._isatty  0x0800552c       0x10 d:/vs_code_stm32/9 2019-q4-major/bin/../lib/gcc/arm-none-eabi/9.2.1/../../../../arm-none-eabi/lib/thumb/v7e-m+fp/hard\libnosys.a(isatty.o)
                0x0800552c                _isatty
 .text._lseek   0x0800553c       0x10 d:/vs_code_stm32/9 2019-q4-major/bin/../lib/gcc/arm-none-eabi/9.2.1/../../../../arm-none-eabi/lib/thumb/v7e-m+fp/hard\libnosys.a(lseek.o)
                0x0800553c                _lseek
 .text._read    0x0800554c       0x10 d:/vs_code_stm32/9 2019-q4-major/bin/../lib/gcc/arm-none-eabi/9.2.1/../../../../arm-none-eabi/lib/thumb/v7e-m+fp/hard\libnosys.a(read.o)
                0x0800554c                _read
 .text._sbrk    0x0800555c       0x1c d:/vs_code_stm32/9 2019-q4-major/bin/../lib/gcc/arm-none-eabi/9.2.1/../../../../arm-none-eabi/lib/thumb/v7e-m+fp/hard\libnosys.a(sbrk.o)
                0x0800555c                _sbrk
 *(.glue_7)
 .glue_7        0x08005578        0x0 linker stubs
 *(.glue_7t)
 .glue_7t       0x08005578        0x0 linker stubs
 *(.eh_frame)
 .eh_frame      0x08005578        0x0 d:/vs_code_stm32/9 2019-q4-major/bin/../lib/gcc/arm-none-eabi/9.2.1/thumb/v7e-m+fp/hard/crtbegin.o
 *(.init)
 .init          0x08005578        0x4 d:/vs_code_stm32/9 2019-q4-major/bin/../lib/gcc/arm-none-eabi/9.2.1/thumb/v7e-m+fp/hard/crti.o
                0x08005578                _init
 .init          0x0800557c        0x8 d:/vs_code_stm32/9 2019-q4-major/bin/../lib/gcc/arm-none-eabi/9.2.1/thumb/v7e-m+fp/hard/crtn.o
 *(.fini)
 .fini          0x08005584        0x4 d:/vs_code_stm32/9 2019-q4-major/bin/../lib/gcc/arm-none-eabi/9.2.1/thumb/v7e-m+fp/hard/crti.o
                0x08005584                _fini
 .fini          0x08005588        0x8 d:/vs_code_stm32/9 2019-q4-major/bin/../lib/gcc/arm-none-eabi/9.2.1/thumb/v7e-m+fp/hard/crtn.o
                0x08005590                . = ALIGN (0x4)
                0x08005590                _etext = .

.vfp11_veneer   0x08005590        0x0
 .vfp11_veneer  0x08005590        0x0 linker stubs

.v4_bx          0x08005590        0x0
 .v4_bx         0x08005590        0x0 linker stubs

.iplt           0x08005590        0x0
 .iplt          0x08005590        0x0 d:/vs_code_stm32/9 2019-q4-major/bin/../lib/gcc/arm-none-eabi/9.2.1/thumb/v7e-m+fp/hard/crtbegin.o

.rodata         0x08005590      0x340
                0x08005590                . = ALIGN (0x4)
 *(.rodata)
 *(.rodata*)
 .rodata.main.str1.4
                0x08005590       0x4e build/main.o
 *fill*         0x080055de        0x2 
 .rodata.AHBPrescTable
                0x080055e0       0x10 build/system_stm32f4xx.o
                0x080055e0                AHBPrescTable
 .rodata.APBPrescTable
                0x080055f0        0x8 build/system_stm32f4xx.o
                0x080055f0                APBPrescTable
 .rodata.NRF24L01_Check.str1.4
                0x080055f8        0x6 build/NRF24L01.o
 *fill*         0x080055fe        0x2 
 .rodata.RX_ADDRESS
                0x08005600        0x5 build/NRF24L01.o
                0x08005600                RX_ADDRESS
 *fill*         0x08005605        0x3 
 .rodata.TX_ADDRESS
                0x08005608        0x5 build/NRF24L01.o
                0x08005608                TX_ADDRESS
 *fill*         0x0800560d        0x3 
 .rodata._global_impure_ptr
                0x08005610        0x4 d:/vs_code_stm32/9 2019-q4-major/bin/../lib/gcc/arm-none-eabi/9.2.1/../../../../arm-none-eabi/lib/thumb/v7e-m+fp/hard\libc_nano.a(lib_a-impure.o)
                0x08005610                _global_impure_ptr
 .rodata._printf_float.str1.1
                0x08005614       0x12 d:/vs_code_stm32/9 2019-q4-major/bin/../lib/gcc/arm-none-eabi/9.2.1/../../../../arm-none-eabi/lib/thumb/v7e-m+fp/hard\libc_nano.a(lib_a-nano-vfprintf_float.o)
 .rodata._printf_i.str1.1
                0x08005626       0x22 d:/vs_code_stm32/9 2019-q4-major/bin/../lib/gcc/arm-none-eabi/9.2.1/../../../../arm-none-eabi/lib/thumb/v7e-m+fp/hard\libc_nano.a(lib_a-nano-vfprintf_i.o)
 .rodata._dtoa_r.str1.1
                0x08005648        0xd d:/vs_code_stm32/9 2019-q4-major/bin/../lib/gcc/arm-none-eabi/9.2.1/../../../../arm-none-eabi/lib/thumb/v7e-m+fp/hard\libc_nano.a(lib_a-dtoa.o)
                                  0xf (size before relaxing)
 *fill*         0x08005655        0x3 
 .rodata.__sf_fake_stderr
                0x08005658       0x20 d:/vs_code_stm32/9 2019-q4-major/bin/../lib/gcc/arm-none-eabi/9.2.1/../../../../arm-none-eabi/lib/thumb/v7e-m+fp/hard\libc_nano.a(lib_a-findfp.o)
                0x08005658                __sf_fake_stderr
 .rodata.__sf_fake_stdin
                0x08005678       0x20 d:/vs_code_stm32/9 2019-q4-major/bin/../lib/gcc/arm-none-eabi/9.2.1/../../../../arm-none-eabi/lib/thumb/v7e-m+fp/hard\libc_nano.a(lib_a-findfp.o)
                0x08005678                __sf_fake_stdin
 .rodata.__sf_fake_stdout
                0x08005698       0x20 d:/vs_code_stm32/9 2019-q4-major/bin/../lib/gcc/arm-none-eabi/9.2.1/../../../../arm-none-eabi/lib/thumb/v7e-m+fp/hard\libc_nano.a(lib_a-findfp.o)
                0x08005698                __sf_fake_stdout
 .rodata.__mprec_bigtens
                0x080056b8       0x28 d:/vs_code_stm32/9 2019-q4-major/bin/../lib/gcc/arm-none-eabi/9.2.1/../../../../arm-none-eabi/lib/thumb/v7e-m+fp/hard\libc_nano.a(lib_a-mprec.o)
                0x080056b8                __mprec_bigtens
 .rodata.__mprec_tens
                0x080056e0       0xc8 d:/vs_code_stm32/9 2019-q4-major/bin/../lib/gcc/arm-none-eabi/9.2.1/../../../../arm-none-eabi/lib/thumb/v7e-m+fp/hard\libc_nano.a(lib_a-mprec.o)
                0x080056e0                __mprec_tens
 .rodata.p05.7490
                0x080057a8        0xc d:/vs_code_stm32/9 2019-q4-major/bin/../lib/gcc/arm-none-eabi/9.2.1/../../../../arm-none-eabi/lib/thumb/v7e-m+fp/hard\libc_nano.a(lib_a-mprec.o)
 .rodata._vfprintf_r.str1.1
                0x080057b4       0x11 d:/vs_code_stm32/9 2019-q4-major/bin/../lib/gcc/arm-none-eabi/9.2.1/../../../../arm-none-eabi/lib/thumb/v7e-m+fp/hard\libc_nano.a(lib_a-nano-vfprintf.o)
 .rodata._setlocale_r.str1.1
                0x080057c5        0x8 d:/vs_code_stm32/9 2019-q4-major/bin/../lib/gcc/arm-none-eabi/9.2.1/../../../../arm-none-eabi/lib/thumb/v7e-m+fp/hard\libc_nano.a(lib_a-locale.o)
                                  0x9 (size before relaxing)
 .rodata.str1.1
                0x080057cd        0x2 d:/vs_code_stm32/9 2019-q4-major/bin/../lib/gcc/arm-none-eabi/9.2.1/../../../../arm-none-eabi/lib/thumb/v7e-m+fp/hard\libc_nano.a(lib_a-locale.o)
 .rodata._ctype_
                0x080057cf      0x101 d:/vs_code_stm32/9 2019-q4-major/bin/../lib/gcc/arm-none-eabi/9.2.1/../../../../arm-none-eabi/lib/thumb/v7e-m+fp/hard\libc_nano.a(lib_a-ctype_.o)
                0x080057cf                _ctype_
                0x080058d0                . = ALIGN (0x4)

.ARM.extab
 *(.ARM.extab* .gnu.linkonce.armextab.*)

.ARM            0x080058d0        0x8
                0x080058d0                __exidx_start = .
 *(.ARM.exidx*)
 .ARM.exidx     0x080058d0        0x8 d:/vs_code_stm32/9 2019-q4-major/bin/../lib/gcc/arm-none-eabi/9.2.1/thumb/v7e-m+fp/hard\libgcc.a(_udivmoddi4.o)
                0x080058d8                __exidx_end = .

.rel.dyn        0x080058d8        0x0
 .rel.iplt      0x080058d8        0x0 d:/vs_code_stm32/9 2019-q4-major/bin/../lib/gcc/arm-none-eabi/9.2.1/thumb/v7e-m+fp/hard/crtbegin.o

.preinit_array  0x080058d8        0x0
                0x080058d8                PROVIDE (__preinit_array_start = .)
 *(.preinit_array*)
                0x080058d8                PROVIDE (__preinit_array_end = .)

.init_array     0x080058d8        0x4
                0x080058d8                PROVIDE (__init_array_start = .)
 *(SORT_BY_NAME(.init_array.*))
 *(.init_array*)
 .init_array    0x080058d8        0x4 d:/vs_code_stm32/9 2019-q4-major/bin/../lib/gcc/arm-none-eabi/9.2.1/thumb/v7e-m+fp/hard/crtbegin.o
                0x080058dc                PROVIDE (__init_array_end = .)

.fini_array     0x080058dc        0x4
                [!provide]                PROVIDE (__fini_array_start = .)
 *(SORT_BY_NAME(.fini_array.*))
 *(.fini_array*)
 .fini_array    0x080058dc        0x4 d:/vs_code_stm32/9 2019-q4-major/bin/../lib/gcc/arm-none-eabi/9.2.1/thumb/v7e-m+fp/hard/crtbegin.o
                [!provide]                PROVIDE (__fini_array_end = .)
                0x080058e0                _sidata = LOADADDR (.data)

.data           0x20000000      0x1e0 load address 0x080058e0
                0x20000000                . = ALIGN (0x4)
                0x20000000                _sdata = .
 *(.data)
 *(.data*)
 .data.tx_buf   0x20000000        0x4 build/main.o
                0x20000000                tx_buf
 .data.uwTickFreq
                0x20000004        0x1 build/stm32f4xx_hal.o
                0x20000004                uwTickFreq
 *fill*         0x20000005        0x3 
 .data.uwTickPrio
                0x20000008        0x4 build/stm32f4xx_hal.o
                0x20000008                uwTickPrio
 .data.SystemCoreClock
                0x2000000c        0x4 build/system_stm32f4xx.o
                0x2000000c                SystemCoreClock
 .data._impure_ptr
                0x20000010        0x4 d:/vs_code_stm32/9 2019-q4-major/bin/../lib/gcc/arm-none-eabi/9.2.1/../../../../arm-none-eabi/lib/thumb/v7e-m+fp/hard\libc_nano.a(lib_a-impure.o)
                0x20000010                _impure_ptr
 .data.impure_data
                0x20000014       0x60 d:/vs_code_stm32/9 2019-q4-major/bin/../lib/gcc/arm-none-eabi/9.2.1/../../../../arm-none-eabi/lib/thumb/v7e-m+fp/hard\libc_nano.a(lib_a-impure.o)
 .data.__global_locale
                0x20000074      0x16c d:/vs_code_stm32/9 2019-q4-major/bin/../lib/gcc/arm-none-eabi/9.2.1/../../../../arm-none-eabi/lib/thumb/v7e-m+fp/hard\libc_nano.a(lib_a-locale.o)
                0x20000074                __global_locale
                0x200001e0                . = ALIGN (0x4)
                0x200001e0                _edata = .

.igot.plt       0x200001e0        0x0 load address 0x08005ac0
 .igot.plt      0x200001e0        0x0 d:/vs_code_stm32/9 2019-q4-major/bin/../lib/gcc/arm-none-eabi/9.2.1/thumb/v7e-m+fp/hard/crtbegin.o
                0x200001e0                . = ALIGN (0x4)

.bss            0x200001e0      0x138 load address 0x08005ac0
                0x200001e0                _sbss = .
                0x200001e0                __bss_start__ = _sbss
 *(.bss)
 .bss           0x200001e0       0x1c d:/vs_code_stm32/9 2019-q4-major/bin/../lib/gcc/arm-none-eabi/9.2.1/thumb/v7e-m+fp/hard/crtbegin.o
 *(.bss*)
 .bss.tx_count  0x200001fc        0x1 build/main.o
                0x200001fc                tx_count
 *fill*         0x200001fd        0x3 
 .bss.__malloc_free_list
                0x20000200        0x4 d:/vs_code_stm32/9 2019-q4-major/bin/../lib/gcc/arm-none-eabi/9.2.1/../../../../arm-none-eabi/lib/thumb/v7e-m+fp/hard\libc_nano.a(lib_a-nano-mallocr.o)
                0x20000200                __malloc_free_list
 .bss.__malloc_sbrk_start
                0x20000204        0x4 d:/vs_code_stm32/9 2019-q4-major/bin/../lib/gcc/arm-none-eabi/9.2.1/../../../../arm-none-eabi/lib/thumb/v7e-m+fp/hard\libc_nano.a(lib_a-nano-mallocr.o)
                0x20000204                __malloc_sbrk_start
 .bss.heap_end.5507
                0x20000208        0x4 d:/vs_code_stm32/9 2019-q4-major/bin/../lib/gcc/arm-none-eabi/9.2.1/../../../../arm-none-eabi/lib/thumb/v7e-m+fp/hard\libnosys.a(sbrk.o)
 *(COMMON)
 COMMON         0x2000020c       0x14 build/main.o
                0x2000020c                tx_speed
                0x20000210                time_interval
                0x20000214                time_last
                0x20000218                time_now
                0x2000021c                timer_count
 COMMON         0x20000220       0x58 build/spi.o
                0x20000220                hspi2
 COMMON         0x20000278       0x44 build/usart.o
                0x20000278                huart1
 COMMON         0x200002bc        0x4 build/stm32f4xx_hal.o
                0x200002bc                uwTick
 COMMON         0x200002c0       0x48 build/tim.o
                0x200002c0                htim2
 COMMON         0x20000308        0x9 d:/vs_code_stm32/9 2019-q4-major/bin/../lib/gcc/arm-none-eabi/9.2.1/../../../../arm-none-eabi/lib/thumb/v7e-m+fp/hard\libc_nano.a(lib_a-lock.o)
                0x20000308                __lock___atexit_recursive_mutex
                0x20000309                __lock___arc4random_mutex
                0x2000030a                __lock___env_recursive_mutex
                0x2000030b                __lock___sinit_recursive_mutex
                0x2000030c                __lock___malloc_recursive_mutex
                0x2000030d                __lock___at_quick_exit_mutex
                0x2000030e                __lock___dd_hash_mutex
                0x2000030f                __lock___tz_mutex
                0x20000310                __lock___sfp_recursive_mutex
 *fill*         0x20000311        0x3 
 COMMON         0x20000314        0x4 d:/vs_code_stm32/9 2019-q4-major/bin/../lib/gcc/arm-none-eabi/9.2.1/../../../../arm-none-eabi/lib/thumb/v7e-m+fp/hard\libc_nano.a(lib_a-reent.o)
                0x20000314                errno
                0x20000318                . = ALIGN (0x4)
                0x20000318                _ebss = .
                0x20000318                __bss_end__ = _ebss

._user_heap_stack
                0x20000318      0x600 load address 0x08005ac0
                0x20000318                . = ALIGN (0x8)
                0x20000318                PROVIDE (end = .)
                [!provide]                PROVIDE (_end = .)
                0x20000518                . = (. + _Min_Heap_Size)
 *fill*         0x20000318      0x200 
                0x20000918                . = (. + _Min_Stack_Size)
 *fill*         0x20000518      0x400 
                0x20000918                . = ALIGN (0x8)

/DISCARD/
 libc.a(*)
 libm.a(*)
 libgcc.a(*)

.ARM.attributes
                0x00000000       0x30
 *(.ARM.attributes)
 .ARM.attributes
                0x00000000       0x1e d:/vs_code_stm32/9 2019-q4-major/bin/../lib/gcc/arm-none-eabi/9.2.1/thumb/v7e-m+fp/hard/crti.o
 .ARM.attributes
                0x0000001e       0x34 d:/vs_code_stm32/9 2019-q4-major/bin/../lib/gcc/arm-none-eabi/9.2.1/thumb/v7e-m+fp/hard/crtbegin.o
 .ARM.attributes
                0x00000052       0x34 build/main.o
 .ARM.attributes
                0x00000086       0x34 build/gpio.o
 .ARM.attributes
                0x000000ba       0x34 build/spi.o
 .ARM.attributes
                0x000000ee       0x34 build/usart.o
 .ARM.attributes
                0x00000122       0x34 build/stm32f4xx_it.o
 .ARM.attributes
                0x00000156       0x34 build/stm32f4xx_hal_msp.o
 .ARM.attributes
                0x0000018a       0x34 build/stm32f4xx_hal_spi.o
 .ARM.attributes
                0x000001be       0x34 build/stm32f4xx_hal_rcc.o
 .ARM.attributes
                0x000001f2       0x34 build/stm32f4xx_hal_gpio.o
 .ARM.attributes
                0x00000226       0x34 build/stm32f4xx_hal_cortex.o
 .ARM.attributes
                0x0000025a       0x34 build/stm32f4xx_hal.o
 .ARM.attributes
                0x0000028e       0x34 build/stm32f4xx_hal_tim.o
 .ARM.attributes
                0x000002c2       0x34 build/stm32f4xx_hal_tim_ex.o
 .ARM.attributes
                0x000002f6       0x34 build/stm32f4xx_hal_uart.o
 .ARM.attributes
                0x0000032a       0x34 build/system_stm32f4xx.o
 .ARM.attributes
                0x0000035e       0x34 build/NRF24L01.o
 .ARM.attributes
                0x00000392       0x34 build/tim.o
 .ARM.attributes
                0x000003c6       0x21 build/startup_stm32f401xc.o
 .ARM.attributes
                0x000003e7       0x32 d:/vs_code_stm32/9 2019-q4-major/bin/../lib/gcc/arm-none-eabi/9.2.1/../../../../arm-none-eabi/lib/thumb/v7e-m+fp/hard\libc_nano.a(lib_a-impure.o)
 .ARM.attributes
                0x00000419       0x34 d:/vs_code_stm32/9 2019-q4-major/bin/../lib/gcc/arm-none-eabi/9.2.1/../../../../arm-none-eabi/lib/thumb/v7e-m+fp/hard\libc_nano.a(lib_a-init.o)
 .ARM.attributes
                0x0000044d       0x34 d:/vs_code_stm32/9 2019-q4-major/bin/../lib/gcc/arm-none-eabi/9.2.1/../../../../arm-none-eabi/lib/thumb/v7e-m+fp/hard\libc_nano.a(lib_a-memcpy-stub.o)
 .ARM.attributes
                0x00000481       0x34 d:/vs_code_stm32/9 2019-q4-major/bin/../lib/gcc/arm-none-eabi/9.2.1/../../../../arm-none-eabi/lib/thumb/v7e-m+fp/hard\libc_nano.a(lib_a-memset.o)
 .ARM.attributes
                0x000004b5       0x34 d:/vs_code_stm32/9 2019-q4-major/bin/../lib/gcc/arm-none-eabi/9.2.1/../../../../arm-none-eabi/lib/thumb/v7e-m+fp/hard\libc_nano.a(lib_a-nano-vfprintf_float.o)
 .ARM.attributes
                0x000004e9       0x34 d:/vs_code_stm32/9 2019-q4-major/bin/../lib/gcc/arm-none-eabi/9.2.1/../../../../arm-none-eabi/lib/thumb/v7e-m+fp/hard\libc_nano.a(lib_a-nano-vfprintf_i.o)
 .ARM.attributes
                0x0000051d       0x34 d:/vs_code_stm32/9 2019-q4-major/bin/../lib/gcc/arm-none-eabi/9.2.1/../../../../arm-none-eabi/lib/thumb/v7e-m+fp/hard\libc_nano.a(lib_a-printf.o)
 .ARM.attributes
                0x00000551       0x34 d:/vs_code_stm32/9 2019-q4-major/bin/../lib/gcc/arm-none-eabi/9.2.1/../../../../arm-none-eabi/lib/thumb/v7e-m+fp/hard\libc_nano.a(lib_a-puts.o)
 .ARM.attributes
                0x00000585       0x17 d:/vs_code_stm32/9 2019-q4-major/bin/../lib/gcc/arm-none-eabi/9.2.1/../../../../arm-none-eabi/lib/thumb/v7e-m+fp/hard\libc_nano.a(lib_a-strlen.o)
 .ARM.attributes
                0x0000059c       0x34 d:/vs_code_stm32/9 2019-q4-major/bin/../lib/gcc/arm-none-eabi/9.2.1/../../../../arm-none-eabi/lib/thumb/v7e-m+fp/hard\libc_nano.a(lib_a-wbuf.o)
 .ARM.attributes
                0x000005d0       0x34 d:/vs_code_stm32/9 2019-q4-major/bin/../lib/gcc/arm-none-eabi/9.2.1/../../../../arm-none-eabi/lib/thumb/v7e-m+fp/hard\libc_nano.a(lib_a-wsetup.o)
 .ARM.attributes
                0x00000604       0x34 d:/vs_code_stm32/9 2019-q4-major/bin/../lib/gcc/arm-none-eabi/9.2.1/../../../../arm-none-eabi/lib/thumb/v7e-m+fp/hard\libc_nano.a(lib_a-dtoa.o)
 .ARM.attributes
                0x00000638       0x34 d:/vs_code_stm32/9 2019-q4-major/bin/../lib/gcc/arm-none-eabi/9.2.1/../../../../arm-none-eabi/lib/thumb/v7e-m+fp/hard\libc_nano.a(lib_a-fflush.o)
 .ARM.attributes
                0x0000066c       0x34 d:/vs_code_stm32/9 2019-q4-major/bin/../lib/gcc/arm-none-eabi/9.2.1/../../../../arm-none-eabi/lib/thumb/v7e-m+fp/hard\libc_nano.a(lib_a-findfp.o)
 .ARM.attributes
                0x000006a0       0x34 d:/vs_code_stm32/9 2019-q4-major/bin/../lib/gcc/arm-none-eabi/9.2.1/../../../../arm-none-eabi/lib/thumb/v7e-m+fp/hard\libc_nano.a(lib_a-fwalk.o)
 .ARM.attributes
                0x000006d4       0x34 d:/vs_code_stm32/9 2019-q4-major/bin/../lib/gcc/arm-none-eabi/9.2.1/../../../../arm-none-eabi/lib/thumb/v7e-m+fp/hard\libc_nano.a(lib_a-localeconv.o)
 .ARM.attributes
                0x00000708       0x34 d:/vs_code_stm32/9 2019-q4-major/bin/../lib/gcc/arm-none-eabi/9.2.1/../../../../arm-none-eabi/lib/thumb/v7e-m+fp/hard\libc_nano.a(lib_a-lock.o)
 .ARM.attributes
                0x0000073c       0x34 d:/vs_code_stm32/9 2019-q4-major/bin/../lib/gcc/arm-none-eabi/9.2.1/../../../../arm-none-eabi/lib/thumb/v7e-m+fp/hard\libc_nano.a(lib_a-makebuf.o)
 .ARM.attributes
                0x00000770       0x34 d:/vs_code_stm32/9 2019-q4-major/bin/../lib/gcc/arm-none-eabi/9.2.1/../../../../arm-none-eabi/lib/thumb/v7e-m+fp/hard\libc_nano.a(lib_a-malloc.o)
 .ARM.attributes
                0x000007a4       0x1c d:/vs_code_stm32/9 2019-q4-major/bin/../lib/gcc/arm-none-eabi/9.2.1/../../../../arm-none-eabi/lib/thumb/v7e-m+fp/hard\libc_nano.a(lib_a-memchr.o)
 .ARM.attributes
                0x000007c0       0x34 d:/vs_code_stm32/9 2019-q4-major/bin/../lib/gcc/arm-none-eabi/9.2.1/../../../../arm-none-eabi/lib/thumb/v7e-m+fp/hard\libc_nano.a(lib_a-mprec.o)
 .ARM.attributes
                0x000007f4       0x34 d:/vs_code_stm32/9 2019-q4-major/bin/../lib/gcc/arm-none-eabi/9.2.1/../../../../arm-none-eabi/lib/thumb/v7e-m+fp/hard\libc_nano.a(lib_a-nano-callocr.o)
 .ARM.attributes
                0x00000828       0x34 d:/vs_code_stm32/9 2019-q4-major/bin/../lib/gcc/arm-none-eabi/9.2.1/../../../../arm-none-eabi/lib/thumb/v7e-m+fp/hard\libc_nano.a(lib_a-nano-freer.o)
 .ARM.attributes
                0x0000085c       0x34 d:/vs_code_stm32/9 2019-q4-major/bin/../lib/gcc/arm-none-eabi/9.2.1/../../../../arm-none-eabi/lib/thumb/v7e-m+fp/hard\libc_nano.a(lib_a-nano-mallocr.o)
 .ARM.attributes
                0x00000890       0x34 d:/vs_code_stm32/9 2019-q4-major/bin/../lib/gcc/arm-none-eabi/9.2.1/../../../../arm-none-eabi/lib/thumb/v7e-m+fp/hard\libc_nano.a(lib_a-nano-vfprintf.o)
 .ARM.attributes
                0x000008c4       0x34 d:/vs_code_stm32/9 2019-q4-major/bin/../lib/gcc/arm-none-eabi/9.2.1/../../../../arm-none-eabi/lib/thumb/v7e-m+fp/hard\libc_nano.a(lib_a-sbrkr.o)
 .ARM.attributes
                0x000008f8       0x34 d:/vs_code_stm32/9 2019-q4-major/bin/../lib/gcc/arm-none-eabi/9.2.1/../../../../arm-none-eabi/lib/thumb/v7e-m+fp/hard\libc_nano.a(lib_a-stdio.o)
 .ARM.attributes
                0x0000092c       0x34 d:/vs_code_stm32/9 2019-q4-major/bin/../lib/gcc/arm-none-eabi/9.2.1/../../../../arm-none-eabi/lib/thumb/v7e-m+fp/hard\libc_nano.a(lib_a-writer.o)
 .ARM.attributes
                0x00000960       0x34 d:/vs_code_stm32/9 2019-q4-major/bin/../lib/gcc/arm-none-eabi/9.2.1/../../../../arm-none-eabi/lib/thumb/v7e-m+fp/hard\libc_nano.a(lib_a-closer.o)
 .ARM.attributes
                0x00000994       0x34 d:/vs_code_stm32/9 2019-q4-major/bin/../lib/gcc/arm-none-eabi/9.2.1/../../../../arm-none-eabi/lib/thumb/v7e-m+fp/hard\libc_nano.a(lib_a-fstatr.o)
 .ARM.attributes
                0x000009c8       0x34 d:/vs_code_stm32/9 2019-q4-major/bin/../lib/gcc/arm-none-eabi/9.2.1/../../../../arm-none-eabi/lib/thumb/v7e-m+fp/hard\libc_nano.a(lib_a-isattyr.o)
 .ARM.attributes
                0x000009fc       0x34 d:/vs_code_stm32/9 2019-q4-major/bin/../lib/gcc/arm-none-eabi/9.2.1/../../../../arm-none-eabi/lib/thumb/v7e-m+fp/hard\libc_nano.a(lib_a-locale.o)
 .ARM.attributes
                0x00000a30       0x34 d:/vs_code_stm32/9 2019-q4-major/bin/../lib/gcc/arm-none-eabi/9.2.1/../../../../arm-none-eabi/lib/thumb/v7e-m+fp/hard\libc_nano.a(lib_a-lseekr.o)
 .ARM.attributes
                0x00000a64       0x34 d:/vs_code_stm32/9 2019-q4-major/bin/../lib/gcc/arm-none-eabi/9.2.1/../../../../arm-none-eabi/lib/thumb/v7e-m+fp/hard\libc_nano.a(lib_a-mbtowc_r.o)
 .ARM.attributes
                0x00000a98       0x34 d:/vs_code_stm32/9 2019-q4-major/bin/../lib/gcc/arm-none-eabi/9.2.1/../../../../arm-none-eabi/lib/thumb/v7e-m+fp/hard\libc_nano.a(lib_a-mlock.o)
 .ARM.attributes
                0x00000acc       0x34 d:/vs_code_stm32/9 2019-q4-major/bin/../lib/gcc/arm-none-eabi/9.2.1/../../../../arm-none-eabi/lib/thumb/v7e-m+fp/hard\libc_nano.a(lib_a-readr.o)
 .ARM.attributes
                0x00000b00       0x34 d:/vs_code_stm32/9 2019-q4-major/bin/../lib/gcc/arm-none-eabi/9.2.1/../../../../arm-none-eabi/lib/thumb/v7e-m+fp/hard\libc_nano.a(lib_a-reent.o)
 .ARM.attributes
                0x00000b34       0x34 d:/vs_code_stm32/9 2019-q4-major/bin/../lib/gcc/arm-none-eabi/9.2.1/../../../../arm-none-eabi/lib/thumb/v7e-m+fp/hard\libc_nano.a(lib_a-wctomb_r.o)
 .ARM.attributes
                0x00000b68       0x32 d:/vs_code_stm32/9 2019-q4-major/bin/../lib/gcc/arm-none-eabi/9.2.1/../../../../arm-none-eabi/lib/thumb/v7e-m+fp/hard\libc_nano.a(lib_a-ctype_.o)
 .ARM.attributes
                0x00000b9a       0x34 d:/vs_code_stm32/9 2019-q4-major/bin/../lib/gcc/arm-none-eabi/9.2.1/../../../../arm-none-eabi/lib/thumb/v7e-m+fp/hard\libnosys.a(close.o)
 .ARM.attributes
                0x00000bce       0x34 d:/vs_code_stm32/9 2019-q4-major/bin/../lib/gcc/arm-none-eabi/9.2.1/../../../../arm-none-eabi/lib/thumb/v7e-m+fp/hard\libnosys.a(fstat.o)
 .ARM.attributes
                0x00000c02       0x34 d:/vs_code_stm32/9 2019-q4-major/bin/../lib/gcc/arm-none-eabi/9.2.1/../../../../arm-none-eabi/lib/thumb/v7e-m+fp/hard\libnosys.a(isatty.o)
 .ARM.attributes
                0x00000c36       0x34 d:/vs_code_stm32/9 2019-q4-major/bin/../lib/gcc/arm-none-eabi/9.2.1/../../../../arm-none-eabi/lib/thumb/v7e-m+fp/hard\libnosys.a(lseek.o)
 .ARM.attributes
                0x00000c6a       0x34 d:/vs_code_stm32/9 2019-q4-major/bin/../lib/gcc/arm-none-eabi/9.2.1/../../../../arm-none-eabi/lib/thumb/v7e-m+fp/hard\libnosys.a(read.o)
 .ARM.attributes
                0x00000c9e       0x34 d:/vs_code_stm32/9 2019-q4-major/bin/../lib/gcc/arm-none-eabi/9.2.1/../../../../arm-none-eabi/lib/thumb/v7e-m+fp/hard\libnosys.a(sbrk.o)
 .ARM.attributes
                0x00000cd2       0x1e d:/vs_code_stm32/9 2019-q4-major/bin/../lib/gcc/arm-none-eabi/9.2.1/thumb/v7e-m+fp/hard\libgcc.a(_arm_addsubdf3.o)
 .ARM.attributes
                0x00000cf0       0x1e d:/vs_code_stm32/9 2019-q4-major/bin/../lib/gcc/arm-none-eabi/9.2.1/thumb/v7e-m+fp/hard\libgcc.a(_arm_muldivdf3.o)
 .ARM.attributes
                0x00000d0e       0x1e d:/vs_code_stm32/9 2019-q4-major/bin/../lib/gcc/arm-none-eabi/9.2.1/thumb/v7e-m+fp/hard\libgcc.a(_arm_cmpdf2.o)
 .ARM.attributes
                0x00000d2c       0x1e d:/vs_code_stm32/9 2019-q4-major/bin/../lib/gcc/arm-none-eabi/9.2.1/thumb/v7e-m+fp/hard\libgcc.a(_arm_unorddf2.o)
 .ARM.attributes
                0x00000d4a       0x1e d:/vs_code_stm32/9 2019-q4-major/bin/../lib/gcc/arm-none-eabi/9.2.1/thumb/v7e-m+fp/hard\libgcc.a(_arm_fixdfsi.o)
 .ARM.attributes
                0x00000d68       0x1e d:/vs_code_stm32/9 2019-q4-major/bin/../lib/gcc/arm-none-eabi/9.2.1/thumb/v7e-m+fp/hard\libgcc.a(_arm_truncdfsf2.o)
 .ARM.attributes
                0x00000d86       0x1e d:/vs_code_stm32/9 2019-q4-major/bin/../lib/gcc/arm-none-eabi/9.2.1/thumb/v7e-m+fp/hard\libgcc.a(_aeabi_uldivmod.o)
 .ARM.attributes
                0x00000da4       0x34 d:/vs_code_stm32/9 2019-q4-major/bin/../lib/gcc/arm-none-eabi/9.2.1/thumb/v7e-m+fp/hard\libgcc.a(_udivmoddi4.o)
 .ARM.attributes
                0x00000dd8       0x1e d:/vs_code_stm32/9 2019-q4-major/bin/../lib/gcc/arm-none-eabi/9.2.1/thumb/v7e-m+fp/hard\libgcc.a(_dvmd_tls.o)
 .ARM.attributes
                0x00000df6       0x1e d:/vs_code_stm32/9 2019-q4-major/bin/../lib/gcc/arm-none-eabi/9.2.1/thumb/v7e-m+fp/hard/crtn.o
OUTPUT(build/uart.elf elf32-littlearm)

.debug_info     0x00000000    0x13e5e
 .debug_info    0x00000000     0x1ea7 build/main.o
 .debug_info    0x00001ea7      0x60c build/gpio.o
 .debug_info    0x000024b3      0xc24 build/spi.o
 .debug_info    0x000030d7      0xc79 build/usart.o
 .debug_info    0x00003d50      0x8f5 build/stm32f4xx_it.o
 .debug_info    0x00004645      0x417 build/stm32f4xx_hal_msp.o
 .debug_info    0x00004a5c     0x20e0 build/stm32f4xx_hal_spi.o
 .debug_info    0x00006b3c      0xc71 build/stm32f4xx_hal_rcc.o
 .debug_info    0x000077ad      0x954 build/stm32f4xx_hal_gpio.o
 .debug_info    0x00008101     0x11a8 build/stm32f4xx_hal_cortex.o
 .debug_info    0x000092a9      0xaef build/stm32f4xx_hal.o
 .debug_info    0x00009d98     0x3efa build/stm32f4xx_hal_tim.o
 .debug_info    0x0000dc92     0x1cb3 build/stm32f4xx_hal_tim_ex.o
 .debug_info    0x0000f945     0x1f46 build/stm32f4xx_hal_uart.o
 .debug_info    0x0001188b      0x66e build/system_stm32f4xx.o
 .debug_info    0x00011ef9     0x1114 build/NRF24L01.o
 .debug_info    0x0001300d      0xe2f build/tim.o
 .debug_info    0x00013e3c       0x22 build/startup_stm32f401xc.o

.debug_abbrev   0x00000000     0x27ef
 .debug_abbrev  0x00000000      0x305 build/main.o
 .debug_abbrev  0x00000305      0x17e build/gpio.o
 .debug_abbrev  0x00000483      0x1f1 build/spi.o
 .debug_abbrev  0x00000674      0x255 build/usart.o
 .debug_abbrev  0x000008c9      0x1bb build/stm32f4xx_it.o
 .debug_abbrev  0x00000a84      0x11c build/stm32f4xx_hal_msp.o
 .debug_abbrev  0x00000ba0      0x2d2 build/stm32f4xx_hal_spi.o
 .debug_abbrev  0x00000e72      0x2cd build/stm32f4xx_hal_rcc.o
 .debug_abbrev  0x0000113f      0x258 build/stm32f4xx_hal_gpio.o
 .debug_abbrev  0x00001397      0x3a8 build/stm32f4xx_hal_cortex.o
 .debug_abbrev  0x0000173f      0x24d build/stm32f4xx_hal.o
 .debug_abbrev  0x0000198c      0x2c0 build/stm32f4xx_hal_tim.o
 .debug_abbrev  0x00001c4c      0x2bc build/stm32f4xx_hal_tim_ex.o
 .debug_abbrev  0x00001f08      0x329 build/stm32f4xx_hal_uart.o
 .debug_abbrev  0x00002231      0x14a build/system_stm32f4xx.o
 .debug_abbrev  0x0000237b      0x255 build/NRF24L01.o
 .debug_abbrev  0x000025d0      0x20d build/tim.o
 .debug_abbrev  0x000027dd       0x12 build/startup_stm32f401xc.o

.debug_loc      0x00000000     0xdfba
 .debug_loc     0x00000000       0xab build/main.o
 .debug_loc     0x000000ab       0x38 build/gpio.o
 .debug_loc     0x000000e3      0x108 build/spi.o
 .debug_loc     0x000001eb      0x1e5 build/usart.o
 .debug_loc     0x000003d0       0x40 build/stm32f4xx_it.o
 .debug_loc     0x00000410       0x2c build/stm32f4xx_hal_msp.o
 .debug_loc     0x0000043c     0x24e5 build/stm32f4xx_hal_spi.o
 .debug_loc     0x00002921      0x6c7 build/stm32f4xx_hal_rcc.o
 .debug_loc     0x00002fe8      0x5db build/stm32f4xx_hal_gpio.o
 .debug_loc     0x000035c3      0x7d4 build/stm32f4xx_hal_cortex.o
 .debug_loc     0x00003d97      0x1e1 build/stm32f4xx_hal.o
 .debug_loc     0x00003f78     0x5367 build/stm32f4xx_hal_tim.o
 .debug_loc     0x000092df     0x1f68 build/stm32f4xx_hal_tim_ex.o
 .debug_loc     0x0000b247     0x265b build/stm32f4xx_hal_uart.o
 .debug_loc     0x0000d8a2      0x16c build/system_stm32f4xx.o
 .debug_loc     0x0000da0e      0x4a9 build/NRF24L01.o
 .debug_loc     0x0000deb7      0x103 build/tim.o

.debug_aranges  0x00000000      0xdb8
 .debug_aranges
                0x00000000       0x38 build/main.o
 .debug_aranges
                0x00000038       0x20 build/gpio.o
 .debug_aranges
                0x00000058       0x30 build/spi.o
 .debug_aranges
                0x00000088       0x40 build/usart.o
 .debug_aranges
                0x000000c8       0x68 build/stm32f4xx_it.o
 .debug_aranges
                0x00000130       0x20 build/stm32f4xx_hal_msp.o
 .debug_aranges
                0x00000150      0x1d0 build/stm32f4xx_hal_spi.o
 .debug_aranges
                0x00000320       0x88 build/stm32f4xx_hal_rcc.o
 .debug_aranges
                0x000003a8       0x58 build/stm32f4xx_hal_gpio.o
 .debug_aranges
                0x00000400       0xa8 build/stm32f4xx_hal_cortex.o
 .debug_aranges
                0x000004a8       0xf0 build/stm32f4xx_hal.o
 .debug_aranges
                0x00000598      0x3d0 build/stm32f4xx_hal_tim.o
 .debug_aranges
                0x00000968      0x168 build/stm32f4xx_hal_tim_ex.o
 .debug_aranges
                0x00000ad0      0x200 build/stm32f4xx_hal_uart.o
 .debug_aranges
                0x00000cd0       0x28 build/system_stm32f4xx.o
 .debug_aranges
                0x00000cf8       0x68 build/NRF24L01.o
 .debug_aranges
                0x00000d60       0x30 build/tim.o
 .debug_aranges
                0x00000d90       0x28 build/startup_stm32f401xc.o

.debug_ranges   0x00000000      0xd18
 .debug_ranges  0x00000000       0x28 build/main.o
 .debug_ranges  0x00000028       0x10 build/gpio.o
 .debug_ranges  0x00000038       0x20 build/spi.o
 .debug_ranges  0x00000058       0x30 build/usart.o
 .debug_ranges  0x00000088       0x58 build/stm32f4xx_it.o
 .debug_ranges  0x000000e0       0x10 build/stm32f4xx_hal_msp.o
 .debug_ranges  0x000000f0      0x1c0 build/stm32f4xx_hal_spi.o
 .debug_ranges  0x000002b0       0x90 build/stm32f4xx_hal_rcc.o
 .debug_ranges  0x00000340       0x48 build/stm32f4xx_hal_gpio.o
 .debug_ranges  0x00000388       0xf8 build/stm32f4xx_hal_cortex.o
 .debug_ranges  0x00000480       0xe0 build/stm32f4xx_hal.o
 .debug_ranges  0x00000560      0x3c0 build/stm32f4xx_hal_tim.o
 .debug_ranges  0x00000920      0x158 build/stm32f4xx_hal_tim_ex.o
 .debug_ranges  0x00000a78      0x1f0 build/stm32f4xx_hal_uart.o
 .debug_ranges  0x00000c68       0x18 build/system_stm32f4xx.o
 .debug_ranges  0x00000c80       0x58 build/NRF24L01.o
 .debug_ranges  0x00000cd8       0x20 build/tim.o
 .debug_ranges  0x00000cf8       0x20 build/startup_stm32f401xc.o

.debug_line     0x00000000     0xe472
 .debug_line    0x00000000      0x508 build/main.o
 .debug_line    0x00000508      0x1f8 build/gpio.o
 .debug_line    0x00000700      0x310 build/spi.o
 .debug_line    0x00000a10      0x393 build/usart.o
 .debug_line    0x00000da3      0x2e5 build/stm32f4xx_it.o
 .debug_line    0x00001088      0x1a5 build/stm32f4xx_hal_msp.o
 .debug_line    0x0000122d     0x24d7 build/stm32f4xx_hal_spi.o
 .debug_line    0x00003704      0xb0e build/stm32f4xx_hal_rcc.o
 .debug_line    0x00004212      0x6ed build/stm32f4xx_hal_gpio.o
 .debug_line    0x000048ff      0x77e build/stm32f4xx_hal_cortex.o
 .debug_line    0x0000507d      0x541 build/stm32f4xx_hal.o
 .debug_line    0x000055be     0x4721 build/stm32f4xx_hal_tim.o
 .debug_line    0x00009cdf     0x1c15 build/stm32f4xx_hal_tim_ex.o
 .debug_line    0x0000b8f4     0x20d4 build/stm32f4xx_hal_uart.o
 .debug_line    0x0000d9c8      0x262 build/system_stm32f4xx.o
 .debug_line    0x0000dc2a      0x4d1 build/NRF24L01.o
 .debug_line    0x0000e0fb      0x301 build/tim.o
 .debug_line    0x0000e3fc       0x76 build/startup_stm32f401xc.o

.debug_str      0x00000000     0x4334
 .debug_str     0x00000000     0x11ea build/main.o
                               0x1320 (size before relaxing)
 .debug_str     0x000011ea       0xe0 build/gpio.o
                                0x464 (size before relaxing)
 .debug_str     0x000012ca       0x58 build/spi.o
                                0x8db (size before relaxing)
 .debug_str     0x00001322       0x63 build/usart.o
                                0x908 (size before relaxing)
 .debug_str     0x00001385       0xc4 build/stm32f4xx_it.o
                                0x873 (size before relaxing)
 .debug_str     0x00001449       0x29 build/stm32f4xx_hal_msp.o
                                0x3b3 (size before relaxing)
 .debug_str     0x00001472      0x589 build/stm32f4xx_hal_spi.o
                                0xcbe (size before relaxing)
 .debug_str     0x000019fb      0x1d5 build/stm32f4xx_hal_rcc.o
                                0x7a4 (size before relaxing)
 .debug_str     0x00001bd0      0x125 build/stm32f4xx_hal_gpio.o
                                0x5c6 (size before relaxing)
 .debug_str     0x00001cf5      0x893 build/stm32f4xx_hal_cortex.o
                                0xb8c (size before relaxing)
 .debug_str     0x00002588      0x21f build/stm32f4xx_hal.o
                                0xa5f (size before relaxing)
 .debug_str     0x000027a7      0xead build/stm32f4xx_hal_tim.o
                               0x1798 (size before relaxing)
 .debug_str     0x00003654      0x591 build/stm32f4xx_hal_tim_ex.o
                                0xf99 (size before relaxing)
 .debug_str     0x00003be5      0x5e4 build/stm32f4xx_hal_uart.o
                                0xdf8 (size before relaxing)
 .debug_str     0x000041c9       0x47 build/system_stm32f4xx.o
                                0x42f (size before relaxing)
 .debug_str     0x00004210       0xe2 build/NRF24L01.o
                                0x8a1 (size before relaxing)
 .debug_str     0x000042f2       0x1e build/tim.o
                                0xdff (size before relaxing)
 .debug_str     0x00004310       0x24 build/startup_stm32f401xc.o
                                 0x50 (size before relaxing)

.comment        0x00000000       0x79
 .comment       0x00000000       0x79 build/main.o
                                 0x7a (size before relaxing)
 .comment       0x00000079       0x7a build/gpio.o
 .comment       0x00000079       0x7a build/spi.o
 .comment       0x00000079       0x7a build/usart.o
 .comment       0x00000079       0x7a build/stm32f4xx_it.o
 .comment       0x00000079       0x7a build/stm32f4xx_hal_msp.o
 .comment       0x00000079       0x7a build/stm32f4xx_hal_spi.o
 .comment       0x00000079       0x7a build/stm32f4xx_hal_rcc.o
 .comment       0x00000079       0x7a build/stm32f4xx_hal_gpio.o
 .comment       0x00000079       0x7a build/stm32f4xx_hal_cortex.o
 .comment       0x00000079       0x7a build/stm32f4xx_hal.o
 .comment       0x00000079       0x7a build/stm32f4xx_hal_tim.o
 .comment       0x00000079       0x7a build/stm32f4xx_hal_tim_ex.o
 .comment       0x00000079       0x7a build/stm32f4xx_hal_uart.o
 .comment       0x00000079       0x7a build/system_stm32f4xx.o
 .comment       0x00000079       0x7a build/NRF24L01.o
 .comment       0x00000079       0x7a build/tim.o

.debug_frame    0x00000000     0x38e8
 .debug_frame   0x00000000       0x7c build/main.o
 .debug_frame   0x0000007c       0x34 build/gpio.o
 .debug_frame   0x000000b0       0x68 build/spi.o
 .debug_frame   0x00000118       0x98 build/usart.o
 .debug_frame   0x000001b0       0xc8 build/stm32f4xx_it.o
 .debug_frame   0x00000278       0x28 build/stm32f4xx_hal_msp.o
 .debug_frame   0x000002a0      0x640 build/stm32f4xx_hal_spi.o
 .debug_frame   0x000008e0      0x1ac build/stm32f4xx_hal_rcc.o
 .debug_frame   0x00000a8c       0xec build/stm32f4xx_hal_gpio.o
 .debug_frame   0x00000b78      0x16c build/stm32f4xx_hal_cortex.o
 .debug_frame   0x00000ce4      0x200 build/stm32f4xx_hal.o
 .debug_frame   0x00000ee4      0xc80 build/stm32f4xx_hal_tim.o
 .debug_frame   0x00001b64      0x4a8 build/stm32f4xx_hal_tim_ex.o
 .debug_frame   0x0000200c      0x670 build/stm32f4xx_hal_uart.o
 .debug_frame   0x0000267c       0x30 build/system_stm32f4xx.o
 .debug_frame   0x000026ac      0x15c build/NRF24L01.o
 .debug_frame   0x00002808       0x68 build/tim.o
 .debug_frame   0x00002870       0x2c d:/vs_code_stm32/9 2019-q4-major/bin/../lib/gcc/arm-none-eabi/9.2.1/../../../../arm-none-eabi/lib/thumb/v7e-m+fp/hard\libc_nano.a(lib_a-init.o)
 .debug_frame   0x0000289c       0x28 d:/vs_code_stm32/9 2019-q4-major/bin/../lib/gcc/arm-none-eabi/9.2.1/../../../../arm-none-eabi/lib/thumb/v7e-m+fp/hard\libc_nano.a(lib_a-memcpy-stub.o)
 .debug_frame   0x000028c4       0x20 d:/vs_code_stm32/9 2019-q4-major/bin/../lib/gcc/arm-none-eabi/9.2.1/../../../../arm-none-eabi/lib/thumb/v7e-m+fp/hard\libc_nano.a(lib_a-memset.o)
 .debug_frame   0x000028e4       0xa0 d:/vs_code_stm32/9 2019-q4-major/bin/../lib/gcc/arm-none-eabi/9.2.1/../../../../arm-none-eabi/lib/thumb/v7e-m+fp/hard\libc_nano.a(lib_a-nano-vfprintf_float.o)
 .debug_frame   0x00002984       0x60 d:/vs_code_stm32/9 2019-q4-major/bin/../lib/gcc/arm-none-eabi/9.2.1/../../../../arm-none-eabi/lib/thumb/v7e-m+fp/hard\libc_nano.a(lib_a-nano-vfprintf_i.o)
 .debug_frame   0x000029e4       0x74 d:/vs_code_stm32/9 2019-q4-major/bin/../lib/gcc/arm-none-eabi/9.2.1/../../../../arm-none-eabi/lib/thumb/v7e-m+fp/hard\libc_nano.a(lib_a-printf.o)
 .debug_frame   0x00002a58       0x3c d:/vs_code_stm32/9 2019-q4-major/bin/../lib/gcc/arm-none-eabi/9.2.1/../../../../arm-none-eabi/lib/thumb/v7e-m+fp/hard\libc_nano.a(lib_a-puts.o)
 .debug_frame   0x00002a94       0x40 d:/vs_code_stm32/9 2019-q4-major/bin/../lib/gcc/arm-none-eabi/9.2.1/../../../../arm-none-eabi/lib/thumb/v7e-m+fp/hard\libc_nano.a(lib_a-wbuf.o)
 .debug_frame   0x00002ad4       0x2c d:/vs_code_stm32/9 2019-q4-major/bin/../lib/gcc/arm-none-eabi/9.2.1/../../../../arm-none-eabi/lib/thumb/v7e-m+fp/hard\libc_nano.a(lib_a-wsetup.o)
 .debug_frame   0x00002b00       0x7c d:/vs_code_stm32/9 2019-q4-major/bin/../lib/gcc/arm-none-eabi/9.2.1/../../../../arm-none-eabi/lib/thumb/v7e-m+fp/hard\libc_nano.a(lib_a-dtoa.o)
 .debug_frame   0x00002b7c       0x5c d:/vs_code_stm32/9 2019-q4-major/bin/../lib/gcc/arm-none-eabi/9.2.1/../../../../arm-none-eabi/lib/thumb/v7e-m+fp/hard\libc_nano.a(lib_a-fflush.o)
 .debug_frame   0x00002bd8      0x14c d:/vs_code_stm32/9 2019-q4-major/bin/../lib/gcc/arm-none-eabi/9.2.1/../../../../arm-none-eabi/lib/thumb/v7e-m+fp/hard\libc_nano.a(lib_a-findfp.o)
 .debug_frame   0x00002d24       0x54 d:/vs_code_stm32/9 2019-q4-major/bin/../lib/gcc/arm-none-eabi/9.2.1/../../../../arm-none-eabi/lib/thumb/v7e-m+fp/hard\libc_nano.a(lib_a-fwalk.o)
 .debug_frame   0x00002d78       0x40 d:/vs_code_stm32/9 2019-q4-major/bin/../lib/gcc/arm-none-eabi/9.2.1/../../../../arm-none-eabi/lib/thumb/v7e-m+fp/hard\libc_nano.a(lib_a-localeconv.o)
 .debug_frame   0x00002db8       0xb0 d:/vs_code_stm32/9 2019-q4-major/bin/../lib/gcc/arm-none-eabi/9.2.1/../../../../arm-none-eabi/lib/thumb/v7e-m+fp/hard\libc_nano.a(lib_a-lock.o)
 .debug_frame   0x00002e68       0x58 d:/vs_code_stm32/9 2019-q4-major/bin/../lib/gcc/arm-none-eabi/9.2.1/../../../../arm-none-eabi/lib/thumb/v7e-m+fp/hard\libc_nano.a(lib_a-makebuf.o)
 .debug_frame   0x00002ec0       0x30 d:/vs_code_stm32/9 2019-q4-major/bin/../lib/gcc/arm-none-eabi/9.2.1/../../../../arm-none-eabi/lib/thumb/v7e-m+fp/hard\libc_nano.a(lib_a-malloc.o)
 .debug_frame   0x00002ef0      0x25c d:/vs_code_stm32/9 2019-q4-major/bin/../lib/gcc/arm-none-eabi/9.2.1/../../../../arm-none-eabi/lib/thumb/v7e-m+fp/hard\libc_nano.a(lib_a-mprec.o)
 .debug_frame   0x0000314c       0x2c d:/vs_code_stm32/9 2019-q4-major/bin/../lib/gcc/arm-none-eabi/9.2.1/../../../../arm-none-eabi/lib/thumb/v7e-m+fp/hard\libc_nano.a(lib_a-nano-callocr.o)
 .debug_frame   0x00003178       0x38 d:/vs_code_stm32/9 2019-q4-major/bin/../lib/gcc/arm-none-eabi/9.2.1/../../../../arm-none-eabi/lib/thumb/v7e-m+fp/hard\libc_nano.a(lib_a-nano-freer.o)
 .debug_frame   0x000031b0       0x30 d:/vs_code_stm32/9 2019-q4-major/bin/../lib/gcc/arm-none-eabi/9.2.1/../../../../arm-none-eabi/lib/thumb/v7e-m+fp/hard\libc_nano.a(lib_a-nano-mallocr.o)
 .debug_frame   0x000031e0       0xac d:/vs_code_stm32/9 2019-q4-major/bin/../lib/gcc/arm-none-eabi/9.2.1/../../../../arm-none-eabi/lib/thumb/v7e-m+fp/hard\libc_nano.a(lib_a-nano-vfprintf.o)
 .debug_frame   0x0000328c       0x2c d:/vs_code_stm32/9 2019-q4-major/bin/../lib/gcc/arm-none-eabi/9.2.1/../../../../arm-none-eabi/lib/thumb/v7e-m+fp/hard\libc_nano.a(lib_a-sbrkr.o)
 .debug_frame   0x000032b8       0x88 d:/vs_code_stm32/9 2019-q4-major/bin/../lib/gcc/arm-none-eabi/9.2.1/../../../../arm-none-eabi/lib/thumb/v7e-m+fp/hard\libc_nano.a(lib_a-stdio.o)
 .debug_frame   0x00003340       0x2c d:/vs_code_stm32/9 2019-q4-major/bin/../lib/gcc/arm-none-eabi/9.2.1/../../../../arm-none-eabi/lib/thumb/v7e-m+fp/hard\libc_nano.a(lib_a-writer.o)
 .debug_frame   0x0000336c       0x2c d:/vs_code_stm32/9 2019-q4-major/bin/../lib/gcc/arm-none-eabi/9.2.1/../../../../arm-none-eabi/lib/thumb/v7e-m+fp/hard\libc_nano.a(lib_a-closer.o)
 .debug_frame   0x00003398       0x2c d:/vs_code_stm32/9 2019-q4-major/bin/../lib/gcc/arm-none-eabi/9.2.1/../../../../arm-none-eabi/lib/thumb/v7e-m+fp/hard\libc_nano.a(lib_a-fstatr.o)
 .debug_frame   0x000033c4       0x2c d:/vs_code_stm32/9 2019-q4-major/bin/../lib/gcc/arm-none-eabi/9.2.1/../../../../arm-none-eabi/lib/thumb/v7e-m+fp/hard\libc_nano.a(lib_a-isattyr.o)
 .debug_frame   0x000033f0       0x48 d:/vs_code_stm32/9 2019-q4-major/bin/../lib/gcc/arm-none-eabi/9.2.1/../../../../arm-none-eabi/lib/thumb/v7e-m+fp/hard\libc_nano.a(lib_a-locale.o)
 .debug_frame   0x00003438       0x2c d:/vs_code_stm32/9 2019-q4-major/bin/../lib/gcc/arm-none-eabi/9.2.1/../../../../arm-none-eabi/lib/thumb/v7e-m+fp/hard\libc_nano.a(lib_a-lseekr.o)
 .debug_frame   0x00003464       0x48 d:/vs_code_stm32/9 2019-q4-major/bin/../lib/gcc/arm-none-eabi/9.2.1/../../../../arm-none-eabi/lib/thumb/v7e-m+fp/hard\libc_nano.a(lib_a-mbtowc_r.o)
 .debug_frame   0x000034ac       0x30 d:/vs_code_stm32/9 2019-q4-major/bin/../lib/gcc/arm-none-eabi/9.2.1/../../../../arm-none-eabi/lib/thumb/v7e-m+fp/hard\libc_nano.a(lib_a-mlock.o)
 .debug_frame   0x000034dc       0x2c d:/vs_code_stm32/9 2019-q4-major/bin/../lib/gcc/arm-none-eabi/9.2.1/../../../../arm-none-eabi/lib/thumb/v7e-m+fp/hard\libc_nano.a(lib_a-readr.o)
 .debug_frame   0x00003508       0x5c d:/vs_code_stm32/9 2019-q4-major/bin/../lib/gcc/arm-none-eabi/9.2.1/../../../../arm-none-eabi/lib/thumb/v7e-m+fp/hard\libc_nano.a(lib_a-reent.o)
 .debug_frame   0x00003564       0x3c d:/vs_code_stm32/9 2019-q4-major/bin/../lib/gcc/arm-none-eabi/9.2.1/../../../../arm-none-eabi/lib/thumb/v7e-m+fp/hard\libc_nano.a(lib_a-wctomb_r.o)
 .debug_frame   0x000035a0       0x20 d:/vs_code_stm32/9 2019-q4-major/bin/../lib/gcc/arm-none-eabi/9.2.1/../../../../arm-none-eabi/lib/thumb/v7e-m+fp/hard\libnosys.a(close.o)
 .debug_frame   0x000035c0       0x20 d:/vs_code_stm32/9 2019-q4-major/bin/../lib/gcc/arm-none-eabi/9.2.1/../../../../arm-none-eabi/lib/thumb/v7e-m+fp/hard\libnosys.a(fstat.o)
 .debug_frame   0x000035e0       0x20 d:/vs_code_stm32/9 2019-q4-major/bin/../lib/gcc/arm-none-eabi/9.2.1/../../../../arm-none-eabi/lib/thumb/v7e-m+fp/hard\libnosys.a(isatty.o)
 .debug_frame   0x00003600       0x20 d:/vs_code_stm32/9 2019-q4-major/bin/../lib/gcc/arm-none-eabi/9.2.1/../../../../arm-none-eabi/lib/thumb/v7e-m+fp/hard\libnosys.a(lseek.o)
 .debug_frame   0x00003620       0x20 d:/vs_code_stm32/9 2019-q4-major/bin/../lib/gcc/arm-none-eabi/9.2.1/../../../../arm-none-eabi/lib/thumb/v7e-m+fp/hard\libnosys.a(read.o)
 .debug_frame   0x00003640       0x20 d:/vs_code_stm32/9 2019-q4-major/bin/../lib/gcc/arm-none-eabi/9.2.1/../../../../arm-none-eabi/lib/thumb/v7e-m+fp/hard\libnosys.a(sbrk.o)
 .debug_frame   0x00003660       0xac d:/vs_code_stm32/9 2019-q4-major/bin/../lib/gcc/arm-none-eabi/9.2.1/thumb/v7e-m+fp/hard\libgcc.a(_arm_addsubdf3.o)
 .debug_frame   0x0000370c       0x50 d:/vs_code_stm32/9 2019-q4-major/bin/../lib/gcc/arm-none-eabi/9.2.1/thumb/v7e-m+fp/hard\libgcc.a(_arm_muldivdf3.o)
 .debug_frame   0x0000375c       0xc4 d:/vs_code_stm32/9 2019-q4-major/bin/../lib/gcc/arm-none-eabi/9.2.1/thumb/v7e-m+fp/hard\libgcc.a(_arm_cmpdf2.o)
 .debug_frame   0x00003820       0x20 d:/vs_code_stm32/9 2019-q4-major/bin/../lib/gcc/arm-none-eabi/9.2.1/thumb/v7e-m+fp/hard\libgcc.a(_arm_unorddf2.o)
 .debug_frame   0x00003840       0x24 d:/vs_code_stm32/9 2019-q4-major/bin/../lib/gcc/arm-none-eabi/9.2.1/thumb/v7e-m+fp/hard\libgcc.a(_arm_fixdfsi.o)
 .debug_frame   0x00003864       0x24 d:/vs_code_stm32/9 2019-q4-major/bin/../lib/gcc/arm-none-eabi/9.2.1/thumb/v7e-m+fp/hard\libgcc.a(_arm_truncdfsf2.o)
 .debug_frame   0x00003888       0x2c d:/vs_code_stm32/9 2019-q4-major/bin/../lib/gcc/arm-none-eabi/9.2.1/thumb/v7e-m+fp/hard\libgcc.a(_aeabi_uldivmod.o)
 .debug_frame   0x000038b4       0x34 d:/vs_code_stm32/9 2019-q4-major/bin/../lib/gcc/arm-none-eabi/9.2.1/thumb/v7e-m+fp/hard\libgcc.a(_udivmoddi4.o)

.stab           0x00000000       0x84
 .stab          0x00000000       0x24 d:/vs_code_stm32/9 2019-q4-major/bin/../lib/gcc/arm-none-eabi/9.2.1/../../../../arm-none-eabi/lib/thumb/v7e-m+fp/hard\libnosys.a(close.o)
 .stab          0x00000024       0x18 d:/vs_code_stm32/9 2019-q4-major/bin/../lib/gcc/arm-none-eabi/9.2.1/../../../../arm-none-eabi/lib/thumb/v7e-m+fp/hard\libnosys.a(fstat.o)
                                 0x24 (size before relaxing)
 .stab          0x0000003c       0x18 d:/vs_code_stm32/9 2019-q4-major/bin/../lib/gcc/arm-none-eabi/9.2.1/../../../../arm-none-eabi/lib/thumb/v7e-m+fp/hard\libnosys.a(isatty.o)
                                 0x24 (size before relaxing)
 .stab          0x00000054       0x18 d:/vs_code_stm32/9 2019-q4-major/bin/../lib/gcc/arm-none-eabi/9.2.1/../../../../arm-none-eabi/lib/thumb/v7e-m+fp/hard\libnosys.a(lseek.o)
                                 0x24 (size before relaxing)
 .stab          0x0000006c       0x18 d:/vs_code_stm32/9 2019-q4-major/bin/../lib/gcc/arm-none-eabi/9.2.1/../../../../arm-none-eabi/lib/thumb/v7e-m+fp/hard\libnosys.a(read.o)
                                 0x24 (size before relaxing)

.stabstr        0x00000000      0x117
 .stabstr       0x00000000      0x117 d:/vs_code_stm32/9 2019-q4-major/bin/../lib/gcc/arm-none-eabi/9.2.1/../../../../arm-none-eabi/lib/thumb/v7e-m+fp/hard\libnosys.a(close.o)

Cross Reference Table

Symbol                                            File
ADC_IRQHandler                                    build/startup_stm32f401xc.o
AHBPrescTable                                     build/system_stm32f4xx.o
                                                  build/stm32f4xx_hal_rcc.o
APBPrescTable                                     build/system_stm32f4xx.o
                                                  build/stm32f4xx_hal_rcc.o
BusFault_Handler                                  build/stm32f4xx_it.o
DMA1_Stream0_IRQHandler                           build/startup_stm32f401xc.o
DMA1_Stream1_IRQHandler                           build/startup_stm32f401xc.o
DMA1_Stream2_IRQHandler                           build/startup_stm32f401xc.o
DMA1_Stream3_IRQHandler                           build/startup_stm32f401xc.o
DMA1_Stream4_IRQHandler                           build/startup_stm32f401xc.o
DMA1_Stream5_IRQHandler                           build/startup_stm32f401xc.o
DMA1_Stream6_IRQHandler                           build/startup_stm32f401xc.o
DMA1_Stream7_IRQHandler                           build/startup_stm32f401xc.o
DMA2_Stream0_IRQHandler                           build/startup_stm32f401xc.o
DMA2_Stream1_IRQHandler                           build/startup_stm32f401xc.o
DMA2_Stream2_IRQHandler                           build/startup_stm32f401xc.o
DMA2_Stream3_IRQHandler                           build/startup_stm32f401xc.o
DMA2_Stream4_IRQHandler                           build/startup_stm32f401xc.o
DMA2_Stream5_IRQHandler                           build/startup_stm32f401xc.o
DMA2_Stream6_IRQHandler                           build/startup_stm32f401xc.o
DMA2_Stream7_IRQHandler                           build/startup_stm32f401xc.o
DebugMon_Handler                                  build/stm32f4xx_it.o
Default_Handler                                   build/startup_stm32f401xc.o
EXTI0_IRQHandler                                  build/startup_stm32f401xc.o
EXTI15_10_IRQHandler                              build/startup_stm32f401xc.o
EXTI1_IRQHandler                                  build/startup_stm32f401xc.o
EXTI2_IRQHandler                                  build/startup_stm32f401xc.o
EXTI3_IRQHandler                                  build/startup_stm32f401xc.o
EXTI4_IRQHandler                                  build/startup_stm32f401xc.o
EXTI9_5_IRQHandler                                build/startup_stm32f401xc.o
Error_Handler                                     build/main.o
                                                  build/tim.o
                                                  build/usart.o
                                                  build/spi.o
FLASH_Erase_Sector                                build/stm32f4xx_hal_flash_ex.o
                                                  build/stm32f4xx_hal_flash.o
FLASH_FlushCaches                                 build/stm32f4xx_hal_flash_ex.o
                                                  build/stm32f4xx_hal_flash.o
FLASH_IRQHandler                                  build/startup_stm32f401xc.o
FLASH_WaitForLastOperation                        build/stm32f4xx_hal_flash.o
                                                  build/stm32f4xx_hal_flash_ex.o
FPU_IRQHandler                                    build/startup_stm32f401xc.o
HAL_DBGMCU_DisableDBGSleepMode                    build/stm32f4xx_hal.o
HAL_DBGMCU_DisableDBGStandbyMode                  build/stm32f4xx_hal.o
HAL_DBGMCU_DisableDBGStopMode                     build/stm32f4xx_hal.o
HAL_DBGMCU_EnableDBGSleepMode                     build/stm32f4xx_hal.o
HAL_DBGMCU_EnableDBGStandbyMode                   build/stm32f4xx_hal.o
HAL_DBGMCU_EnableDBGStopMode                      build/stm32f4xx_hal.o
HAL_DMAEx_ChangeMemory                            build/stm32f4xx_hal_dma_ex.o
HAL_DMAEx_MultiBufferStart                        build/stm32f4xx_hal_dma_ex.o
HAL_DMAEx_MultiBufferStart_IT                     build/stm32f4xx_hal_dma_ex.o
HAL_DMA_Abort                                     build/stm32f4xx_hal_dma.o
                                                  build/stm32f4xx_hal_uart.o
                                                  build/stm32f4xx_hal_spi.o
HAL_DMA_Abort_IT                                  build/stm32f4xx_hal_dma.o
                                                  build/stm32f4xx_hal_uart.o
                                                  build/stm32f4xx_hal_tim_ex.o
                                                  build/stm32f4xx_hal_tim.o
                                                  build/stm32f4xx_hal_spi.o
HAL_DMA_DeInit                                    build/stm32f4xx_hal_dma.o
HAL_DMA_GetError                                  build/stm32f4xx_hal_dma.o
                                                  build/stm32f4xx_hal_uart.o
HAL_DMA_GetState                                  build/stm32f4xx_hal_dma.o
HAL_DMA_IRQHandler                                build/stm32f4xx_hal_dma.o
HAL_DMA_Init                                      build/stm32f4xx_hal_dma.o
HAL_DMA_PollForTransfer                           build/stm32f4xx_hal_dma.o
HAL_DMA_RegisterCallback                          build/stm32f4xx_hal_dma.o
HAL_DMA_Start                                     build/stm32f4xx_hal_dma.o
HAL_DMA_Start_IT                                  build/stm32f4xx_hal_dma.o
                                                  build/stm32f4xx_hal_uart.o
                                                  build/stm32f4xx_hal_tim_ex.o
                                                  build/stm32f4xx_hal_tim.o
                                                  build/stm32f4xx_hal_spi.o
HAL_DMA_UnRegisterCallback                        build/stm32f4xx_hal_dma.o
HAL_DeInit                                        build/stm32f4xx_hal.o
HAL_Delay                                         build/stm32f4xx_hal.o
                                                  build/NRF24L01.o
                                                  build/main.o
HAL_DisableCompensationCell                       build/stm32f4xx_hal.o
HAL_EXTI_ClearConfigLine                          build/stm32f4xx_hal_exti.o
HAL_EXTI_ClearPending                             build/stm32f4xx_hal_exti.o
HAL_EXTI_GenerateSWI                              build/stm32f4xx_hal_exti.o
HAL_EXTI_GetConfigLine                            build/stm32f4xx_hal_exti.o
HAL_EXTI_GetHandle                                build/stm32f4xx_hal_exti.o
HAL_EXTI_GetPending                               build/stm32f4xx_hal_exti.o
HAL_EXTI_IRQHandler                               build/stm32f4xx_hal_exti.o
HAL_EXTI_RegisterCallback                         build/stm32f4xx_hal_exti.o
HAL_EXTI_SetConfigLine                            build/stm32f4xx_hal_exti.o
HAL_EnableCompensationCell                        build/stm32f4xx_hal.o
HAL_FLASHEx_AdvOBGetConfig                        build/stm32f4xx_hal_flash_ex.o
HAL_FLASHEx_AdvOBProgram                          build/stm32f4xx_hal_flash_ex.o
HAL_FLASHEx_Erase                                 build/stm32f4xx_hal_flash_ex.o
HAL_FLASHEx_Erase_IT                              build/stm32f4xx_hal_flash_ex.o
HAL_FLASHEx_OBGetConfig                           build/stm32f4xx_hal_flash_ex.o
HAL_FLASHEx_OBProgram                             build/stm32f4xx_hal_flash_ex.o
HAL_FLASHEx_OB_DeSelectPCROP                      build/stm32f4xx_hal_flash_ex.o