Archive member included to satisfy reference by file (symbol)

d:/vs_code_stm32/9 2019-q4-major/bin/../lib/gcc/arm-none-eabi/9.2.1/../../../../arm-none-eabi/lib/thumb/v7e-m+fp/hard\libc_nano.a(lib_a-exit.o)
                              d:/vs_code_stm32/9 2019-q4-major/bin/../lib/gcc/arm-none-eabi/9.2.1/../../../../arm-none-eabi/lib/thumb/v7e-m+fp/hard/crt0.o (exit)
d:/vs_code_stm32/9 2019-q4-major/bin/../lib/gcc/arm-none-eabi/9.2.1/../../../../arm-none-eabi/lib/thumb/v7e-m+fp/hard\libc_nano.a(lib_a-impure.o)
                              d:/vs_code_stm32/9 2019-q4-major/bin/../lib/gcc/arm-none-eabi/9.2.1/../../../../arm-none-eabi/lib/thumb/v7e-m+fp/hard\libc_nano.a(lib_a-exit.o) (_global_impure_ptr)
d:/vs_code_stm32/9 2019-q4-major/bin/../lib/gcc/arm-none-eabi/9.2.1/../../../../arm-none-eabi/lib/thumb/v7e-m+fp/hard\libc_nano.a(lib_a-init.o)
                              d:/vs_code_stm32/9 2019-q4-major/bin/../lib/gcc/arm-none-eabi/9.2.1/../../../../arm-none-eabi/lib/thumb/v7e-m+fp/hard/crt0.o (__libc_init_array)
d:/vs_code_stm32/9 2019-q4-major/bin/../lib/gcc/arm-none-eabi/9.2.1/../../../../arm-none-eabi/lib/thumb/v7e-m+fp/hard\libc_nano.a(lib_a-memset.o)
                              d:/vs_code_stm32/9 2019-q4-major/bin/../lib/gcc/arm-none-eabi/9.2.1/../../../../arm-none-eabi/lib/thumb/v7e-m+fp/hard/crt0.o (memset)
d:/vs_code_stm32/9 2019-q4-major/bin/../lib/gcc/arm-none-eabi/9.2.1/../../../../arm-none-eabi/lib/thumb/v7e-m+fp/hard\libc_nano.a(lib_a-nano-vfprintf_float.o)
                              (_printf_float)
d:/vs_code_stm32/9 2019-q4-major/bin/../lib/gcc/arm-none-eabi/9.2.1/../../../../arm-none-eabi/lib/thumb/v7e-m+fp/hard\libc_nano.a(lib_a-nano-vfprintf_i.o)
                              d:/vs_code_stm32/9 2019-q4-major/bin/../lib/gcc/arm-none-eabi/9.2.1/../../../../arm-none-eabi/lib/thumb/v7e-m+fp/hard\libc_nano.a(lib_a-nano-vfprintf_float.o) (_printf_common)
d:/vs_code_stm32/9 2019-q4-major/bin/../lib/gcc/arm-none-eabi/9.2.1/../../../../arm-none-eabi/lib/thumb/v7e-m+fp/hard\libc_nano.a(lib_a-printf.o)
                              build/main.o (printf)
d:/vs_code_stm32/9 2019-q4-major/bin/../lib/gcc/arm-none-eabi/9.2.1/../../../../arm-none-eabi/lib/thumb/v7e-m+fp/hard\libc_nano.a(lib_a-puts.o)
                              build/main.o (puts)
d:/vs_code_stm32/9 2019-q4-major/bin/../lib/gcc/arm-none-eabi/9.2.1/../../../../arm-none-eabi/lib/thumb/v7e-m+fp/hard\libc_nano.a(lib_a-strlen.o)
                              d:/vs_code_stm32/9 2019-q4-major/bin/../lib/gcc/arm-none-eabi/9.2.1/../../../../arm-none-eabi/lib/thumb/v7e-m+fp/hard\libc_nano.a(lib_a-nano-vfprintf_float.o) (strlen)
d:/vs_code_stm32/9 2019-q4-major/bin/../lib/gcc/arm-none-eabi/9.2.1/../../../../arm-none-eabi/lib/thumb/v7e-m+fp/hard\libc_nano.a(lib_a-wbuf.o)
                              d:/vs_code_stm32/9 2019-q4-major/bin/../lib/gcc/arm-none-eabi/9.2.1/../../../../arm-none-eabi/lib/thumb/v7e-m+fp/hard\libc_nano.a(lib_a-puts.o) (__swbuf_r)
d:/vs_code_stm32/9 2019-q4-major/bin/../lib/gcc/arm-none-eabi/9.2.1/../../../../arm-none-eabi/lib/thumb/v7e-m+fp/hard\libc_nano.a(lib_a-wsetup.o)
                              d:/vs_code_stm32/9 2019-q4-major/bin/../lib/gcc/arm-none-eabi/9.2.1/../../../../arm-none-eabi/lib/thumb/v7e-m+fp/hard\libc_nano.a(lib_a-puts.o) (__swsetup_r)
d:/vs_code_stm32/9 2019-q4-major/bin/../lib/gcc/arm-none-eabi/9.2.1/../../../../arm-none-eabi/lib/thumb/v7e-m+fp/hard\libc_nano.a(lib_a-dtoa.o)
                              d:/vs_code_stm32/9 2019-q4-major/bin/../lib/gcc/arm-none-eabi/9.2.1/../../../../arm-none-eabi/lib/thumb/v7e-m+fp/hard\libc_nano.a(lib_a-nano-vfprintf_float.o) (_dtoa_r)
d:/vs_code_stm32/9 2019-q4-major/bin/../lib/gcc/arm-none-eabi/9.2.1/../../../../arm-none-eabi/lib/thumb/v7e-m+fp/hard\libc_nano.a(lib_a-fflush.o)
                              d:/vs_code_stm32/9 2019-q4-major/bin/../lib/gcc/arm-none-eabi/9.2.1/../../../../arm-none-eabi/lib/thumb/v7e-m+fp/hard\libc_nano.a(lib_a-wbuf.o) (_fflush_r)
d:/vs_code_stm32/9 2019-q4-major/bin/../lib/gcc/arm-none-eabi/9.2.1/../../../../arm-none-eabi/lib/thumb/v7e-m+fp/hard\libc_nano.a(lib_a-findfp.o)
                              d:/vs_code_stm32/9 2019-q4-major/bin/../lib/gcc/arm-none-eabi/9.2.1/../../../../arm-none-eabi/lib/thumb/v7e-m+fp/hard\libc_nano.a(lib_a-printf.o) (__sinit)
d:/vs_code_stm32/9 2019-q4-major/bin/../lib/gcc/arm-none-eabi/9.2.1/../../../../arm-none-eabi/lib/thumb/v7e-m+fp/hard\libc_nano.a(lib_a-fwalk.o)
                              d:/vs_code_stm32/9 2019-q4-major/bin/../lib/gcc/arm-none-eabi/9.2.1/../../../../arm-none-eabi/lib/thumb/v7e-m+fp/hard\libc_nano.a(lib_a-findfp.o) (_fwalk)
d:/vs_code_stm32/9 2019-q4-major/bin/../lib/gcc/arm-none-eabi/9.2.1/../../../../arm-none-eabi/lib/thumb/v7e-m+fp/hard\libc_nano.a(lib_a-localeconv.o)
                              d:/vs_code_stm32/9 2019-q4-major/bin/../lib/gcc/arm-none-eabi/9.2.1/../../../../arm-none-eabi/lib/thumb/v7e-m+fp/hard\libc_nano.a(lib_a-nano-vfprintf_float.o) (_localeconv_r)
[...]
Memory Configuration

Name             Origin             Length             Attributes
RAM              0x20000000         0x00010000         xrw
FLASH            0x08000000         0x00040000         xr
*default*        0x00000000         0xffffffff

Linker script and memory map

LOAD d:/vs_code_stm32/9 2019-q4-major/bin/../lib/gcc/arm-none-eabi/9.2.1/thumb/v7e-m+fp/hard/crti.o
LOAD d:/vs_code_stm32/9 2019-q4-major/bin/../lib/gcc/arm-none-eabi/9.2.1/thumb/v7e-m+fp/hard/crtbegin.o
LOAD d:/vs_code_stm32/9 2019-q4-major/bin/../lib/gcc/arm-none-eabi/9.2.1/../../../../arm-none-eabi/lib/thumb/v7e-m+fp/hard/crt0.o
LOAD build/main.o
LOAD build/gpio.o
LOAD build/usart.o
LOAD build/stm32f4xx_it.o
LOAD build/stm32f4xx_hal_msp.o
LOAD build/stm32f4xx_hal_tim.o
LOAD build/stm32f4xx_hal_tim_ex.o
LOAD build/stm32f4xx_hal_uart.o
LOAD build/stm32f4xx_hal_rcc.o
LOAD build/stm32f4xx_hal_rcc_ex.o
LOAD build/stm32f4xx_hal_flash.o
LOAD build/stm32f4xx_hal_flash_ex.o
LOAD build/stm32f4xx_hal_flash_ramfunc.o
LOAD build/stm32f4xx_hal_gpio.o
LOAD build/stm32f4xx_hal_dma_ex.o
LOAD build/stm32f4xx_hal_dma.o
LOAD build/stm32f4xx_hal_pwr.o
LOAD build/stm32f4xx_hal_pwr_ex.o
LOAD build/stm32f4xx_hal_cortex.o
LOAD build/stm32f4xx_hal.o
LOAD build/stm32f4xx_hal_exti.o
LOAD build/system_stm32f4xx.o
LOAD build/flash.o
LOAD build/startup_stm32f401xc.o
LOAD d:/vs_code_stm32/9 2019-q4-major/bin/../lib/gcc/arm-none-eabi/9.2.1/../../../../arm-none-eabi/lib/thumb/v7e-m+fp/hard\libc_nano.a
LOAD d:/vs_code_stm32/9 2019-q4-major/bin/../lib/gcc/arm-none-eabi/9.2.1/../../../../arm-none-eabi/lib/thumb/v7e-m+fp/hard\libm.a
LOAD d:/vs_code_stm32/9 2019-q4-major/bin/../lib/gcc/arm-none-eabi/9.2.1/../../../../arm-none-eabi/lib/thumb/v7e-m+fp/hard\libnosys.a
START GROUP
LOAD d:/vs_code_stm32/9 2019-q4-major/bin/../lib/gcc/arm-none-eabi/9.2.1/thumb/v7e-m+fp/hard\libgcc.a
LOAD d:/vs_code_stm32/9 2019-q4-major/bin/../lib/gcc/arm-none-eabi/9.2.1/../../../../arm-none-eabi/lib/thumb/v7e-m+fp/hard\libc_nano.a
END GROUP
START GROUP
LOAD d:/vs_code_stm32/9 2019-q4-major/bin/../lib/gcc/arm-none-eabi/9.2.1/thumb/v7e-m+fp/hard\libgcc.a
LOAD d:/vs_code_stm32/9 2019-q4-major/bin/../lib/gcc/arm-none-eabi/9.2.1/../../../../arm-none-eabi/lib/thumb/v7e-m+fp/hard\libc_nano.a
END GROUP
LOAD d:/vs_code_stm32/9 2019-q4-major/bin/../lib/gcc/arm-none-eabi/9.2.1/thumb/v7e-m+fp/hard/crtend.o
LOAD d:/vs_code_stm32/9 2019-q4-major/bin/../lib/gcc/arm-none-eabi/9.2.1/thumb/v7e-m+fp/hard/crtn.o
                0x20010000                _estack = 0x20010000
                0x00000200                _Min_Heap_Size = 0x200
                0x00000400                _Min_Stack_Size = 0x400

.isr_vector     0x08000000      0x194
                0x08000000                . = ALIGN (0x4)
 *(.isr_vector)
 .isr_vector    0x08000000      0x194 build/startup_stm32f401xc.o
                0x08000000                g_pfnVectors
                0x08000194                . = ALIGN (0x4)

.text           0x080001a0     0x4924
                0x080001a0                . = ALIGN (0x4)
 *(.text)
 .text          0x080001a0       0x40 d:/vs_code_stm32/9 2019-q4-major/bin/../lib/gcc/arm-none-eabi/9.2.1/thumb/v7e-m+fp/hard/crtbegin.o
 .text          0x080001e0       0x10 d:/vs_code_stm32/9 2019-q4-major/bin/../lib/gcc/arm-none-eabi/9.2.1/../../../../arm-none-eabi/lib/thumb/v7e-m+fp/hard\libc_nano.a(lib_a-strlen.o)
                0x080001e0                strlen
 .text          0x080001f0       0xa0 d:/vs_code_stm32/9 2019-q4-major/bin/../lib/gcc/arm-none-eabi/9.2.1/../../../../arm-none-eabi/lib/thumb/v7e-m+fp/hard\libc_nano.a(lib_a-memchr.o)
                0x080001f0                memchr
 .text          0x08000290      0x378 d:/vs_code_stm32/9 2019-q4-major/bin/../lib/gcc/arm-none-eabi/9.2.1/thumb/v7e-m+fp/hard\libgcc.a(_arm_addsubdf3.o)
                0x08000290                __aeabi_drsub
                0x08000298                __aeabi_dsub
                0x08000298                __subdf3
                0x0800029c                __aeabi_dadd
                0x0800029c                __adddf3
                0x08000514                __floatunsidf
                0x08000514                __aeabi_ui2d
                0x08000534                __floatsidf
                0x08000534                __aeabi_i2d
                0x08000558                __aeabi_f2d
                0x08000558                __extendsfdf2
                0x0800059c                __floatundidf
                0x0800059c                __aeabi_ul2d
                0x080005ac                __floatdidf
                0x080005ac                __aeabi_l2d
 .text          0x08000608      0x424 d:/vs_code_stm32/9 2019-q4-major/bin/../lib/gcc/arm-none-eabi/9.2.1/thumb/v7e-m+fp/hard\libgcc.a(_arm_muldivdf3.o)
                0x08000608                __aeabi_dmul
                0x08000608                __muldf3
                0x0800085c                __divdf3
                0x0800085c                __aeabi_ddiv
 .text          0x08000a2c      0x110 d:/vs_code_stm32/9 2019-q4-major/bin/../lib/gcc/arm-none-eabi/9.2.1/thumb/v7e-m+fp/hard\libgcc.a(_arm_cmpdf2.o)
                0x08000a2c                __gtdf2
                0x08000a2c                __gedf2
                0x08000a34                __ltdf2
                0x08000a34                __ledf2
                0x08000a3c                __nedf2
                0x08000a3c                __eqdf2
                0x08000a3c                __cmpdf2
                0x08000ab8                __aeabi_cdrcmple
                0x08000ac8                __aeabi_cdcmpeq
                0x08000ac8                __aeabi_cdcmple
                0x08000ad8                __aeabi_dcmpeq
                0x08000aec                __aeabi_dcmplt
                0x08000b00                __aeabi_dcmple
                0x08000b14                __aeabi_dcmpge
                0x08000b28                __aeabi_dcmpgt
 .text          0x08000b3c       0x2c d:/vs_code_stm32/9 2019-q4-major/bin/../lib/gcc/arm-none-eabi/9.2.1/thumb/v7e-m+fp/hard\libgcc.a(_arm_unorddf2.o)
                0x08000b3c                __unorddf2
                0x08000b3c                __aeabi_dcmpun
 .text          0x08000b68       0x50 d:/vs_code_stm32/9 2019-q4-major/bin/../lib/gcc/arm-none-eabi/9.2.1/thumb/v7e-m+fp/hard\libgcc.a(_arm_fixdfsi.o)
                0x08000b68                __aeabi_d2iz
                0x08000b68                __fixdfsi
 .text          0x08000bb8       0x30 d:/vs_code_stm32/9 2019-q4-major/bin/../lib/gcc/arm-none-eabi/9.2.1/thumb/v7e-m+fp/hard\libgcc.a(_aeabi_uldivmod.o)
                0x08000bb8                __aeabi_uldivmod
 .text          0x08000be8      0x2c4 d:/vs_code_stm32/9 2019-q4-major/bin/../lib/gcc/arm-none-eabi/9.2.1/thumb/v7e-m+fp/hard\libgcc.a(_udivmoddi4.o)
                0x08000be8                __udivmoddi4
 .text          0x08000eac        0x4 d:/vs_code_stm32/9 2019-q4-major/bin/../lib/gcc/arm-none-eabi/9.2.1/thumb/v7e-m+fp/hard\libgcc.a(_dvmd_tls.o)
                0x08000eac                __aeabi_idiv0
                0x08000eac                __aeabi_ldiv0
 *(.text*)
 .text.Error_Handler
                0x08000eb0        0x4 build/main.o
                0x08000eb0                Error_Handler
 .text.SystemClock_Config
                0x08000eb4       0xa8 build/main.o
                0x08000eb4                SystemClock_Config
 .text.main     0x08000f5c       0x98 build/main.o
                0x08000f5c                main
 .text.MX_GPIO_Init
                0x08000ff4       0x38 build/gpio.o
                0x08000ff4                MX_GPIO_Init
 .text.MX_USART1_UART_Init
                0x0800102c       0x34 build/usart.o
                0x0800102c                MX_USART1_UART_Init
 .text.HAL_UART_MspInit
                0x08001060       0x74 build/usart.o
                0x08001060                HAL_UART_MspInit
 .text.__io_putchar
                0x080010d4       0x18 build/usart.o
                0x080010d4                __io_putchar
 .text._write   0x080010ec       0x1c build/usart.o
                0x080010ec                _write
 .text.NMI_Handler
                0x08001108        0x2 build/stm32f4xx_it.o
                0x08001108                NMI_Handler
 .text.HardFault_Handler
                0x0800110a        0x2 build/stm32f4xx_it.o
                0x0800110a                HardFault_Handler
 .text.MemManage_Handler
                0x0800110c        0x2 build/stm32f4xx_it.o
                0x0800110c                MemManage_Handler
 .text.BusFault_Handler
                0x0800110e        0x2 build/stm32f4xx_it.o
                0x0800110e                BusFault_Handler
 .text.UsageFault_Handler
                0x08001110        0x2 build/stm32f4xx_it.o
                0x08001110                UsageFault_Handler
 .text.SVC_Handler
                0x08001112        0x2 build/stm32f4xx_it.o
                0x08001112                SVC_Handler
 .text.DebugMon_Handler
                0x08001114        0x2 build/stm32f4xx_it.o
                0x08001114                DebugMon_Handler
 .text.PendSV_Handler
                0x08001116        0x2 build/stm32f4xx_it.o
                0x08001116                PendSV_Handler
 .text.SysTick_Handler
                0x08001118        0x8 build/stm32f4xx_it.o
                0x08001118                SysTick_Handler
 .text.HAL_MspInit
                0x08001120       0x38 build/stm32f4xx_hal_msp.o
                0x08001120                HAL_MspInit
 .text.UART_SetConfig
                0x08001158      0x11c build/stm32f4xx_hal_uart.o
 .text.HAL_UART_Init
                0x08001274       0x5e build/stm32f4xx_hal_uart.o
                0x08001274                HAL_UART_Init
 *fill*         0x080012d2        0x2 
 .text.HAL_RCC_OscConfig
                0x080012d4      0x3f8 build/stm32f4xx_hal_rcc.o
                0x080012d4                HAL_RCC_OscConfig
 .text.HAL_RCC_GetSysClockFreq
                0x080016cc       0xa0 build/stm32f4xx_hal_rcc.o
                0x080016cc                HAL_RCC_GetSysClockFreq
 .text.HAL_RCC_ClockConfig
                0x0800176c      0x160 build/stm32f4xx_hal_rcc.o
                0x0800176c                HAL_RCC_ClockConfig
 .text.HAL_RCC_GetHCLKFreq
                0x080018cc        0xc build/stm32f4xx_hal_rcc.o
                0x080018cc                HAL_RCC_GetHCLKFreq
 .text.HAL_RCC_GetPCLK1Freq
                0x080018d8       0x20 build/stm32f4xx_hal_rcc.o
                0x080018d8                HAL_RCC_GetPCLK1Freq
 .text.HAL_RCC_GetPCLK2Freq
                0x080018f8       0x20 build/stm32f4xx_hal_rcc.o
                0x080018f8                HAL_RCC_GetPCLK2Freq
 .text.FLASH_Program_DoubleWord
                0x08001918       0x30 build/stm32f4xx_hal_flash.o
 .text.FLASH_Program_Word
                0x08001948       0x24 build/stm32f4xx_hal_flash.o
 .text.FLASH_Program_HalfWord
                0x0800196c       0x24 build/stm32f4xx_hal_flash.o
 .text.FLASH_Program_Byte
                0x08001990       0x20 build/stm32f4xx_hal_flash.o
 .text.FLASH_SetErrorCode
                0x080019b0       0xa8 build/stm32f4xx_hal_flash.o
 .text.HAL_FLASH_Unlock
                0x08001a58       0x30 build/stm32f4xx_hal_flash.o
                0x08001a58                HAL_FLASH_Unlock
 .text.HAL_FLASH_Lock
                0x08001a88       0x14 build/stm32f4xx_hal_flash.o
                0x08001a88                HAL_FLASH_Lock
 .text.FLASH_WaitForLastOperation
                0x08001a9c       0x60 build/stm32f4xx_hal_flash.o
                0x08001a9c                FLASH_WaitForLastOperation
 .text.HAL_FLASH_Program
                0x08001afc       0x7c build/stm32f4xx_hal_flash.o
                0x08001afc                HAL_FLASH_Program
 .text.FLASH_MassErase
                0x08001b78       0x24 build/stm32f4xx_hal_flash_ex.o
 .text.FLASH_Erase_Sector
                0x08001b9c       0x58 build/stm32f4xx_hal_flash_ex.o
                0x08001b9c                FLASH_Erase_Sector
 .text.FLASH_FlushCaches
                0x08001bf4       0x60 build/stm32f4xx_hal_flash_ex.o
                0x08001bf4                FLASH_FlushCaches
 .text.HAL_FLASHEx_Erase
                0x08001c54       0x94 build/stm32f4xx_hal_flash_ex.o
                0x08001c54                HAL_FLASHEx_Erase
 .text.HAL_GPIO_Init
                0x08001ce8      0x1b0 build/stm32f4xx_hal_gpio.o
                0x08001ce8                HAL_GPIO_Init
 .text.HAL_NVIC_SetPriorityGrouping
                0x08001e98       0x24 build/stm32f4xx_hal_cortex.o
                0x08001e98                HAL_NVIC_SetPriorityGrouping
 .text.HAL_NVIC_SetPriority
                0x08001ebc       0x68 build/stm32f4xx_hal_cortex.o
                0x08001ebc                HAL_NVIC_SetPriority
 .text.HAL_SYSTICK_Config
                0x08001f24       0x2c build/stm32f4xx_hal_cortex.o
                0x08001f24                HAL_SYSTICK_Config
 .text.HAL_InitTick
                0x08001f50       0x4c build/stm32f4xx_hal.o
                0x08001f50                HAL_InitTick
 .text.HAL_Init
                0x08001f9c       0x34 build/stm32f4xx_hal.o
                0x08001f9c                HAL_Init
 .text.HAL_IncTick
                0x08001fd0       0x18 build/stm32f4xx_hal.o
                0x08001fd0                HAL_IncTick
 .text.HAL_GetTick
                0x08001fe8        0xc build/stm32f4xx_hal.o
                0x08001fe8                HAL_GetTick
 .text.SystemInit
                0x08001ff4       0x14 build/system_stm32f4xx.o
                0x08001ff4                SystemInit
 .text.FlashRead
                0x08002008       0x20 build/flash.o
                0x08002008                FlashRead
 .text.FlashEraseSector5
                0x08002028       0x48 build/flash.o
                0x08002028                FlashEraseSector5
 .text.FlashWriteWithoutErase
                0x08002070       0x2c build/flash.o
                0x08002070                FlashWriteWithoutErase
 .text.FlashWrite
                0x0800209c       0x30 build/flash.o
                0x0800209c                FlashWrite
 .text.Reset_Handler
                0x080020cc       0x50 build/startup_stm32f401xc.o
                0x080020cc                Reset_Handler
 .text.Default_Handler
                0x0800211c        0x2 build/startup_stm32f401xc.o
                0x0800211c                RTC_Alarm_IRQHandler
                0x0800211c                EXTI2_IRQHandler
                0x0800211c                SPI4_IRQHandler
                0x0800211c                TIM1_CC_IRQHandler
                0x0800211c                DMA2_Stream5_IRQHandler
                0x0800211c                DMA1_Stream5_IRQHandler
                0x0800211c                PVD_IRQHandler
                0x0800211c                SDIO_IRQHandler
                0x0800211c                TAMP_STAMP_IRQHandler
                0x0800211c                EXTI3_IRQHandler
                0x0800211c                TIM1_UP_TIM10_IRQHandler
                0x0800211c                I2C3_ER_IRQHandler
                0x0800211c                EXTI0_IRQHandler
                0x0800211c                I2C2_EV_IRQHandler
                0x0800211c                DMA1_Stream2_IRQHandler
                0x0800211c                FPU_IRQHandler
                0x0800211c                DMA2_Stream2_IRQHandler
                0x0800211c                SPI1_IRQHandler
                0x0800211c                TIM1_BRK_TIM9_IRQHandler
                0x0800211c                DMA2_Stream3_IRQHandler
                0x0800211c                USART6_IRQHandler
                0x0800211c                DMA2_Stream0_IRQHandler
                0x0800211c                TIM4_IRQHandler
                0x0800211c                I2C1_EV_IRQHandler
                0x0800211c                DMA1_Stream6_IRQHandler
                0x0800211c                DMA1_Stream1_IRQHandler
                0x0800211c                TIM3_IRQHandler
                0x0800211c                RCC_IRQHandler
                0x0800211c                Default_Handler
                0x0800211c                EXTI15_10_IRQHandler
                0x0800211c                ADC_IRQHandler
                0x0800211c                DMA1_Stream7_IRQHandler
                0x0800211c                TIM5_IRQHandler
                0x0800211c                DMA2_Stream7_IRQHandler
                0x0800211c                I2C3_EV_IRQHandler
                0x0800211c                EXTI9_5_IRQHandler
                0x0800211c                RTC_WKUP_IRQHandler
                0x0800211c                SPI2_IRQHandler
                0x0800211c                DMA1_Stream0_IRQHandler
                0x0800211c                EXTI4_IRQHandler
                0x0800211c                WWDG_IRQHandler
                0x0800211c                TIM2_IRQHandler
                0x0800211c                OTG_FS_WKUP_IRQHandler
                0x0800211c                TIM1_TRG_COM_TIM11_IRQHandler
                0x0800211c                EXTI1_IRQHandler
                0x0800211c                USART2_IRQHandler
                0x0800211c                I2C2_ER_IRQHandler
                0x0800211c                DMA2_Stream1_IRQHandler
                0x0800211c                FLASH_IRQHandler
                0x0800211c                DMA2_Stream4_IRQHandler
                0x0800211c                USART1_IRQHandler
                0x0800211c                OTG_FS_IRQHandler
                0x0800211c                SPI3_IRQHandler
                0x0800211c                DMA1_Stream4_IRQHandler
                0x0800211c                I2C1_ER_IRQHandler
                0x0800211c                DMA2_Stream6_IRQHandler
                0x0800211c                DMA1_Stream3_IRQHandler
 *fill*         0x0800211e        0x2 
 .text.__libc_init_array
                0x08002120       0x48 d:/vs_code_stm32/9 2019-q4-major/bin/../lib/gcc/arm-none-eabi/9.2.1/../../../../arm-none-eabi/lib/thumb/v7e-m+fp/hard\libc_nano.a(lib_a-init.o)
                0x08002120                __libc_init_array
 .text.memset   0x08002168       0x10 d:/vs_code_stm32/9 2019-q4-major/bin/../lib/gcc/arm-none-eabi/9.2.1/../../../../arm-none-eabi/lib/thumb/v7e-m+fp/hard\libc_nano.a(lib_a-memset.o)
                0x08002168                memset
 .text.__cvt    0x08002178       0xc4 d:/vs_code_stm32/9 2019-q4-major/bin/../lib/gcc/arm-none-eabi/9.2.1/../../../../arm-none-eabi/lib/thumb/v7e-m+fp/hard\libc_nano.a(lib_a-nano-vfprintf_float.o)
                0x08002178                __cvt
 .text.__exponent
                0x0800223c       0x7c d:/vs_code_stm32/9 2019-q4-major/bin/../lib/gcc/arm-none-eabi/9.2.1/../../../../arm-none-eabi/lib/thumb/v7e-m+fp/hard\libc_nano.a(lib_a-nano-vfprintf_float.o)
                0x0800223c                __exponent
 .text._printf_float
                0x080022b8      0x46c d:/vs_code_stm32/9 2019-q4-major/bin/../lib/gcc/arm-none-eabi/9.2.1/../../../../arm-none-eabi/lib/thumb/v7e-m+fp/hard\libc_nano.a(lib_a-nano-vfprintf_float.o)
                0x080022b8                _printf_float
 .text._printf_common
                0x08002724       0xda d:/vs_code_stm32/9 2019-q4-major/bin/../lib/gcc/arm-none-eabi/9.2.1/../../../../arm-none-eabi/lib/thumb/v7e-m+fp/hard\libc_nano.a(lib_a-nano-vfprintf_i.o)
                0x08002724                _printf_common
 *fill*         0x080027fe        0x2 
 .text._printf_i
                0x08002800      0x24c d:/vs_code_stm32/9 2019-q4-major/bin/../lib/gcc/arm-none-eabi/9.2.1/../../../../arm-none-eabi/lib/thumb/v7e-m+fp/hard\libc_nano.a(lib_a-nano-vfprintf_i.o)
                0x08002800                _printf_i
 .text.printf   0x08002a4c       0x30 d:/vs_code_stm32/9 2019-q4-major/bin/../lib/gcc/arm-none-eabi/9.2.1/../../../../arm-none-eabi/lib/thumb/v7e-m+fp/hard\libc_nano.a(lib_a-printf.o)
                0x08002a4c                iprintf
                0x08002a4c                printf
 .text._puts_r  0x08002a7c       0xdc d:/vs_code_stm32/9 2019-q4-major/bin/../lib/gcc/arm-none-eabi/9.2.1/../../../../arm-none-eabi/lib/thumb/v7e-m+fp/hard\libc_nano.a(lib_a-puts.o)
                0x08002a7c                _puts_r
 .text.puts     0x08002b58       0x10 d:/vs_code_stm32/9 2019-q4-major/bin/../lib/gcc/arm-none-eabi/9.2.1/../../../../arm-none-eabi/lib/thumb/v7e-m+fp/hard\libc_nano.a(lib_a-puts.o)
                0x08002b58                puts
 .text.__swbuf_r
                0x08002b68       0xa4 d:/vs_code_stm32/9 2019-q4-major/bin/../lib/gcc/arm-none-eabi/9.2.1/../../../../arm-none-eabi/lib/thumb/v7e-m+fp/hard\libc_nano.a(lib_a-wbuf.o)
                0x08002b68                __swbuf_r
 .text.__swsetup_r
                0x08002c0c       0xdc d:/vs_code_stm32/9 2019-q4-major/bin/../lib/gcc/arm-none-eabi/9.2.1/../../../../arm-none-eabi/lib/thumb/v7e-m+fp/hard\libc_nano.a(lib_a-wsetup.o)
                0x08002c0c                __swsetup_r
 .text.quorem   0x08002ce8      0x116 d:/vs_code_stm32/9 2019-q4-major/bin/../lib/gcc/arm-none-eabi/9.2.1/../../../../arm-none-eabi/lib/thumb/v7e-m+fp/hard\libc_nano.a(lib_a-dtoa.o)
 *fill*         0x08002dfe        0x2 
 .text._dtoa_r  0x08002e00      0xbbc d:/vs_code_stm32/9 2019-q4-major/bin/../lib/gcc/arm-none-eabi/9.2.1/../../../../arm-none-eabi/lib/thumb/v7e-m+fp/hard\libc_nano.a(lib_a-dtoa.o)
                0x08002e00                _dtoa_r
 .text.__sflush_r
                0x080039bc      0x10c d:/vs_code_stm32/9 2019-q4-major/bin/../lib/gcc/arm-none-eabi/9.2.1/../../../../arm-none-eabi/lib/thumb/v7e-m+fp/hard\libc_nano.a(lib_a-fflush.o)
                0x080039bc                __sflush_r
 .text._fflush_r
                0x08003ac8       0x78 d:/vs_code_stm32/9 2019-q4-major/bin/../lib/gcc/arm-none-eabi/9.2.1/../../../../arm-none-eabi/lib/thumb/v7e-m+fp/hard\libc_nano.a(lib_a-fflush.o)
                0x08003ac8                _fflush_r
 .text.std      0x08003b40       0x48 d:/vs_code_stm32/9 2019-q4-major/bin/../lib/gcc/arm-none-eabi/9.2.1/../../../../arm-none-eabi/lib/thumb/v7e-m+fp/hard\libc_nano.a(lib_a-findfp.o)
 .text._cleanup_r
                0x08003b88        0xc d:/vs_code_stm32/9 2019-q4-major/bin/../lib/gcc/arm-none-eabi/9.2.1/../../../../arm-none-eabi/lib/thumb/v7e-m+fp/hard\libc_nano.a(lib_a-findfp.o)
                0x08003b88                _cleanup_r
 .text.__sfmoreglue
                0x08003b94       0x2c d:/vs_code_stm32/9 2019-q4-major/bin/../lib/gcc/arm-none-eabi/9.2.1/../../../../arm-none-eabi/lib/thumb/v7e-m+fp/hard\libc_nano.a(lib_a-findfp.o)
                0x08003b94                __sfmoreglue
 .text.__sfp_lock_acquire
                0x08003bc0        0xc d:/vs_code_stm32/9 2019-q4-major/bin/../lib/gcc/arm-none-eabi/9.2.1/../../../../arm-none-eabi/lib/thumb/v7e-m+fp/hard\libc_nano.a(lib_a-findfp.o)
                0x08003bc0                __sfp_lock_acquire
 .text.__sfp_lock_release
                0x08003bcc        0xc d:/vs_code_stm32/9 2019-q4-major/bin/../lib/gcc/arm-none-eabi/9.2.1/../../../../arm-none-eabi/lib/thumb/v7e-m+fp/hard\libc_nano.a(lib_a-findfp.o)
                0x08003bcc                __sfp_lock_release
 .text.__sinit_lock_acquire
                0x08003bd8        0xc d:/vs_code_stm32/9 2019-q4-major/bin/../lib/gcc/arm-none-eabi/9.2.1/../../../../arm-none-eabi/lib/thumb/v7e-m+fp/hard\libc_nano.a(lib_a-findfp.o)
                0x08003bd8                __sinit_lock_acquire
 .text.__sinit_lock_release
                0x08003be4        0xc d:/vs_code_stm32/9 2019-q4-major/bin/../lib/gcc/arm-none-eabi/9.2.1/../../../../arm-none-eabi/lib/thumb/v7e-m+fp/hard\libc_nano.a(lib_a-findfp.o)
                0x08003be4                __sinit_lock_release
 .text.__sinit  0x08003bf0       0x70 d:/vs_code_stm32/9 2019-q4-major/bin/../lib/gcc/arm-none-eabi/9.2.1/../../../../arm-none-eabi/lib/thumb/v7e-m+fp/hard\libc_nano.a(lib_a-findfp.o)
                0x08003bf0                __sinit
 .text.__sfp    0x08003c60       0x8c d:/vs_code_stm32/9 2019-q4-major/bin/../lib/gcc/arm-none-eabi/9.2.1/../../../../arm-none-eabi/lib/thumb/v7e-m+fp/hard\libc_nano.a(lib_a-findfp.o)
                0x08003c60                __sfp
 .text._fwalk_reent
                0x08003cec       0x3e d:/vs_code_stm32/9 2019-q4-major/bin/../lib/gcc/arm-none-eabi/9.2.1/../../../../arm-none-eabi/lib/thumb/v7e-m+fp/hard\libc_nano.a(lib_a-fwalk.o)
                0x08003cec                _fwalk_reent
 *fill*         0x08003d2a        0x2 
 .text._localeconv_r
                0x08003d2c        0x8 d:/vs_code_stm32/9 2019-q4-major/bin/../lib/gcc/arm-none-eabi/9.2.1/../../../../arm-none-eabi/lib/thumb/v7e-m+fp/hard\libc_nano.a(lib_a-localeconv.o)
                0x08003d2c                _localeconv_r
 .text.__retarget_lock_init_recursive
                0x08003d34        0x2 d:/vs_code_stm32/9 2019-q4-major/bin/../lib/gcc/arm-none-eabi/9.2.1/../../../../arm-none-eabi/lib/thumb/v7e-m+fp/hard\libc_nano.a(lib_a-lock.o)
                0x08003d34                __retarget_lock_init_recursive
 .text.__retarget_lock_acquire_recursive
                0x08003d36        0x2 d:/vs_code_stm32/9 2019-q4-major/bin/../lib/gcc/arm-none-eabi/9.2.1/../../../../arm-none-eabi/lib/thumb/v7e-m+fp/hard\libc_nano.a(lib_a-lock.o)
                0x08003d36                __retarget_lock_acquire_recursive
 .text.__retarget_lock_release_recursive
                0x08003d38        0x2 d:/vs_code_stm32/9 2019-q4-major/bin/../lib/gcc/arm-none-eabi/9.2.1/../../../../arm-none-eabi/lib/thumb/v7e-m+fp/hard\libc_nano.a(lib_a-lock.o)
                0x08003d38                __retarget_lock_release_recursive
 .text.__swhatbuf_r
                0x08003d3a       0x48 d:/vs_code_stm32/9 2019-q4-major/bin/../lib/gcc/arm-none-eabi/9.2.1/../../../../arm-none-eabi/lib/thumb/v7e-m+fp/hard\libc_nano.a(lib_a-makebuf.o)
                0x08003d3a                __swhatbuf_r
 *fill*         0x08003d82        0x2 
 .text.__smakebuf_r
                0x08003d84       0x80 d:/vs_code_stm32/9 2019-q4-major/bin/../lib/gcc/arm-none-eabi/9.2.1/../../../../arm-none-eabi/lib/thumb/v7e-m+fp/hard\libc_nano.a(lib_a-makebuf.o)
                0x08003d84                __smakebuf_r
 .text.malloc   0x08003e04       0x10 d:/vs_code_stm32/9 2019-q4-major/bin/../lib/gcc/arm-none-eabi/9.2.1/../../../../arm-none-eabi/lib/thumb/v7e-m+fp/hard\libc_nano.a(lib_a-malloc.o)
                0x08003e04                malloc
 .text.memcpy   0x08003e14       0x1c d:/vs_code_stm32/9 2019-q4-major/bin/../lib/gcc/arm-none-eabi/9.2.1/../../../../arm-none-eabi/lib/thumb/v7e-m+fp/hard\libc_nano.a(lib_a-memcpy-stub.o)
                0x08003e14                memcpy
 .text._Balloc  0x08003e30       0x68 d:/vs_code_stm32/9 2019-q4-major/bin/../lib/gcc/arm-none-eabi/9.2.1/../../../../arm-none-eabi/lib/thumb/v7e-m+fp/hard\libc_nano.a(lib_a-mprec.o)
                0x08003e30                _Balloc
 .text._Bfree   0x08003e98       0x2e d:/vs_code_stm32/9 2019-q4-major/bin/../lib/gcc/arm-none-eabi/9.2.1/../../../../arm-none-eabi/lib/thumb/v7e-m+fp/hard\libc_nano.a(lib_a-mprec.o)
                0x08003e98                _Bfree
 .text.__multadd
                0x08003ec6       0x7c d:/vs_code_stm32/9 2019-q4-major/bin/../lib/gcc/arm-none-eabi/9.2.1/../../../../arm-none-eabi/lib/thumb/v7e-m+fp/hard\libc_nano.a(lib_a-mprec.o)
                0x08003ec6                __multadd
 .text.__hi0bits
                0x08003f42       0x40 d:/vs_code_stm32/9 2019-q4-major/bin/../lib/gcc/arm-none-eabi/9.2.1/../../../../arm-none-eabi/lib/thumb/v7e-m+fp/hard\libc_nano.a(lib_a-mprec.o)
                0x08003f42                __hi0bits
 .text.__lo0bits
                0x08003f82       0x60 d:/vs_code_stm32/9 2019-q4-major/bin/../lib/gcc/arm-none-eabi/9.2.1/../../../../arm-none-eabi/lib/thumb/v7e-m+fp/hard\libc_nano.a(lib_a-mprec.o)
                0x08003f82                __lo0bits
 .text.__i2b    0x08003fe2       0x12 d:/vs_code_stm32/9 2019-q4-major/bin/../lib/gcc/arm-none-eabi/9.2.1/../../../../arm-none-eabi/lib/thumb/v7e-m+fp/hard\libc_nano.a(lib_a-mprec.o)
                0x08003fe2                __i2b
 .text.__multiply
                0x08003ff4      0x138 d:/vs_code_stm32/9 2019-q4-major/bin/../lib/gcc/arm-none-eabi/9.2.1/../../../../arm-none-eabi/lib/thumb/v7e-m+fp/hard\libc_nano.a(lib_a-mprec.o)
                0x08003ff4                __multiply
 .text.__pow5mult
                0x0800412c       0x9c d:/vs_code_stm32/9 2019-q4-major/bin/../lib/gcc/arm-none-eabi/9.2.1/../../../../arm-none-eabi/lib/thumb/v7e-m+fp/hard\libc_nano.a(lib_a-mprec.o)
                0x0800412c                __pow5mult
 .text.__lshift
                0x080041c8       0xbe d:/vs_code_stm32/9 2019-q4-major/bin/../lib/gcc/arm-none-eabi/9.2.1/../../../../arm-none-eabi/lib/thumb/v7e-m+fp/hard\libc_nano.a(lib_a-mprec.o)
                0x080041c8                __lshift
 .text.__mcmp   0x08004286       0x38 d:/vs_code_stm32/9 2019-q4-major/bin/../lib/gcc/arm-none-eabi/9.2.1/../../../../arm-none-eabi/lib/thumb/v7e-m+fp/hard\libc_nano.a(lib_a-mprec.o)
                0x08004286                __mcmp
 .text.__mdiff  0x080042be       0xec d:/vs_code_stm32/9 2019-q4-major/bin/../lib/gcc/arm-none-eabi/9.2.1/../../../../arm-none-eabi/lib/thumb/v7e-m+fp/hard\libc_nano.a(lib_a-mprec.o)
                0x080042be                __mdiff
 .text.__d2b    0x080043aa       0xa0 d:/vs_code_stm32/9 2019-q4-major/bin/../lib/gcc/arm-none-eabi/9.2.1/../../../../arm-none-eabi/lib/thumb/v7e-m+fp/hard\libc_nano.a(lib_a-mprec.o)
                0x080043aa                __d2b
 .text._calloc_r
                0x0800444a       0x1e d:/vs_code_stm32/9 2019-q4-major/bin/../lib/gcc/arm-none-eabi/9.2.1/../../../../arm-none-eabi/lib/thumb/v7e-m+fp/hard\libc_nano.a(lib_a-nano-callocr.o)
                0x0800444a                _calloc_r
 .text._free_r  0x08004468       0xa0 d:/vs_code_stm32/9 2019-q4-major/bin/../lib/gcc/arm-none-eabi/9.2.1/../../../../arm-none-eabi/lib/thumb/v7e-m+fp/hard\libc_nano.a(lib_a-nano-freer.o)
                0x08004468                _free_r
 .text._malloc_r
                0x08004508       0xb4 d:/vs_code_stm32/9 2019-q4-major/bin/../lib/gcc/arm-none-eabi/9.2.1/../../../../arm-none-eabi/lib/thumb/v7e-m+fp/hard\libc_nano.a(lib_a-nano-mallocr.o)
                0x08004508                _malloc_r
 .text.__sfputc_r
                0x080045bc       0x2e d:/vs_code_stm32/9 2019-q4-major/bin/../lib/gcc/arm-none-eabi/9.2.1/../../../../arm-none-eabi/lib/thumb/v7e-m+fp/hard\libc_nano.a(lib_a-nano-vfprintf.o)
 .text.__sfputs_r
                0x080045ea       0x24 d:/vs_code_stm32/9 2019-q4-major/bin/../lib/gcc/arm-none-eabi/9.2.1/../../../../arm-none-eabi/lib/thumb/v7e-m+fp/hard\libc_nano.a(lib_a-nano-vfprintf.o)
                0x080045ea                __sfputs_r
 *fill*         0x0800460e        0x2 
 .text._vfprintf_r
                0x08004610      0x260 d:/vs_code_stm32/9 2019-q4-major/bin/../lib/gcc/arm-none-eabi/9.2.1/../../../../arm-none-eabi/lib/thumb/v7e-m+fp/hard\libc_nano.a(lib_a-nano-vfprintf.o)
                0x08004610                _vfprintf_r
                0x08004610                _vfiprintf_r
 .text._sbrk_r  0x08004870       0x20 d:/vs_code_stm32/9 2019-q4-major/bin/../lib/gcc/arm-none-eabi/9.2.1/../../../../arm-none-eabi/lib/thumb/v7e-m+fp/hard\libc_nano.a(lib_a-sbrkr.o)
                0x08004870                _sbrk_r
 .text.__sread  0x08004890       0x22 d:/vs_code_stm32/9 2019-q4-major/bin/../lib/gcc/arm-none-eabi/9.2.1/../../../../arm-none-eabi/lib/thumb/v7e-m+fp/hard\libc_nano.a(lib_a-stdio.o)
                0x08004890                __sread
 .text.__swrite
                0x080048b2       0x38 d:/vs_code_stm32/9 2019-q4-major/bin/../lib/gcc/arm-none-eabi/9.2.1/../../../../arm-none-eabi/lib/thumb/v7e-m+fp/hard\libc_nano.a(lib_a-stdio.o)
                0x080048b2                __swrite
 .text.__sseek  0x080048ea       0x24 d:/vs_code_stm32/9 2019-q4-major/bin/../lib/gcc/arm-none-eabi/9.2.1/../../../../arm-none-eabi/lib/thumb/v7e-m+fp/hard\libc_nano.a(lib_a-stdio.o)
                0x080048ea                __sseek
 .text.__sclose
                0x0800490e        0x8 d:/vs_code_stm32/9 2019-q4-major/bin/../lib/gcc/arm-none-eabi/9.2.1/../../../../arm-none-eabi/lib/thumb/v7e-m+fp/hard\libc_nano.a(lib_a-stdio.o)
                0x0800490e                __sclose
 *fill*         0x08004916        0x2 
 .text._write_r
                0x08004918       0x24 d:/vs_code_stm32/9 2019-q4-major/bin/../lib/gcc/arm-none-eabi/9.2.1/../../../../arm-none-eabi/lib/thumb/v7e-m+fp/hard\libc_nano.a(lib_a-writer.o)
                0x08004918                _write_r
 .text._close_r
                0x0800493c       0x20 d:/vs_code_stm32/9 2019-q4-major/bin/../lib/gcc/arm-none-eabi/9.2.1/../../../../arm-none-eabi/lib/thumb/v7e-m+fp/hard\libc_nano.a(lib_a-closer.o)
                0x0800493c                _close_r
 .text._fstat_r
                0x0800495c       0x24 d:/vs_code_stm32/9 2019-q4-major/bin/../lib/gcc/arm-none-eabi/9.2.1/../../../../arm-none-eabi/lib/thumb/v7e-m+fp/hard\libc_nano.a(lib_a-fstatr.o)
                0x0800495c                _fstat_r
 .text._isatty_r
                0x08004980       0x20 d:/vs_code_stm32/9 2019-q4-major/bin/../lib/gcc/arm-none-eabi/9.2.1/../../../../arm-none-eabi/lib/thumb/v7e-m+fp/hard\libc_nano.a(lib_a-isattyr.o)
                0x08004980                _isatty_r
 .text._lseek_r
                0x080049a0       0x24 d:/vs_code_stm32/9 2019-q4-major/bin/../lib/gcc/arm-none-eabi/9.2.1/../../../../arm-none-eabi/lib/thumb/v7e-m+fp/hard\libc_nano.a(lib_a-lseekr.o)
                0x080049a0                _lseek_r
 .text.__ascii_mbtowc
                0x080049c4       0x24 d:/vs_code_stm32/9 2019-q4-major/bin/../lib/gcc/arm-none-eabi/9.2.1/../../../../arm-none-eabi/lib/thumb/v7e-m+fp/hard\libc_nano.a(lib_a-mbtowc_r.o)
                0x080049c4                __ascii_mbtowc
 .text.__malloc_lock
                0x080049e8        0xc d:/vs_code_stm32/9 2019-q4-major/bin/../lib/gcc/arm-none-eabi/9.2.1/../../../../arm-none-eabi/lib/thumb/v7e-m+fp/hard\libc_nano.a(lib_a-mlock.o)
                0x080049e8                __malloc_lock
 .text.__malloc_unlock
                0x080049f4        0xc d:/vs_code_stm32/9 2019-q4-major/bin/../lib/gcc/arm-none-eabi/9.2.1/../../../../arm-none-eabi/lib/thumb/v7e-m+fp/hard\libc_nano.a(lib_a-mlock.o)
                0x080049f4                __malloc_unlock
 .text._read_r  0x08004a00       0x24 d:/vs_code_stm32/9 2019-q4-major/bin/../lib/gcc/arm-none-eabi/9.2.1/../../../../arm-none-eabi/lib/thumb/v7e-m+fp/hard\libc_nano.a(lib_a-readr.o)
                0x08004a00                _read_r
 .text.__ascii_wctomb
                0x08004a24       0x1a d:/vs_code_stm32/9 2019-q4-major/bin/../lib/gcc/arm-none-eabi/9.2.1/../../../../arm-none-eabi/lib/thumb/v7e-m+fp/hard\libc_nano.a(lib_a-wctomb_r.o)
                0x08004a24                __ascii_wctomb
 *fill*         0x08004a3e        0x2 
 .text._close   0x08004a40       0x10 d:/vs_code_stm32/9 2019-q4-major/bin/../lib/gcc/arm-none-eabi/9.2.1/../../../../arm-none-eabi/lib/thumb/v7e-m+fp/hard\libnosys.a(close.o)
                0x08004a40                _close
 .text._fstat   0x08004a50       0x10 d:/vs_code_stm32/9 2019-q4-major/bin/../lib/gcc/arm-none-eabi/9.2.1/../../../../arm-none-eabi/lib/thumb/v7e-m+fp/hard\libnosys.a(fstat.o)
                0x08004a50                _fstat
 .text._isatty  0x08004a60       0x10 d:/vs_code_stm32/9 2019-q4-major/bin/../lib/gcc/arm-none-eabi/9.2.1/../../../../arm-none-eabi/lib/thumb/v7e-m+fp/hard\libnosys.a(isatty.o)
                0x08004a60                _isatty
 .text._lseek   0x08004a70       0x10 d:/vs_code_stm32/9 2019-q4-major/bin/../lib/gcc/arm-none-eabi/9.2.1/../../../../arm-none-eabi/lib/thumb/v7e-m+fp/hard\libnosys.a(lseek.o)
                0x08004a70                _lseek
 .text._read    0x08004a80       0x10 d:/vs_code_stm32/9 2019-q4-major/bin/../lib/gcc/arm-none-eabi/9.2.1/../../../../arm-none-eabi/lib/thumb/v7e-m+fp/hard\libnosys.a(read.o)
                0x08004a80                _read
 .text._sbrk    0x08004a90       0x1c d:/vs_code_stm32/9 2019-q4-major/bin/../lib/gcc/arm-none-eabi/9.2.1/../../../../arm-none-eabi/lib/thumb/v7e-m+fp/hard\libnosys.a(sbrk.o)
                0x08004a90                _sbrk
 *(.glue_7)
 .glue_7        0x08004aac        0x0 linker stubs
 *(.glue_7t)
 .glue_7t       0x08004aac        0x0 linker stubs
 *(.eh_frame)
 .eh_frame      0x08004aac        0x0 d:/vs_code_stm32/9 2019-q4-major/bin/../lib/gcc/arm-none-eabi/9.2.1/thumb/v7e-m+fp/hard/crtbegin.o
 *(.init)
 .init          0x08004aac        0x4 d:/vs_code_stm32/9 2019-q4-major/bin/../lib/gcc/arm-none-eabi/9.2.1/thumb/v7e-m+fp/hard/crti.o
                0x08004aac                _init
 .init          0x08004ab0        0x8 d:/vs_code_stm32/9 2019-q4-major/bin/../lib/gcc/arm-none-eabi/9.2.1/thumb/v7e-m+fp/hard/crtn.o
 *(.fini)
 .fini          0x08004ab8        0x4 d:/vs_code_stm32/9 2019-q4-major/bin/../lib/gcc/arm-none-eabi/9.2.1/thumb/v7e-m+fp/hard/crti.o
                0x08004ab8                _fini
 .fini          0x08004abc        0x8 d:/vs_code_stm32/9 2019-q4-major/bin/../lib/gcc/arm-none-eabi/9.2.1/thumb/v7e-m+fp/hard/crtn.o
                0x08004ac4                . = ALIGN (0x4)
                0x08004ac4                _etext = .

.vfp11_veneer   0x08004ac4        0x0
 .vfp11_veneer  0x08004ac4        0x0 linker stubs

.v4_bx          0x08004ac4        0x0
 .v4_bx         0x08004ac4        0x0 linker stubs

.iplt           0x08004ac4        0x0
 .iplt          0x08004ac4        0x0 d:/vs_code_stm32/9 2019-q4-major/bin/../lib/gcc/arm-none-eabi/9.2.1/thumb/v7e-m+fp/hard/crtbegin.o

.rodata         0x08004ac8      0x378
                0x08004ac8                . = ALIGN (0x4)
 *(.rodata)
 *(.rodata*)
 .rodata.main.str1.4
                0x08004ac8       0x4d build/main.o
                                 0x55 (size before relaxing)
 *fill*         0x08004b15        0x3 
 .rodata.AHBPrescTable
                0x08004b18       0x10 build/system_stm32f4xx.o
                0x08004b18                AHBPrescTable
 .rodata.APBPrescTable
                0x08004b28        0x8 build/system_stm32f4xx.o
                0x08004b28                APBPrescTable
 .rodata.FlashRead.str1.4
                0x08004b30       0x14 build/flash.o
 .rodata.FlashEraseSector5.str1.4
                0x08004b44       0x20 build/flash.o
 .rodata.FlashWrite.str1.4
                0x08004b64       0x15 build/flash.o
 *fill*         0x08004b79        0x3 
 .rodata._global_impure_ptr
                0x08004b7c        0x4 d:/vs_code_stm32/9 2019-q4-major/bin/../lib/gcc/arm-none-eabi/9.2.1/../../../../arm-none-eabi/lib/thumb/v7e-m+fp/hard\libc_nano.a(lib_a-impure.o)
                0x08004b7c                _global_impure_ptr
 .rodata._printf_float.str1.1
                0x08004b80       0x12 d:/vs_code_stm32/9 2019-q4-major/bin/../lib/gcc/arm-none-eabi/9.2.1/../../../../arm-none-eabi/lib/thumb/v7e-m+fp/hard\libc_nano.a(lib_a-nano-vfprintf_float.o)
 .rodata._printf_i.str1.1
                0x08004b92       0x22 d:/vs_code_stm32/9 2019-q4-major/bin/../lib/gcc/arm-none-eabi/9.2.1/../../../../arm-none-eabi/lib/thumb/v7e-m+fp/hard\libc_nano.a(lib_a-nano-vfprintf_i.o)
 .rodata._dtoa_r.str1.1
                0x08004bb4        0xd d:/vs_code_stm32/9 2019-q4-major/bin/../lib/gcc/arm-none-eabi/9.2.1/../../../../arm-none-eabi/lib/thumb/v7e-m+fp/hard\libc_nano.a(lib_a-dtoa.o)
                                  0xf (size before relaxing)
 *fill*         0x08004bc1        0x3 
 .rodata.__sf_fake_stderr
                0x08004bc4       0x20 d:/vs_code_stm32/9 2019-q4-major/bin/../lib/gcc/arm-none-eabi/9.2.1/../../../../arm-none-eabi/lib/thumb/v7e-m+fp/hard\libc_nano.a(lib_a-findfp.o)
                0x08004bc4                __sf_fake_stderr
 .rodata.__sf_fake_stdin
                0x08004be4       0x20 d:/vs_code_stm32/9 2019-q4-major/bin/../lib/gcc/arm-none-eabi/9.2.1/../../../../arm-none-eabi/lib/thumb/v7e-m+fp/hard\libc_nano.a(lib_a-findfp.o)
                0x08004be4                __sf_fake_stdin
 .rodata.__sf_fake_stdout
                0x08004c04       0x20 d:/vs_code_stm32/9 2019-q4-major/bin/../lib/gcc/arm-none-eabi/9.2.1/../../../../arm-none-eabi/lib/thumb/v7e-m+fp/hard\libc_nano.a(lib_a-findfp.o)
                0x08004c04                __sf_fake_stdout
 *fill*         0x08004c24        0x4 
 .rodata.__mprec_bigtens
                0x08004c28       0x28 d:/vs_code_stm32/9 2019-q4-major/bin/../lib/gcc/arm-none-eabi/9.2.1/../../../../arm-none-eabi/lib/thumb/v7e-m+fp/hard\libc_nano.a(lib_a-mprec.o)
                0x08004c28                __mprec_bigtens
 .rodata.__mprec_tens
                0x08004c50       0xc8 d:/vs_code_stm32/9 2019-q4-major/bin/../lib/gcc/arm-none-eabi/9.2.1/../../../../arm-none-eabi/lib/thumb/v7e-m+fp/hard\libc_nano.a(lib_a-mprec.o)
                0x08004c50                __mprec_tens
 .rodata.p05.7490
                0x08004d18        0xc d:/vs_code_stm32/9 2019-q4-major/bin/../lib/gcc/arm-none-eabi/9.2.1/../../../../arm-none-eabi/lib/thumb/v7e-m+fp/hard\libc_nano.a(lib_a-mprec.o)
 .rodata._vfprintf_r.str1.1
                0x08004d24       0x11 d:/vs_code_stm32/9 2019-q4-major/bin/../lib/gcc/arm-none-eabi/9.2.1/../../../../arm-none-eabi/lib/thumb/v7e-m+fp/hard\libc_nano.a(lib_a-nano-vfprintf.o)
 .rodata._setlocale_r.str1.1
                0x08004d35        0x8 d:/vs_code_stm32/9 2019-q4-major/bin/../lib/gcc/arm-none-eabi/9.2.1/../../../../arm-none-eabi/lib/thumb/v7e-m+fp/hard\libc_nano.a(lib_a-locale.o)
                                  0x9 (size before relaxing)
 .rodata.str1.1
                0x08004d3d        0x2 d:/vs_code_stm32/9 2019-q4-major/bin/../lib/gcc/arm-none-eabi/9.2.1/../../../../arm-none-eabi/lib/thumb/v7e-m+fp/hard\libc_nano.a(lib_a-locale.o)
 .rodata._ctype_
                0x08004d3f      0x101 d:/vs_code_stm32/9 2019-q4-major/bin/../lib/gcc/arm-none-eabi/9.2.1/../../../../arm-none-eabi/lib/thumb/v7e-m+fp/hard\libc_nano.a(lib_a-ctype_.o)
                0x08004d3f                _ctype_
                0x08004e40                . = ALIGN (0x4)

.ARM.extab
 *(.ARM.extab* .gnu.linkonce.armextab.*)

.ARM            0x08004e40        0x8
                0x08004e40                __exidx_start = .
 *(.ARM.exidx*)
 .ARM.exidx     0x08004e40        0x8 d:/vs_code_stm32/9 2019-q4-major/bin/../lib/gcc/arm-none-eabi/9.2.1/thumb/v7e-m+fp/hard\libgcc.a(_udivmoddi4.o)
                0x08004e48                __exidx_end = .

.rel.dyn        0x08004e48        0x0
 .rel.iplt      0x08004e48        0x0 d:/vs_code_stm32/9 2019-q4-major/bin/../lib/gcc/arm-none-eabi/9.2.1/thumb/v7e-m+fp/hard/crtbegin.o

.preinit_array  0x08004e48        0x0
                0x08004e48                PROVIDE (__preinit_array_start = .)
 *(.preinit_array*)
                0x08004e48                PROVIDE (__preinit_array_end = .)

.init_array     0x08004e48        0x4
                0x08004e48                PROVIDE (__init_array_start = .)
 *(SORT_BY_NAME(.init_array.*))
 *(.init_array*)
 .init_array    0x08004e48        0x4 d:/vs_code_stm32/9 2019-q4-major/bin/../lib/gcc/arm-none-eabi/9.2.1/thumb/v7e-m+fp/hard/crtbegin.o
                0x08004e4c                PROVIDE (__init_array_end = .)

.fini_array     0x08004e4c        0x4
                [!provide]                PROVIDE (__fini_array_start = .)
 *(SORT_BY_NAME(.fini_array.*))
 *(.fini_array*)
 .fini_array    0x08004e4c        0x4 d:/vs_code_stm32/9 2019-q4-major/bin/../lib/gcc/arm-none-eabi/9.2.1/thumb/v7e-m+fp/hard/crtbegin.o
                [!provide]                PROVIDE (__fini_array_end = .)
                0x08004e50                _sidata = LOADADDR (.data)

.data           0x20000000      0x1e0 load address 0x08004e50
                0x20000000                . = ALIGN (0x4)
                0x20000000                _sdata = .
 *(.data)
 *(.data*)
 .data.flash_buff
                0x20000000        0x5 build/main.o
                0x20000000                flash_buff
 .data.uwTickFreq
                0x20000005        0x1 build/stm32f4xx_hal.o
                0x20000005                uwTickFreq
 *fill*         0x20000006        0x2 
 .data.uwTickPrio
                0x20000008        0x4 build/stm32f4xx_hal.o
                0x20000008                uwTickPrio
 .data.SystemCoreClock
                0x2000000c        0x4 build/system_stm32f4xx.o
                0x2000000c                SystemCoreClock
 .data._impure_ptr
                0x20000010        0x4 d:/vs_code_stm32/9 2019-q4-major/bin/../lib/gcc/arm-none-eabi/9.2.1/../../../../arm-none-eabi/lib/thumb/v7e-m+fp/hard\libc_nano.a(lib_a-impure.o)
                0x20000010                _impure_ptr
 .data.impure_data
                0x20000014       0x60 d:/vs_code_stm32/9 2019-q4-major/bin/../lib/gcc/arm-none-eabi/9.2.1/../../../../arm-none-eabi/lib/thumb/v7e-m+fp/hard\libc_nano.a(lib_a-impure.o)
 .data.__global_locale
                0x20000074      0x16c d:/vs_code_stm32/9 2019-q4-major/bin/../lib/gcc/arm-none-eabi/9.2.1/../../../../arm-none-eabi/lib/thumb/v7e-m+fp/hard\libc_nano.a(lib_a-locale.o)
                0x20000074                __global_locale
                0x200001e0                . = ALIGN (0x4)
                0x200001e0                _edata = .

.igot.plt       0x200001e0        0x0 load address 0x08005030
 .igot.plt      0x200001e0        0x0 d:/vs_code_stm32/9 2019-q4-major/bin/../lib/gcc/arm-none-eabi/9.2.1/thumb/v7e-m+fp/hard/crtbegin.o
                0x200001e0                . = ALIGN (0x4)

.bss            0x200001e0       0xac load address 0x08005030
                0x200001e0                _sbss = .
                0x200001e0                __bss_start__ = _sbss
 *(.bss)
 .bss           0x200001e0       0x1c d:/vs_code_stm32/9 2019-q4-major/bin/../lib/gcc/arm-none-eabi/9.2.1/thumb/v7e-m+fp/hard/crtbegin.o
 *(.bss*)
 .bss.__malloc_free_list
                0x200001fc        0x4 d:/vs_code_stm32/9 2019-q4-major/bin/../lib/gcc/arm-none-eabi/9.2.1/../../../../arm-none-eabi/lib/thumb/v7e-m+fp/hard\libc_nano.a(lib_a-nano-mallocr.o)
                0x200001fc                __malloc_free_list
 .bss.__malloc_sbrk_start
                0x20000200        0x4 d:/vs_code_stm32/9 2019-q4-major/bin/../lib/gcc/arm-none-eabi/9.2.1/../../../../arm-none-eabi/lib/thumb/v7e-m+fp/hard\libc_nano.a(lib_a-nano-mallocr.o)
                0x20000200                __malloc_sbrk_start
 .bss.heap_end.5507
                0x20000204        0x4 d:/vs_code_stm32/9 2019-q4-major/bin/../lib/gcc/arm-none-eabi/9.2.1/../../../../arm-none-eabi/lib/thumb/v7e-m+fp/hard\libnosys.a(sbrk.o)
 *(COMMON)
 COMMON         0x20000208        0x9 build/main.o
                0x20000208                flag
                0x2000020c                result_buff
 *fill*         0x20000211        0x3 
 COMMON         0x20000214       0x44 build/usart.o
                0x20000214                huart1
 COMMON         0x20000258       0x20 build/stm32f4xx_hal_flash.o
                0x20000258                pFlash
 COMMON         0x20000278        0x4 build/stm32f4xx_hal.o
                0x20000278                uwTick
 COMMON         0x2000027c        0x9 d:/vs_code_stm32/9 2019-q4-major/bin/../lib/gcc/arm-none-eabi/9.2.1/../../../../arm-none-eabi/lib/thumb/v7e-m+fp/hard\libc_nano.a(lib_a-lock.o)
                0x2000027c                __lock___atexit_recursive_mutex
                0x2000027d                __lock___arc4random_mutex
                0x2000027e                __lock___env_recursive_mutex
                0x2000027f                __lock___sinit_recursive_mutex
                0x20000280                __lock___malloc_recursive_mutex
                0x20000281                __lock___at_quick_exit_mutex
                0x20000282                __lock___dd_hash_mutex
                0x20000283                __lock___tz_mutex
                0x20000284                __lock___sfp_recursive_mutex
 *fill*         0x20000285        0x3 
 COMMON         0x20000288        0x4 d:/vs_code_stm32/9 2019-q4-major/bin/../lib/gcc/arm-none-eabi/9.2.1/../../../../arm-none-eabi/lib/thumb/v7e-m+fp/hard\libc_nano.a(lib_a-reent.o)
                0x20000288                errno
                0x2000028c                . = ALIGN (0x4)
                0x2000028c                _ebss = .
                0x2000028c                __bss_end__ = _ebss

._user_heap_stack
                0x2000028c      0x604 load address 0x08005030
                0x20000290                . = ALIGN (0x8)
 *fill*         0x2000028c        0x4 
                0x20000290                PROVIDE (end = .)
                [!provide]                PROVIDE (_end = .)
                0x20000490                . = (. + _Min_Heap_Size)
 *fill*         0x20000290      0x200 
                0x20000890                . = (. + _Min_Stack_Size)
 *fill*         0x20000490      0x400 
                0x20000890                . = ALIGN (0x8)

/DISCARD/
 libc.a(*)
 libm.a(*)
 libgcc.a(*)

.ARM.attributes
                0x00000000       0x30
 *(.ARM.attributes)
 .ARM.attributes
                0x00000000       0x1e d:/vs_code_stm32/9 2019-q4-major/bin/../lib/gcc/arm-none-eabi/9.2.1/thumb/v7e-m+fp/hard/crti.o
 .ARM.attributes
                0x0000001e       0x34 d:/vs_code_stm32/9 2019-q4-major/bin/../lib/gcc/arm-none-eabi/9.2.1/thumb/v7e-m+fp/hard/crtbegin.o
 .ARM.attributes
                0x00000052       0x34 build/main.o
 .ARM.attributes
                0x00000086       0x34 build/gpio.o
 .ARM.attributes
                0x000000ba       0x34 build/usart.o
 .ARM.attributes
                0x000000ee       0x34 build/stm32f4xx_it.o
 .ARM.attributes
                0x00000122       0x34 build/stm32f4xx_hal_msp.o
 .ARM.attributes
                0x00000156       0x34 build/stm32f4xx_hal_uart.o
 .ARM.attributes
                0x0000018a       0x34 build/stm32f4xx_hal_rcc.o
 .ARM.attributes
                0x000001be       0x34 build/stm32f4xx_hal_flash.o
 .ARM.attributes
                0x000001f2       0x34 build/stm32f4xx_hal_flash_ex.o
 .ARM.attributes
                0x00000226       0x34 build/stm32f4xx_hal_gpio.o
 .ARM.attributes
                0x0000025a       0x34 build/stm32f4xx_hal_cortex.o
 .ARM.attributes
                0x0000028e       0x34 build/stm32f4xx_hal.o
 .ARM.attributes
                0x000002c2       0x34 build/system_stm32f4xx.o
 .ARM.attributes
                0x000002f6       0x34 build/flash.o
 .ARM.attributes
                0x0000032a       0x21 build/startup_stm32f401xc.o
 .ARM.attributes
                0x0000034b       0x32 d:/vs_code_stm32/9 2019-q4-major/bin/../lib/gcc/arm-none-eabi/9.2.1/../../../../arm-none-eabi/lib/thumb/v7e-m+fp/hard\libc_nano.a(lib_a-impure.o)
 .ARM.attributes
                0x0000037d       0x34 d:/vs_code_stm32/9 2019-q4-major/bin/../lib/gcc/arm-none-eabi/9.2.1/../../../../arm-none-eabi/lib/thumb/v7e-m+fp/hard\libc_nano.a(lib_a-init.o)
 .ARM.attributes
                0x000003b1       0x34 d:/vs_code_stm32/9 2019-q4-major/bin/../lib/gcc/arm-none-eabi/9.2.1/../../../../arm-none-eabi/lib/thumb/v7e-m+fp/hard\libc_nano.a(lib_a-memset.o)
 .ARM.attributes
                0x000003e5       0x34 d:/vs_code_stm32/9 2019-q4-major/bin/../lib/gcc/arm-none-eabi/9.2.1/../../../../arm-none-eabi/lib/thumb/v7e-m+fp/hard\libc_nano.a(lib_a-nano-vfprintf_float.o)
 .ARM.attributes
                0x00000419       0x34 d:/vs_code_stm32/9 2019-q4-major/bin/../lib/gcc/arm-none-eabi/9.2.1/../../../../arm-none-eabi/lib/thumb/v7e-m+fp/hard\libc_nano.a(lib_a-nano-vfprintf_i.o)
 .ARM.attributes
                0x0000044d       0x34 d:/vs_code_stm32/9 2019-q4-major/bin/../lib/gcc/arm-none-eabi/9.2.1/../../../../arm-none-eabi/lib/thumb/v7e-m+fp/hard\libc_nano.a(lib_a-printf.o)
 .ARM.attributes
                0x00000481       0x34 d:/vs_code_stm32/9 2019-q4-major/bin/../lib/gcc/arm-none-eabi/9.2.1/../../../../arm-none-eabi/lib/thumb/v7e-m+fp/hard\libc_nano.a(lib_a-puts.o)
 .ARM.attributes
                0x000004b5       0x17 d:/vs_code_stm32/9 2019-q4-major/bin/../lib/gcc/arm-none-eabi/9.2.1/../../../../arm-none-eabi/lib/thumb/v7e-m+fp/hard\libc_nano.a(lib_a-strlen.o)
 .ARM.attributes
                0x000004cc       0x34 d:/vs_code_stm32/9 2019-q4-major/bin/../lib/gcc/arm-none-eabi/9.2.1/../../../../arm-none-eabi/lib/thumb/v7e-m+fp/hard\libc_nano.a(lib_a-wbuf.o)
 .ARM.attributes
                0x00000500       0x34 d:/vs_code_stm32/9 2019-q4-major/bin/../lib/gcc/arm-none-eabi/9.2.1/../../../../arm-none-eabi/lib/thumb/v7e-m+fp/hard\libc_nano.a(lib_a-wsetup.o)
 .ARM.attributes
                0x00000534       0x34 d:/vs_code_stm32/9 2019-q4-major/bin/../lib/gcc/arm-none-eabi/9.2.1/../../../../arm-none-eabi/lib/thumb/v7e-m+fp/hard\libc_nano.a(lib_a-dtoa.o)
 .ARM.attributes
                0x00000568       0x34 d:/vs_code_stm32/9 2019-q4-major/bin/../lib/gcc/arm-none-eabi/9.2.1/../../../../arm-none-eabi/lib/thumb/v7e-m+fp/hard\libc_nano.a(lib_a-fflush.o)
 .ARM.attributes
                0x0000059c       0x34 d:/vs_code_stm32/9 2019-q4-major/bin/../lib/gcc/arm-none-eabi/9.2.1/../../../../arm-none-eabi/lib/thumb/v7e-m+fp/hard\libc_nano.a(lib_a-findfp.o)
 .ARM.attributes
                0x000005d0       0x34 d:/vs_code_stm32/9 2019-q4-major/bin/../lib/gcc/arm-none-eabi/9.2.1/../../../../arm-none-eabi/lib/thumb/v7e-m+fp/hard\libc_nano.a(lib_a-fwalk.o)
 .ARM.attributes
                0x00000604       0x34 d:/vs_code_stm32/9 2019-q4-major/bin/../lib/gcc/arm-none-eabi/9.2.1/../../../../arm-none-eabi/lib/thumb/v7e-m+fp/hard\libc_nano.a(lib_a-localeconv.o)
 .ARM.attributes
                0x00000638       0x34 d:/vs_code_stm32/9 2019-q4-major/bin/../lib/gcc/arm-none-eabi/9.2.1/../../../../arm-none-eabi/lib/thumb/v7e-m+fp/hard\libc_nano.a(lib_a-lock.o)
 .ARM.attributes
                0x0000066c       0x34 d:/vs_code_stm32/9 2019-q4-major/bin/../lib/gcc/arm-none-eabi/9.2.1/../../../../arm-none-eabi/lib/thumb/v7e-m+fp/hard\libc_nano.a(lib_a-makebuf.o)
 .ARM.attributes
                0x000006a0       0x34 d:/vs_code_stm32/9 2019-q4-major/bin/../lib/gcc/arm-none-eabi/9.2.1/../../../../arm-none-eabi/lib/thumb/v7e-m+fp/hard\libc_nano.a(lib_a-malloc.o)
 .ARM.attributes
                0x000006d4       0x1c d:/vs_code_stm32/9 2019-q4-major/bin/../lib/gcc/arm-none-eabi/9.2.1/../../../../arm-none-eabi/lib/thumb/v7e-m+fp/hard\libc_nano.a(lib_a-memchr.o)
 .ARM.attributes
                0x000006f0       0x34 d:/vs_code_stm32/9 2019-q4-major/bin/../lib/gcc/arm-none-eabi/9.2.1/../../../../arm-none-eabi/lib/thumb/v7e-m+fp/hard\libc_nano.a(lib_a-memcpy-stub.o)
 .ARM.attributes
                0x00000724       0x34 d:/vs_code_stm32/9 2019-q4-major/bin/../lib/gcc/arm-none-eabi/9.2.1/../../../../arm-none-eabi/lib/thumb/v7e-m+fp/hard\libc_nano.a(lib_a-mprec.o)
 .ARM.attributes
                0x00000758       0x34 d:/vs_code_stm32/9 2019-q4-major/bin/../lib/gcc/arm-none-eabi/9.2.1/../../../../arm-none-eabi/lib/thumb/v7e-m+fp/hard\libc_nano.a(lib_a-nano-callocr.o)
 .ARM.attributes
                0x0000078c       0x34 d:/vs_code_stm32/9 2019-q4-major/bin/../lib/gcc/arm-none-eabi/9.2.1/../../../../arm-none-eabi/lib/thumb/v7e-m+fp/hard\libc_nano.a(lib_a-nano-freer.o)
 .ARM.attributes
                0x000007c0       0x34 d:/vs_code_stm32/9 2019-q4-major/bin/../lib/gcc/arm-none-eabi/9.2.1/../../../../arm-none-eabi/lib/thumb/v7e-m+fp/hard\libc_nano.a(lib_a-nano-mallocr.o)
 .ARM.attributes
                0x000007f4       0x34 d:/vs_code_stm32/9 2019-q4-major/bin/../lib/gcc/arm-none-eabi/9.2.1/../../../../arm-none-eabi/lib/thumb/v7e-m+fp/hard\libc_nano.a(lib_a-nano-vfprintf.o)
 .ARM.attributes
                0x00000828       0x34 d:/vs_code_stm32/9 2019-q4-major/bin/../lib/gcc/arm-none-eabi/9.2.1/../../../../arm-none-eabi/lib/thumb/v7e-m+fp/hard\libc_nano.a(lib_a-sbrkr.o)
 .ARM.attributes
                0x0000085c       0x34 d:/vs_code_stm32/9 2019-q4-major/bin/../lib/gcc/arm-none-eabi/9.2.1/../../../../arm-none-eabi/lib/thumb/v7e-m+fp/hard\libc_nano.a(lib_a-stdio.o)
 .ARM.attributes
                0x00000890       0x34 d:/vs_code_stm32/9 2019-q4-major/bin/../lib/gcc/arm-none-eabi/9.2.1/../../../../arm-none-eabi/lib/thumb/v7e-m+fp/hard\libc_nano.a(lib_a-writer.o)
 .ARM.attributes
                0x000008c4       0x34 d:/vs_code_stm32/9 2019-q4-major/bin/../lib/gcc/arm-none-eabi/9.2.1/../../../../arm-none-eabi/lib/thumb/v7e-m+fp/hard\libc_nano.a(lib_a-closer.o)
 .ARM.attributes
                0x000008f8       0x34 d:/vs_code_stm32/9 2019-q4-major/bin/../lib/gcc/arm-none-eabi/9.2.1/../../../../arm-none-eabi/lib/thumb/v7e-m+fp/hard\libc_nano.a(lib_a-fstatr.o)
 .ARM.attributes
                0x0000092c       0x34 d:/vs_code_stm32/9 2019-q4-major/bin/../lib/gcc/arm-none-eabi/9.2.1/../../../../arm-none-eabi/lib/thumb/v7e-m+fp/hard\libc_nano.a(lib_a-isattyr.o)
 .ARM.attributes
                0x00000960       0x34 d:/vs_code_stm32/9 2019-q4-major/bin/../lib/gcc/arm-none-eabi/9.2.1/../../../../arm-none-eabi/lib/thumb/v7e-m+fp/hard\libc_nano.a(lib_a-locale.o)
 .ARM.attributes
                0x00000994       0x34 d:/vs_code_stm32/9 2019-q4-major/bin/../lib/gcc/arm-none-eabi/9.2.1/../../../../arm-none-eabi/lib/thumb/v7e-m+fp/hard\libc_nano.a(lib_a-lseekr.o)
 .ARM.attributes
                0x000009c8       0x34 d:/vs_code_stm32/9 2019-q4-major/bin/../lib/gcc/arm-none-eabi/9.2.1/../../../../arm-none-eabi/lib/thumb/v7e-m+fp/hard\libc_nano.a(lib_a-mbtowc_r.o)
 .ARM.attributes
                0x000009fc       0x34 d:/vs_code_stm32/9 2019-q4-major/bin/../lib/gcc/arm-none-eabi/9.2.1/../../../../arm-none-eabi/lib/thumb/v7e-m+fp/hard\libc_nano.a(lib_a-mlock.o)
 .ARM.attributes
                0x00000a30       0x34 d:/vs_code_stm32/9 2019-q4-major/bin/../lib/gcc/arm-none-eabi/9.2.1/../../../../arm-none-eabi/lib/thumb/v7e-m+fp/hard\libc_nano.a(lib_a-readr.o)
 .ARM.attributes
                0x00000a64       0x34 d:/vs_code_stm32/9 2019-q4-major/bin/../lib/gcc/arm-none-eabi/9.2.1/../../../../arm-none-eabi/lib/thumb/v7e-m+fp/hard\libc_nano.a(lib_a-reent.o)
 .ARM.attributes
                0x00000a98       0x34 d:/vs_code_stm32/9 2019-q4-major/bin/../lib/gcc/arm-none-eabi/9.2.1/../../../../arm-none-eabi/lib/thumb/v7e-m+fp/hard\libc_nano.a(lib_a-wctomb_r.o)
 .ARM.attributes
                0x00000acc       0x32 d:/vs_code_stm32/9 2019-q4-major/bin/../lib/gcc/arm-none-eabi/9.2.1/../../../../arm-none-eabi/lib/thumb/v7e-m+fp/hard\libc_nano.a(lib_a-ctype_.o)
 .ARM.attributes
                0x00000afe       0x34 d:/vs_code_stm32/9 2019-q4-major/bin/../lib/gcc/arm-none-eabi/9.2.1/../../../../arm-none-eabi/lib/thumb/v7e-m+fp/hard\libnosys.a(close.o)
 .ARM.attributes
                0x00000b32       0x34 d:/vs_code_stm32/9 2019-q4-major/bin/../lib/gcc/arm-none-eabi/9.2.1/../../../../arm-none-eabi/lib/thumb/v7e-m+fp/hard\libnosys.a(fstat.o)
 .ARM.attributes
                0x00000b66       0x34 d:/vs_code_stm32/9 2019-q4-major/bin/../lib/gcc/arm-none-eabi/9.2.1/../../../../arm-none-eabi/lib/thumb/v7e-m+fp/hard\libnosys.a(isatty.o)
 .ARM.attributes
                0x00000b9a       0x34 d:/vs_code_stm32/9 2019-q4-major/bin/../lib/gcc/arm-none-eabi/9.2.1/../../../../arm-none-eabi/lib/thumb/v7e-m+fp/hard\libnosys.a(lseek.o)
 .ARM.attributes
                0x00000bce       0x34 d:/vs_code_stm32/9 2019-q4-major/bin/../lib/gcc/arm-none-eabi/9.2.1/../../../../arm-none-eabi/lib/thumb/v7e-m+fp/hard\libnosys.a(read.o)
 .ARM.attributes
                0x00000c02       0x34 d:/vs_code_stm32/9 2019-q4-major/bin/../lib/gcc/arm-none-eabi/9.2.1/../../../../arm-none-eabi/lib/thumb/v7e-m+fp/hard\libnosys.a(sbrk.o)
 .ARM.attributes
                0x00000c36       0x1e d:/vs_code_stm32/9 2019-q4-major/bin/../lib/gcc/arm-none-eabi/9.2.1/thumb/v7e-m+fp/hard\libgcc.a(_arm_addsubdf3.o)
 .ARM.attributes
                0x00000c54       0x1e d:/vs_code_stm32/9 2019-q4-major/bin/../lib/gcc/arm-none-eabi/9.2.1/thumb/v7e-m+fp/hard\libgcc.a(_arm_muldivdf3.o)
 .ARM.attributes
                0x00000c72       0x1e d:/vs_code_stm32/9 2019-q4-major/bin/../lib/gcc/arm-none-eabi/9.2.1/thumb/v7e-m+fp/hard\libgcc.a(_arm_cmpdf2.o)
 .ARM.attributes
                0x00000c90       0x1e d:/vs_code_stm32/9 2019-q4-major/bin/../lib/gcc/arm-none-eabi/9.2.1/thumb/v7e-m+fp/hard\libgcc.a(_arm_unorddf2.o)
 .ARM.attributes
                0x00000cae       0x1e d:/vs_code_stm32/9 2019-q4-major/bin/../lib/gcc/arm-none-eabi/9.2.1/thumb/v7e-m+fp/hard\libgcc.a(_arm_fixdfsi.o)
 .ARM.attributes
                0x00000ccc       0x1e d:/vs_code_stm32/9 2019-q4-major/bin/../lib/gcc/arm-none-eabi/9.2.1/thumb/v7e-m+fp/hard\libgcc.a(_aeabi_uldivmod.o)
 .ARM.attributes
                0x00000cea       0x34 d:/vs_code_stm32/9 2019-q4-major/bin/../lib/gcc/arm-none-eabi/9.2.1/thumb/v7e-m+fp/hard\libgcc.a(_udivmoddi4.o)
 .ARM.attributes
                0x00000d1e       0x1e d:/vs_code_stm32/9 2019-q4-major/bin/../lib/gcc/arm-none-eabi/9.2.1/thumb/v7e-m+fp/hard\libgcc.a(_dvmd_tls.o)
 .ARM.attributes
                0x00000d3c       0x1e d:/vs_code_stm32/9 2019-q4-major/bin/../lib/gcc/arm-none-eabi/9.2.1/thumb/v7e-m+fp/hard/crtn.o
OUTPUT(build/uart.elf elf32-littlearm)

.debug_info     0x00000000     0xb7d0
 .debug_info    0x00000000     0x172f build/main.o
 .debug_info    0x0000172f      0x417 build/gpio.o
 .debug_info    0x00001b46     0x15ec build/usart.o
 .debug_info    0x00003132      0x271 build/stm32f4xx_it.o
 .debug_info    0x000033a3      0x417 build/stm32f4xx_hal_msp.o
 .debug_info    0x000037ba     0x1f46 build/stm32f4xx_hal_uart.o
 .debug_info    0x00005700      0xc71 build/stm32f4xx_hal_rcc.o
 .debug_info    0x00006371      0x8a6 build/stm32f4xx_hal_flash.o
 .debug_info    0x00006c17      0xb99 build/stm32f4xx_hal_flash_ex.o
 .debug_info    0x000077b0      0x954 build/stm32f4xx_hal_gpio.o
 .debug_info    0x00008104     0x11a8 build/stm32f4xx_hal_cortex.o
 .debug_info    0x000092ac      0xaef build/stm32f4xx_hal.o
 .debug_info    0x00009d9b      0x66e build/system_stm32f4xx.o
 .debug_info    0x0000a409     0x13a5 build/flash.o
 .debug_info    0x0000b7ae       0x22 build/startup_stm32f401xc.o

.debug_abbrev   0x00000000     0x212a
 .debug_abbrev  0x00000000      0x2de build/main.o
 .debug_abbrev  0x000002de      0x11c build/gpio.o
 .debug_abbrev  0x000003fa      0x2df build/usart.o
 .debug_abbrev  0x000006d9       0xf2 build/stm32f4xx_it.o
 .debug_abbrev  0x000007cb      0x11c build/stm32f4xx_hal_msp.o
 .debug_abbrev  0x000008e7      0x329 build/stm32f4xx_hal_uart.o
 .debug_abbrev  0x00000c10      0x2cd build/stm32f4xx_hal_rcc.o
 .debug_abbrev  0x00000edd      0x305 build/stm32f4xx_hal_flash.o
 .debug_abbrev  0x000011e2      0x2de build/stm32f4xx_hal_flash_ex.o
 .debug_abbrev  0x000014c0      0x258 build/stm32f4xx_hal_gpio.o
 .debug_abbrev  0x00001718      0x3a8 build/stm32f4xx_hal_cortex.o
 .debug_abbrev  0x00001ac0      0x24d build/stm32f4xx_hal.o
 .debug_abbrev  0x00001d0d      0x14a build/system_stm32f4xx.o
 .debug_abbrev  0x00001e57      0x2c1 build/flash.o
 .debug_abbrev  0x00002118       0x12 build/startup_stm32f401xc.o

.debug_loc      0x00000000     0x5113
 .debug_loc     0x00000000       0x72 build/main.o
 .debug_loc     0x00000072       0x2c build/gpio.o
 .debug_loc     0x0000009e      0x1e5 build/usart.o
 .debug_loc     0x00000283       0x20 build/stm32f4xx_it.o
 .debug_loc     0x000002a3       0x2c build/stm32f4xx_hal_msp.o
 .debug_loc     0x000002cf     0x265b build/stm32f4xx_hal_uart.o
 .debug_loc     0x0000292a      0x6c7 build/stm32f4xx_hal_rcc.o
 .debug_loc     0x00002ff1      0x498 build/stm32f4xx_hal_flash.o
 .debug_loc     0x00003489      0x8b8 build/stm32f4xx_hal_flash_ex.o
 .debug_loc     0x00003d41      0x5db build/stm32f4xx_hal_gpio.o
 .debug_loc     0x0000431c      0x7d4 build/stm32f4xx_hal_cortex.o
 .debug_loc     0x00004af0      0x1e1 build/stm32f4xx_hal.o
 .debug_loc     0x00004cd1      0x16c build/system_stm32f4xx.o
 .debug_loc     0x00004e3d      0x2d6 build/flash.o

.debug_aranges  0x00000000      0x778
 .debug_aranges
                0x00000000       0x30 build/main.o
 .debug_aranges
                0x00000030       0x20 build/gpio.o
 .debug_aranges
                0x00000050       0x40 build/usart.o
 .debug_aranges
                0x00000090       0x60 build/stm32f4xx_it.o
 .debug_aranges
                0x000000f0       0x20 build/stm32f4xx_hal_msp.o
 .debug_aranges
                0x00000110      0x200 build/stm32f4xx_hal_uart.o
 .debug_aranges
                0x00000310       0x88 build/stm32f4xx_hal_rcc.o
 .debug_aranges
                0x00000398       0xa0 build/stm32f4xx_hal_flash.o
 .debug_aranges
                0x00000438       0xc8 build/stm32f4xx_hal_flash_ex.o
 .debug_aranges
                0x00000500       0x58 build/stm32f4xx_hal_gpio.o
 .debug_aranges
                0x00000558       0xa8 build/stm32f4xx_hal_cortex.o
 .debug_aranges
                0x00000600       0xf0 build/stm32f4xx_hal.o
 .debug_aranges
                0x000006f0       0x28 build/system_stm32f4xx.o
 .debug_aranges
                0x00000718       0x38 build/flash.o
 .debug_aranges
                0x00000750       0x28 build/startup_stm32f401xc.o

.debug_ranges   0x00000000      0x708
 .debug_ranges  0x00000000       0x20 build/main.o
 .debug_ranges  0x00000020       0x10 build/gpio.o
 .debug_ranges  0x00000030       0x30 build/usart.o
 .debug_ranges  0x00000060       0x50 build/stm32f4xx_it.o
 .debug_ranges  0x000000b0       0x10 build/stm32f4xx_hal_msp.o
 .debug_ranges  0x000000c0      0x1f0 build/stm32f4xx_hal_uart.o
 .debug_ranges  0x000002b0       0x90 build/stm32f4xx_hal_rcc.o
 .debug_ranges  0x00000340       0x90 build/stm32f4xx_hal_flash.o
 .debug_ranges  0x000003d0       0xb8 build/stm32f4xx_hal_flash_ex.o
 .debug_ranges  0x00000488       0x48 build/stm32f4xx_hal_gpio.o
 .debug_ranges  0x000004d0       0xf8 build/stm32f4xx_hal_cortex.o
 .debug_ranges  0x000005c8       0xe0 build/stm32f4xx_hal.o
 .debug_ranges  0x000006a8       0x18 build/system_stm32f4xx.o
 .debug_ranges  0x000006c0       0x28 build/flash.o
 .debug_ranges  0x000006e8       0x20 build/startup_stm32f401xc.o

.debug_line     0x00000000     0x63c1
 .debug_line    0x00000000      0x43f build/main.o
 .debug_line    0x0000043f      0x197 build/gpio.o
 .debug_line    0x000005d6      0x405 build/usart.o
 .debug_line    0x000009db      0x276 build/stm32f4xx_it.o
 .debug_line    0x00000c51      0x1a5 build/stm32f4xx_hal_msp.o
 .debug_line    0x00000df6     0x20d4 build/stm32f4xx_hal_uart.o
 .debug_line    0x00002eca      0xb0e build/stm32f4xx_hal_rcc.o
 .debug_line    0x000039d8      0x755 build/stm32f4xx_hal_flash.o
 .debug_line    0x0000412d      0x837 build/stm32f4xx_hal_flash_ex.o
 .debug_line    0x00004964      0x6ed build/stm32f4xx_hal_gpio.o
 .debug_line    0x00005051      0x77e build/stm32f4xx_hal_cortex.o
 .debug_line    0x000057cf      0x541 build/stm32f4xx_hal.o
 .debug_line    0x00005d10      0x262 build/system_stm32f4xx.o
 .debug_line    0x00005f72      0x3d9 build/flash.o
 .debug_line    0x0000634b       0x76 build/startup_stm32f401xc.o

.debug_str      0x00000000     0x299b
 .debug_str     0x00000000      0xcfb build/main.o
                                0xdde (size before relaxing)
 .debug_str     0x00000cfb       0x10 build/gpio.o
                                0x3a6 (size before relaxing)
 .debug_str     0x00000d0b       0xe9 build/usart.o
                                0xcdc (size before relaxing)
 .debug_str     0x00000df4       0xb4 build/stm32f4xx_it.o
                                0x328 (size before relaxing)
 .debug_str     0x00000ea8       0x29 build/stm32f4xx_hal_msp.o
                                0x3b2 (size before relaxing)
 .debug_str     0x00000ed1      0x69c build/stm32f4xx_hal_uart.o
                                0xdf7 (size before relaxing)
 .debug_str     0x0000156d      0x1a0 build/stm32f4xx_hal_rcc.o
                                0x7a3 (size before relaxing)
 .debug_str     0x0000170d      0x2ab build/stm32f4xx_hal_flash.o
                                0x61d (size before relaxing)
 .debug_str     0x000019b8      0x2fb build/stm32f4xx_hal_flash_ex.o
                                0x740 (size before relaxing)
 .debug_str     0x00001cb3      0x153 build/stm32f4xx_hal_gpio.o
                                0x5c5 (size before relaxing)
 .debug_str     0x00001e06      0x88d build/stm32f4xx_hal_cortex.o
                                0xb8b (size before relaxing)
 .debug_str     0x00002693      0x229 build/stm32f4xx_hal.o
                                0xa5e (size before relaxing)
 .debug_str     0x000028bc       0x47 build/system_stm32f4xx.o
                                0x42e (size before relaxing)
 .debug_str     0x00002903       0x74 build/flash.o
                                0xbf4 (size before relaxing)
 .debug_str     0x00002977       0x24 build/startup_stm32f401xc.o
                                 0x4f (size before relaxing)

.comment        0x00000000       0x79
 .comment       0x00000000       0x79 build/main.o
                                 0x7a (size before relaxing)
 .comment       0x00000079       0x7a build/gpio.o
 .comment       0x00000079       0x7a build/usart.o
 .comment       0x00000079       0x7a build/stm32f4xx_it.o
 .comment       0x00000079       0x7a build/stm32f4xx_hal_msp.o
 .comment       0x00000079       0x7a build/stm32f4xx_hal_uart.o
 .comment       0x00000079       0x7a build/stm32f4xx_hal_rcc.o
 .comment       0x00000079       0x7a build/stm32f4xx_hal_flash.o
 .comment       0x00000079       0x7a build/stm32f4xx_hal_flash_ex.o
 .comment       0x00000079       0x7a build/stm32f4xx_hal_gpio.o
 .comment       0x00000079       0x7a build/stm32f4xx_hal_cortex.o
 .comment       0x00000079       0x7a build/stm32f4xx_hal.o
 .comment       0x00000079       0x7a build/system_stm32f4xx.o
 .comment       0x00000079       0x7a build/flash.o

.debug_frame    0x00000000     0x2324
 .debug_frame   0x00000000       0x60 build/main.o
 .debug_frame   0x00000060       0x28 build/gpio.o
 .debug_frame   0x00000088       0x98 build/usart.o
 .debug_frame   0x00000120       0xac build/stm32f4xx_it.o
 .debug_frame   0x000001cc       0x28 build/stm32f4xx_hal_msp.o
 .debug_frame   0x000001f4      0x670 build/stm32f4xx_hal_uart.o
 .debug_frame   0x00000864      0x1ac build/stm32f4xx_hal_rcc.o
 .debug_frame   0x00000a10      0x184 build/stm32f4xx_hal_flash.o
 .debug_frame   0x00000b94      0x220 build/stm32f4xx_hal_flash_ex.o
 .debug_frame   0x00000db4       0xec build/stm32f4xx_hal_gpio.o
 .debug_frame   0x00000ea0      0x16c build/stm32f4xx_hal_cortex.o
 .debug_frame   0x0000100c      0x200 build/stm32f4xx_hal.o
 .debug_frame   0x0000120c       0x30 build/system_stm32f4xx.o
 .debug_frame   0x0000123c       0x94 build/flash.o
 .debug_frame   0x000012d0       0x2c d:/vs_code_stm32/9 2019-q4-major/bin/../lib/gcc/arm-none-eabi/9.2.1/../../../../arm-none-eabi/lib/thumb/v7e-m+fp/hard\libc_nano.a(lib_a-init.o)
 .debug_frame   0x000012fc       0x20 d:/vs_code_stm32/9 2019-q4-major/bin/../lib/gcc/arm-none-eabi/9.2.1/../../../../arm-none-eabi/lib/thumb/v7e-m+fp/hard\libc_nano.a(lib_a-memset.o)
 .debug_frame   0x0000131c       0xa0 d:/vs_code_stm32/9 2019-q4-major/bin/../lib/gcc/arm-none-eabi/9.2.1/../../../../arm-none-eabi/lib/thumb/v7e-m+fp/hard\libc_nano.a(lib_a-nano-vfprintf_float.o)
 .debug_frame   0x000013bc       0x60 d:/vs_code_stm32/9 2019-q4-major/bin/../lib/gcc/arm-none-eabi/9.2.1/../../../../arm-none-eabi/lib/thumb/v7e-m+fp/hard\libc_nano.a(lib_a-nano-vfprintf_i.o)
 .debug_frame   0x0000141c       0x74 d:/vs_code_stm32/9 2019-q4-major/bin/../lib/gcc/arm-none-eabi/9.2.1/../../../../arm-none-eabi/lib/thumb/v7e-m+fp/hard\libc_nano.a(lib_a-printf.o)
 .debug_frame   0x00001490       0x3c d:/vs_code_stm32/9 2019-q4-major/bin/../lib/gcc/arm-none-eabi/9.2.1/../../../../arm-none-eabi/lib/thumb/v7e-m+fp/hard\libc_nano.a(lib_a-puts.o)
 .debug_frame   0x000014cc       0x40 d:/vs_code_stm32/9 2019-q4-major/bin/../lib/gcc/arm-none-eabi/9.2.1/../../../../arm-none-eabi/lib/thumb/v7e-m+fp/hard\libc_nano.a(lib_a-wbuf.o)
 .debug_frame   0x0000150c       0x2c d:/vs_code_stm32/9 2019-q4-major/bin/../lib/gcc/arm-none-eabi/9.2.1/../../../../arm-none-eabi/lib/thumb/v7e-m+fp/hard\libc_nano.a(lib_a-wsetup.o)
 .debug_frame   0x00001538       0x7c d:/vs_code_stm32/9 2019-q4-major/bin/../lib/gcc/arm-none-eabi/9.2.1/../../../../arm-none-eabi/lib/thumb/v7e-m+fp/hard\libc_nano.a(lib_a-dtoa.o)
 .debug_frame   0x000015b4       0x5c d:/vs_code_stm32/9 2019-q4-major/bin/../lib/gcc/arm-none-eabi/9.2.1/../../../../arm-none-eabi/lib/thumb/v7e-m+fp/hard\libc_nano.a(lib_a-fflush.o)
 .debug_frame   0x00001610      0x14c d:/vs_code_stm32/9 2019-q4-major/bin/../lib/gcc/arm-none-eabi/9.2.1/../../../../arm-none-eabi/lib/thumb/v7e-m+fp/hard\libc_nano.a(lib_a-findfp.o)
 .debug_frame   0x0000175c       0x54 d:/vs_code_stm32/9 2019-q4-major/bin/../lib/gcc/arm-none-eabi/9.2.1/../../../../arm-none-eabi/lib/thumb/v7e-m+fp/hard\libc_nano.a(lib_a-fwalk.o)
 .debug_frame   0x000017b0       0x40 d:/vs_code_stm32/9 2019-q4-major/bin/../lib/gcc/arm-none-eabi/9.2.1/../../../../arm-none-eabi/lib/thumb/v7e-m+fp/hard\libc_nano.a(lib_a-localeconv.o)
 .debug_frame   0x000017f0       0xb0 d:/vs_code_stm32/9 2019-q4-major/bin/../lib/gcc/arm-none-eabi/9.2.1/../../../../arm-none-eabi/lib/thumb/v7e-m+fp/hard\libc_nano.a(lib_a-lock.o)
 .debug_frame   0x000018a0       0x58 d:/vs_code_stm32/9 2019-q4-major/bin/../lib/gcc/arm-none-eabi/9.2.1/../../../../arm-none-eabi/lib/thumb/v7e-m+fp/hard\libc_nano.a(lib_a-makebuf.o)
 .debug_frame   0x000018f8       0x30 d:/vs_code_stm32/9 2019-q4-major/bin/../lib/gcc/arm-none-eabi/9.2.1/../../../../arm-none-eabi/lib/thumb/v7e-m+fp/hard\libc_nano.a(lib_a-malloc.o)
 .debug_frame   0x00001928       0x28 d:/vs_code_stm32/9 2019-q4-major/bin/../lib/gcc/arm-none-eabi/9.2.1/../../../../arm-none-eabi/lib/thumb/v7e-m+fp/hard\libc_nano.a(lib_a-memcpy-stub.o)
 .debug_frame   0x00001950      0x25c d:/vs_code_stm32/9 2019-q4-major/bin/../lib/gcc/arm-none-eabi/9.2.1/../../../../arm-none-eabi/lib/thumb/v7e-m+fp/hard\libc_nano.a(lib_a-mprec.o)
 .debug_frame   0x00001bac       0x2c d:/vs_code_stm32/9 2019-q4-major/bin/../lib/gcc/arm-none-eabi/9.2.1/../../../../arm-none-eabi/lib/thumb/v7e-m+fp/hard\libc_nano.a(lib_a-nano-callocr.o)
 .debug_frame   0x00001bd8       0x38 d:/vs_code_stm32/9 2019-q4-major/bin/../lib/gcc/arm-none-eabi/9.2.1/../../../../arm-none-eabi/lib/thumb/v7e-m+fp/hard\libc_nano.a(lib_a-nano-freer.o)
 .debug_frame   0x00001c10       0x30 d:/vs_code_stm32/9 2019-q4-major/bin/../lib/gcc/arm-none-eabi/9.2.1/../../../../arm-none-eabi/lib/thumb/v7e-m+fp/hard\libc_nano.a(lib_a-nano-mallocr.o)
 .debug_frame   0x00001c40       0xac d:/vs_code_stm32/9 2019-q4-major/bin/../lib/gcc/arm-none-eabi/9.2.1/../../../../arm-none-eabi/lib/thumb/v7e-m+fp/hard\libc_nano.a(lib_a-nano-vfprintf.o)
 .debug_frame   0x00001cec       0x2c d:/vs_code_stm32/9 2019-q4-major/bin/../lib/gcc/arm-none-eabi/9.2.1/../../../../arm-none-eabi/lib/thumb/v7e-m+fp/hard\libc_nano.a(lib_a-sbrkr.o)
 .debug_frame   0x00001d18       0x88 d:/vs_code_stm32/9 2019-q4-major/bin/../lib/gcc/arm-none-eabi/9.2.1/../../../../arm-none-eabi/lib/thumb/v7e-m+fp/hard\libc_nano.a(lib_a-stdio.o)
 .debug_frame   0x00001da0       0x2c d:/vs_code_stm32/9 2019-q4-major/bin/../lib/gcc/arm-none-eabi/9.2.1/../../../../arm-none-eabi/lib/thumb/v7e-m+fp/hard\libc_nano.a(lib_a-writer.o)
 .debug_frame   0x00001dcc       0x2c d:/vs_code_stm32/9 2019-q4-major/bin/../lib/gcc/arm-none-eabi/9.2.1/../../../../arm-none-eabi/lib/thumb/v7e-m+fp/hard\libc_nano.a(lib_a-closer.o)
 .debug_frame   0x00001df8       0x2c d:/vs_code_stm32/9 2019-q4-major/bin/../lib/gcc/arm-none-eabi/9.2.1/../../../../arm-none-eabi/lib/thumb/v7e-m+fp/hard\libc_nano.a(lib_a-fstatr.o)
 .debug_frame   0x00001e24       0x2c d:/vs_code_stm32/9 2019-q4-major/bin/../lib/gcc/arm-none-eabi/9.2.1/../../../../arm-none-eabi/lib/thumb/v7e-m+fp/hard\libc_nano.a(lib_a-isattyr.o)
 .debug_frame   0x00001e50       0x48 d:/vs_code_stm32/9 2019-q4-major/bin/../lib/gcc/arm-none-eabi/9.2.1/../../../../arm-none-eabi/lib/thumb/v7e-m+fp/hard\libc_nano.a(lib_a-locale.o)
 .debug_frame   0x00001e98       0x2c d:/vs_code_stm32/9 2019-q4-major/bin/../lib/gcc/arm-none-eabi/9.2.1/../../../../arm-none-eabi/lib/thumb/v7e-m+fp/hard\libc_nano.a(lib_a-lseekr.o)
 .debug_frame   0x00001ec4       0x48 d:/vs_code_stm32/9 2019-q4-major/bin/../lib/gcc/arm-none-eabi/9.2.1/../../../../arm-none-eabi/lib/thumb/v7e-m+fp/hard\libc_nano.a(lib_a-mbtowc_r.o)
 .debug_frame   0x00001f0c       0x30 d:/vs_code_stm32/9 2019-q4-major/bin/../lib/gcc/arm-none-eabi/9.2.1/../../../../arm-none-eabi/lib/thumb/v7e-m+fp/hard\libc_nano.a(lib_a-mlock.o)
 .debug_frame   0x00001f3c       0x2c d:/vs_code_stm32/9 2019-q4-major/bin/../lib/gcc/arm-none-eabi/9.2.1/../../../../arm-none-eabi/lib/thumb/v7e-m+fp/hard\libc_nano.a(lib_a-readr.o)
 .debug_frame   0x00001f68       0x5c d:/vs_code_stm32/9 2019-q4-major/bin/../lib/gcc/arm-none-eabi/9.2.1/../../../../arm-none-eabi/lib/thumb/v7e-m+fp/hard\libc_nano.a(lib_a-reent.o)
 .debug_frame   0x00001fc4       0x3c d:/vs_code_stm32/9 2019-q4-major/bin/../lib/gcc/arm-none-eabi/9.2.1/../../../../arm-none-eabi/lib/thumb/v7e-m+fp/hard\libc_nano.a(lib_a-wctomb_r.o)
 .debug_frame   0x00002000       0x20 d:/vs_code_stm32/9 2019-q4-major/bin/../lib/gcc/arm-none-eabi/9.2.1/../../../../arm-none-eabi/lib/thumb/v7e-m+fp/hard\libnosys.a(close.o)
 .debug_frame   0x00002020       0x20 d:/vs_code_stm32/9 2019-q4-major/bin/../lib/gcc/arm-none-eabi/9.2.1/../../../../arm-none-eabi/lib/thumb/v7e-m+fp/hard\libnosys.a(fstat.o)
 .debug_frame   0x00002040       0x20 d:/vs_code_stm32/9 2019-q4-major/bin/../lib/gcc/arm-none-eabi/9.2.1/../../../../arm-none-eabi/lib/thumb/v7e-m+fp/hard\libnosys.a(isatty.o)
 .debug_frame   0x00002060       0x20 d:/vs_code_stm32/9 2019-q4-major/bin/../lib/gcc/arm-none-eabi/9.2.1/../../../../arm-none-eabi/lib/thumb/v7e-m+fp/hard\libnosys.a(lseek.o)
 .debug_frame   0x00002080       0x20 d:/vs_code_stm32/9 2019-q4-major/bin/../lib/gcc/arm-none-eabi/9.2.1/../../../../arm-none-eabi/lib/thumb/v7e-m+fp/hard\libnosys.a(read.o)
 .debug_frame   0x000020a0       0x20 d:/vs_code_stm32/9 2019-q4-major/bin/../lib/gcc/arm-none-eabi/9.2.1/../../../../arm-none-eabi/lib/thumb/v7e-m+fp/hard\libnosys.a(sbrk.o)
 .debug_frame   0x000020c0       0xac d:/vs_code_stm32/9 2019-q4-major/bin/../lib/gcc/arm-none-eabi/9.2.1/thumb/v7e-m+fp/hard\libgcc.a(_arm_addsubdf3.o)
 .debug_frame   0x0000216c       0x50 d:/vs_code_stm32/9 2019-q4-major/bin/../lib/gcc/arm-none-eabi/9.2.1/thumb/v7e-m+fp/hard\libgcc.a(_arm_muldivdf3.o)
 .debug_frame   0x000021bc       0xc4 d:/vs_code_stm32/9 2019-q4-major/bin/../lib/gcc/arm-none-eabi/9.2.1/thumb/v7e-m+fp/hard\libgcc.a(_arm_cmpdf2.o)
 .debug_frame   0x00002280       0x20 d:/vs_code_stm32/9 2019-q4-major/bin/../lib/gcc/arm-none-eabi/9.2.1/thumb/v7e-m+fp/hard\libgcc.a(_arm_unorddf2.o)
 .debug_frame   0x000022a0       0x24 d:/vs_code_stm32/9 2019-q4-major/bin/../lib/gcc/arm-none-eabi/9.2.1/thumb/v7e-m+fp/hard\libgcc.a(_arm_fixdfsi.o)
 .debug_frame   0x000022c4       0x2c d:/vs_code_stm32/9 2019-q4-major/bin/../lib/gcc/arm-none-eabi/9.2.1/thumb/v7e-m+fp/hard\libgcc.a(_aeabi_uldivmod.o)
 .debug_frame   0x000022f0       0x34 d:/vs_code_stm32/9 2019-q4-major/bin/../lib/gcc/arm-none-eabi/9.2.1/thumb/v7e-m+fp/hard\libgcc.a(_udivmoddi4.o)

.stab           0x00000000       0x84
 .stab          0x00000000       0x24 d:/vs_code_stm32/9 2019-q4-major/bin/../lib/gcc/arm-none-eabi/9.2.1/../../../../arm-none-eabi/lib/thumb/v7e-m+fp/hard\libnosys.a(close.o)
 .stab          0x00000024       0x18 d:/vs_code_stm32/9 2019-q4-major/bin/../lib/gcc/arm-none-eabi/9.2.1/../../../../arm-none-eabi/lib/thumb/v7e-m+fp/hard\libnosys.a(fstat.o)
                                 0x24 (size before relaxing)
 .stab          0x0000003c       0x18 d:/vs_code_stm32/9 2019-q4-major/bin/../lib/gcc/arm-none-eabi/9.2.1/../../../../arm-none-eabi/lib/thumb/v7e-m+fp/hard\libnosys.a(isatty.o)
                                 0x24 (size before relaxing)
 .stab          0x00000054       0x18 d:/vs_code_stm32/9 2019-q4-major/bin/../lib/gcc/arm-none-eabi/9.2.1/../../../../arm-none-eabi/lib/thumb/v7e-m+fp/hard\libnosys.a(lseek.o)
                                 0x24 (size before relaxing)
 .stab          0x0000006c       0x18 d:/vs_code_stm32/9 2019-q4-major/bin/../lib/gcc/arm-none-eabi/9.2.1/../../../../arm-none-eabi/lib/thumb/v7e-m+fp/hard\libnosys.a(read.o)
                                 0x24 (size before relaxing)

.stabstr        0x00000000      0x117
 .stabstr       0x00000000      0x117 d:/vs_code_stm32/9 2019-q4-major/bin/../lib/gcc/arm-none-eabi/9.2.1/../../../../arm-none-eabi/lib/thumb/v7e-m+fp/hard\libnosys.a(close.o)

Cross Reference Table

Symbol                                            File
ADC_IRQHandler                                    build/startup_stm32f401xc.o
AHBPrescTable                                     build/system_stm32f4xx.o
                                                  build/stm32f4xx_hal_rcc.o
APBPrescTable                                     build/system_stm32f4xx.o
                                                  build/stm32f4xx_hal_rcc.o
BusFault_Handler                                  build/stm32f4xx_it.o
DMA1_Stream0_IRQHandler                           build/startup_stm32f401xc.o
DMA1_Stream1_IRQHandler                           build/startup_stm32f401xc.o
DMA1_Stream2_IRQHandler                           build/startup_stm32f401xc.o
DMA1_Stream3_IRQHandler                           build/startup_stm32f401xc.o
DMA1_Stream4_IRQHandler                           build/startup_stm32f401xc.o
DMA1_Stream5_IRQHandler                           build/startup_stm32f401xc.o
DMA1_Stream6_IRQHandler                           build/startup_stm32f401xc.o
DMA1_Stream7_IRQHandler                           build/startup_stm32f401xc.o
DMA2_Stream0_IRQHandler                           build/startup_stm32f401xc.o
DMA2_Stream1_IRQHandler                           build/startup_stm32f401xc.o
DMA2_Stream2_IRQHandler                           build/startup_stm32f401xc.o
DMA2_Stream3_IRQHandler                           build/startup_stm32f401xc.o
DMA2_Stream4_IRQHandler                           build/startup_stm32f401xc.o
DMA2_Stream5_IRQHandler                           build/startup_stm32f401xc.o
DMA2_Stream6_IRQHandler                           build/startup_stm32f401xc.o
DMA2_Stream7_IRQHandler                           build/startup_stm32f401xc.o
DebugMon_Handler                                  build/stm32f4xx_it.o
Default_Handler                                   build/startup_stm32f401xc.o
EXTI0_IRQHandler                                  build/startup_stm32f401xc.o
EXTI15_10_IRQHandler                              build/startup_stm32f401xc.o
EXTI1_IRQHandler                                  build/startup_stm32f401xc.o
EXTI2_IRQHandler                                  build/startup_stm32f401xc.o
EXTI3_IRQHandler                                  build/startup_stm32f401xc.o
EXTI4_IRQHandler                                  build/startup_stm32f401xc.o
EXTI9_5_IRQHandler                                build/startup_stm32f401xc.o
Error_Handler                                     build/main.o
                                                  build/usart.o
FLASH_Erase_Sector                                build/stm32f4xx_hal_flash_ex.o
                                                  build/stm32f4xx_hal_flash.o
FLASH_FlushCaches                                 build/stm32f4xx_hal_flash_ex.o
                                                  build/stm32f4xx_hal_flash.o
FLASH_IRQHandler                                  build/startup_stm32f401xc.o
FLASH_WaitForLastOperation                        build/stm32f4xx_hal_flash.o
                                                  build/stm32f4xx_hal_flash_ex.o
FPU_IRQHandler                                    build/startup_stm32f401xc.o
FlashEraseSector5                                 build/flash.o
FlashRead                                         build/flash.o
                                                  build/main.o
FlashWrite                                        build/flash.o
                                                  build/main.o
FlashWriteWithoutErase                            build/flash.o
HAL_DBGMCU_DisableDBGSleepMode                    build/stm32f4xx_hal.o
HAL_DBGMCU_DisableDBGStandbyMode                  build/stm32f4xx_hal.o
HAL_DBGMCU_DisableDBGStopMode                     build/stm32f4xx_hal.o
HAL_DBGMCU_EnableDBGSleepMode                     build/stm32f4xx_hal.o
HAL_DBGMCU_EnableDBGStandbyMode                   build/stm32f4xx_hal.o
HAL_DBGMCU_EnableDBGStopMode                      build/stm32f4xx_hal.o
HAL_DMAEx_ChangeMemory                            build/stm32f4xx_hal_dma_ex.o
HAL_DMAEx_MultiBufferStart                        build/stm32f4xx_hal_dma_ex.o
HAL_DMAEx_MultiBufferStart_IT                     build/stm32f4xx_hal_dma_ex.o
HAL_DMA_Abort                                     build/stm32f4xx_hal_dma.o
                                                  build/stm32f4xx_hal_uart.o
HAL_DMA_Abort_IT                                  build/stm32f4xx_hal_dma.o
                                                  build/stm32f4xx_hal_uart.o
HAL_DMA_DeInit                                    build/stm32f4xx_hal_dma.o
HAL_DMA_GetError                                  build/stm32f4xx_hal_dma.o
                                                  build/stm32f4xx_hal_uart.o
HAL_DMA_GetState                                  build/stm32f4xx_hal_dma.o
HAL_DMA_IRQHandler                                build/stm32f4xx_hal_dma.o
HAL_DMA_Init                                      build/stm32f4xx_hal_dma.o
HAL_DMA_PollForTransfer                           build/stm32f4xx_hal_dma.o
HAL_DMA_RegisterCallback                          build/stm32f4xx_hal_dma.o
HAL_DMA_Start                                     build/stm32f4xx_hal_dma.o
HAL_DMA_Start_IT                                  build/stm32f4xx_hal_dma.o
                                                  build/stm32f4xx_hal_uart.o
HAL_DMA_UnRegisterCallback                        build/stm32f4xx_hal_dma.o
HAL_DeInit                                        build/stm32f4xx_hal.o
HAL_Delay                                         build/stm32f4xx_hal.o
HAL_DisableCompensationCell                       build/stm32f4xx_hal.o
HAL_EXTI_ClearConfigLine                          build/stm32f4xx_hal_exti.o
HAL_EXTI_ClearPending                             build/stm32f4xx_hal_exti.o
HAL_EXTI_GenerateSWI                              build/stm32f4xx_hal_exti.o
HAL_EXTI_GetConfigLine                            build/stm32f4xx_hal_exti.o
HAL_EXTI_GetHandle                                build/stm32f4xx_hal_exti.o
HAL_EXTI_GetPending                               build/stm32f4xx_hal_exti.o
HAL_EXTI_IRQHandler                               build/stm32f4xx_hal_exti.o
HAL_EXTI_RegisterCallback                         build/stm32f4xx_hal_exti.o
HAL_EXTI_SetConfigLine                            build/stm32f4xx_hal_exti.o
HAL_EnableCompensationCell                        build/stm32f4xx_hal.o
HAL_FLASHEx_AdvOBGetConfig                        build/stm32f4xx_hal_flash_ex.o
HAL_FLASHEx_AdvOBProgram                          build/stm32f4xx_hal_flash_ex.o
HAL_FLASHEx_Erase                                 build/stm32f4xx_hal_flash_ex.o
                                                  build/flash.o
HAL_FLASHEx_Erase_IT                              build/stm32f4xx_hal_flash_ex.o
HAL_FLASHEx_OBGetConfig                           build/stm32f4xx_hal_flash_ex.o
HAL_FLASHEx_OBProgram                             build/stm32f4xx_hal_flash_ex.o
HAL_FLASHEx_OB_DeSelectPCROP                      build/stm32f4xx_hal_flash_ex.o
HAL_FLASHEx_OB_SelectPCROP                        build/stm32f4xx_hal_flash_ex.o
HAL_FLASH_EndOfOperationCallback                  build/stm32f4xx_hal_flash.o
HAL_FLASH_GetError                                build/stm32f4xx_hal_flash.o
HAL_FLASH_IRQHandler                              build/stm32f4xx_hal_flash.o
HAL_FLASH_Lock                                    build/stm32f4xx_hal_flash.o
                                                  build/flash.o
HAL_FLASH_OB_Launch                               build/stm32f4xx_hal_flash.o
HAL_FLASH_OB_Lock                                 build/stm32f4xx_hal_flash.o
HAL_FLASH_OB_Unlock                               build/stm32f4xx_hal_flash.o
HAL_FLASH_OperationErrorCallback                  build/stm32f4xx_hal_flash.o
HAL_FLASH_Program                                 build/stm32f4xx_hal_flash.o
                                                  build/flash.o
HAL_FLASH_Program_IT                              build/stm32f4xx_hal_flash.o
HAL_FLASH_Unlock                                  build/stm32f4xx_hal_flash.o
                                                  build/flash.o
HAL_GPIO_DeInit                                   build/stm32f4xx_hal_gpio.o
                                                  build/usart.o
HAL_GPIO_EXTI_Callback                            build/stm32f4xx_hal_gpio.o
HAL_GPIO_EXTI_IRQHandler                          build/stm32f4xx_hal_gpio.o
HAL_GPIO_Init                                     build/stm32f4xx_hal_gpio.o
                                                  build/stm32f4xx_hal_rcc.o
                                                  build/usart.o
HAL_GPIO_LockPin                                  build/stm32f4xx_hal_gpio.o
HAL_GPIO_ReadPin                                  build/stm32f4xx_hal_gpio.o
HAL_GPIO_TogglePin                                build/stm32f4xx_hal_gpio.o
HAL_GPIO_WritePin                                 build/stm32f4xx_hal_gpio.o
HAL_GetDEVID                                      build/stm32f4xx_hal.o
HAL_GetHalVersion                                 build/stm32f4xx_hal.o
HAL_GetREVID                                      build/stm32f4xx_hal.o
HAL_GetTick                                       build/stm32f4xx_hal.o
                                                  build/stm32f4xx_hal_pwr_ex.o
                                                  build/stm32f4xx_hal_dma.o
                                                  build/stm32f4xx_hal_flash.o
                                                  build/stm32f4xx_hal_rcc_ex.o
                                                  build/stm32f4xx_hal_rcc.o
                                                  build/stm32f4xx_hal_uart.o
HAL_GetTickFreq                                   build/stm32f4xx_hal.o
HAL_GetTickPrio                                   build/stm32f4xx_hal.o
HAL_GetUIDw0                                      build/stm32f4xx_hal.o
HAL_GetUIDw1                                      build/stm32f4xx_hal.o
HAL_GetUIDw2                                      build/stm32f4xx_hal.o
HAL_HalfDuplex_EnableReceiver                     build/stm32f4xx_hal_uart.o
HAL_HalfDuplex_EnableTransmitter                  build/stm32f4xx_hal_uart.o
HAL_HalfDuplex_Init                               build/stm32f4xx_hal_uart.o
HAL_IncTick                                       build/stm32f4xx_hal.o
                                                  build/stm32f4xx_it.o
HAL_Init                                          build/stm32f4xx_hal.o
                                                  build/main.o
HAL_InitTick                                      build/stm32f4xx_hal.o
                                                  build/stm32f4xx_hal_rcc_ex.o
                                                  build/stm32f4xx_hal_rcc.o
HAL_LIN_Init                                      build/stm32f4xx_hal_uart.o
HAL_LIN_SendBreak                                 build/stm32f4xx_hal_uart.o
HAL_MPU_ConfigRegion                              build/stm32f4xx_hal_cortex.o
HAL_MPU_Disable                                   build/stm32f4xx_hal_cortex.o
HAL_MPU_Enable                                    build/stm32f4xx_hal_cortex.o
HAL_MspDeInit                                     build/stm32f4xx_hal.o
HAL_MspInit                                       build/stm32f4xx_hal_msp.o
HAL_MultiProcessor_EnterMuteMode                  build/stm32f4xx_hal_uart.o
HAL_MultiProcessor_ExitMuteMode                   build/stm32f4xx_hal_uart.o
HAL_MultiProcessor_Init                           build/stm32f4xx_hal_uart.o
HAL_NVIC_ClearPendingIRQ                          build/stm32f4xx_hal_cortex.o
HAL_NVIC_DisableIRQ                               build/stm32f4xx_hal_cortex.o
HAL_NVIC_EnableIRQ                                build/stm32f4xx_hal_cortex.o
HAL_NVIC_GetActive                                build/stm32f4xx_hal_cortex.o
HAL_NVIC_GetPendingIRQ                            build/stm32f4xx_hal_cortex.o
HAL_NVIC_GetPriority                              build/stm32f4xx_hal_cortex.o
HAL_NVIC_GetPriorityGrouping                      build/stm32f4xx_hal_cortex.o
HAL_NVIC_SetPendingIRQ                            build/stm32f4xx_hal_cortex.o
HAL_NVIC_SetPriority                              build/stm32f4xx_hal_cortex.o
                                                  build/stm32f4xx_hal.o
HAL_NVIC_SetPriorityGrouping                      build/stm32f4xx_hal_cortex.o
                                                  build/stm32f4xx_hal.o
HAL_NVIC_SystemReset                              build/stm32f4xx_hal_cortex.o
HAL_PWREx_ControlVoltageScaling                   build/stm32f4xx_hal_pwr_ex.o
HAL_PWREx_DisableBkUpReg                          build/stm32f4xx_hal_pwr_ex.o
HAL_PWREx_DisableFlashPowerDown                   build/stm32f4xx_hal_pwr_ex.o
HAL_PWREx_DisableLowRegulatorLowVoltage           build/stm32f4xx_hal_pwr_ex.o
HAL_PWREx_DisableMainRegulatorLowVoltage          build/stm32f4xx_hal_pwr_ex.o
HAL_PWREx_EnableBkUpReg                           build/stm32f4xx_hal_pwr_ex.o
HAL_PWREx_EnableFlashPowerDown                    build/stm32f4xx_hal_pwr_ex.o
HAL_PWREx_EnableLowRegulatorLowVoltage            build/stm32f4xx_hal_pwr_ex.o
HAL_PWREx_EnableMainRegulatorLowVoltage           build/stm32f4xx_hal_pwr_ex.o
HAL_PWREx_GetVoltageRange                         build/stm32f4xx_hal_pwr_ex.o
HAL_PWR_ConfigPVD                                 build/stm32f4xx_hal_pwr.o
HAL_PWR_DeInit                                    build/stm32f4xx_hal_pwr.o
HAL_PWR_DisableBkUpAccess                         build/stm32f4xx_hal_pwr.o
HAL_PWR_DisablePVD                                build/stm32f4xx_hal_pwr.o
HAL_PWR_DisableSEVOnPend                          build/stm32f4xx_hal_pwr.o
HAL_PWR_DisableSleepOnExit                        build/stm32f4xx_hal_pwr.o
HAL_PWR_DisableWakeUpPin                          build/stm32f4xx_hal_pwr.o